******************************************************************************
               TMS320C6x Linker PC v7.3.4                      
******************************************************************************
>> Linked Wed Mar 18 02:29:47 2015

OUTPUT FILE NAME:   <crossCoreTensorMultiplication.out>
ENTRY POINT SYMBOL: "_c_int00"  address: 0084be00


MEMORY CONFIGURATION

         name            origin    length      used     unused   attr    fill
----------------------  --------  ---------  --------  --------  ----  --------
  L2SRAM                00800000   00080000  0006823a  00017dc6  RW X
  MSMCSRAM              0c000000   00200000  000ffffd  00100003  RW X
  DDR3                  80000000   80000000  18000040  67ffffc0  RW X


SEGMENT ALLOCATION MAP

run origin  load origin   length   init length attrs members
----------  ----------- ---------- ----------- ----- -------
00800000    00800000    00051260   00051260    r-x
  00800000    00800000    00051260   00051260    r-x .text
00851260    00851260    00009038   00000000    rw-
  00851260    00851260    00009038   00000000    rw- .far.1
0085a2a0    0085a2a0    000003a8   00000000    rw-
  0085a2a0    0085a2a0    000003a8   00000000    rw- .far.2
0085a650    0085a650    00000020   00000000    rw-
  0085a650    0085a650    00000020   00000000    rw- .far.3
0085a670    0085a670    00004262   00004262    r--
  0085a670    0085a670    00004262   00004262    r-- .const
0085e8d4    0085e8d4    00000004   00000000    rw-
  0085e8d4    0085e8d4    00000004   00000000    rw- .bss
0085e8d8    0085e8d8    00000004   00000004    rw-
  0085e8d8    0085e8d8    00000004   00000004    rw- .neardata
0085e8dc    0085e8dc    00003220   00003220    r--
  0085e8dc    0085e8dc    00003220   00003220    r-- .rodata
00861b00    00861b00    00001578   00001578    rw-
  00861b00    00861b00    00001578   00001578    rw- .fardata.1
00863080    00863080    000001d8   000001d8    rw-
  00863080    00863080    000001d8   000001d8    rw- .fardata.2
00863260    00863260    00000018   00000018    rw-
  00863260    00863260    00000018   00000018    rw- .fardata.3
00863280    00863280    00000048   00000048    rw-
  00863280    00863280    00000048   00000048    rw- .fardata.4
008632d0    008632d0    00000008   00000008    rw-
  008632d0    008632d0    00000008   00000008    rw- .fardata.5
008632e0    008632e0    00000004   00000004    rw-
  008632e0    008632e0    00000004   00000004    rw- .fardata.6
008632f0    008632f0    00000004   00000004    rw-
  008632f0    008632f0    00000004   00000004    rw- .fardata.7
00863300    00863300    00000004   00000004    rw-
  00863300    00863300    00000004   00000004    rw- .fardata.8
00863310    00863310    00000004   00000004    rw-
  00863310    00863310    00000004   00000004    rw- .fardata.9
00863320    00863320    00000004   00000004    rw-
  00863320    00863320    00000004   00000004    rw- .fardata.10
00863330    00863330    00000004   00000004    rw-
  00863330    00863330    00000004   00000004    rw- .fardata.11
00863340    00863340    00000004   00000004    rw-
  00863340    00863340    00000004   00000004    rw- .fardata.12
00863350    00863350    00000004   00000004    rw-
  00863350    00863350    00000004   00000004    rw- .fardata.13
00863360    00863360    00000004   00000004    rw-
  00863360    00863360    00000004   00000004    rw- .fardata.14
00863370    00863370    00000004   00000004    rw-
  00863370    00863370    00000004   00000004    rw- .fardata.15
00863380    00863380    00000004   00000004    rw-
  00863380    00863380    00000004   00000004    rw- .fardata.16
00863388    00863388    00001000   00000000    rw-
  00863388    00863388    00001000   00000000    rw- .stack
00864388    00864388    00000030   00000030    r--
  00864388    00864388    00000030   00000030    r-- .switch
00864400    00864400    00000200   00000200    r-x
  00864400    00864400    00000200   00000200    r-x .vecs
00864600    00864600    00000120   00000000    rw-
  00864600    00864600    00000120   00000000    rw- .cio
00864720    00864720    00003c1c   00003c1c    r--
  00864720    00864720    00003c1c   00003c1c    r-- .cinit
0c0ffffc    0c0ffffc    00000001   00000001    rw-
  0c0ffffc    0c0ffffc    00000001   00000001    rw- .MSMCSRAM
80000000    80000000    18000040   00000000    rw-
  80000000    80000000    18000040   00000000    rw- .mySharedMem


SECTION ALLOCATION MAP

 output                                  attributes/
section   page    origin      length       input sections
--------  ----  ----------  ----------   ----------------
.init_array 
*          0    00800000    00000000     UNINITIALIZED

xdc.meta   0    00800000    00000138     COPY SECTION
                  00800000    00000138     modelPreesm_pe66.oe66 (xdc.meta)

.text      0    00800000    00051260     
                  00800000    0000ba40     Core1.obj (.text)
                  0080ba40    00009740     Core7.obj (.text)
                  00815180    00003f60     Core0.obj (.text)
                  008190e0    00003220     Core5.obj (.text)
                  0081c300    00003160     Core3.obj (.text)
                  0081f460    00003140     Core2.obj (.text)
                  008225a0    000030c0     Core4.obj (.text)
                  00825660    000030c0     Core6.obj (.text)
                  00828720    000011c0     ipc.lib : Ipc.obj (.text:ti_sdo_ipc_GateMP_Instance_init__F)
                  008298e0    00000a60             : Ipc.obj (.text:ti_sdo_ipc_heaps_HeapMemMP_alloc__E)
                  0082a340    000009e0             : Ipc.obj (.text:ti_sdo_ipc_heaps_HeapMemMP_free__E)
                  0082ad20    000009a0             : Ipc.obj (.text:Ipc_attach)
                  0082b6c0    000009a0     ti.targets.rts6000.ae66 : System.oe66 (.text:xdc_runtime_System_doPrint__I)
                  0082c060    00000920     ipc.lib : Ipc.obj (.text:ti_sdo_ipc_transports_TransportShm_Instance_init__F)
                  0082c980    000008a0             : Ipc.obj (.text:ti_sdo_ipc_ListMP_Instance_init__F)
                  0082d220    00000860             : Ipc.obj (.text:ti_sdo_ipc_GateMP_Instance_finalize__F)
                  0082da80    00000840             : Ipc.obj (.text:MessageQ_put)
                  0082e2c0    00000780             : Ipc.obj (.text:ti_sdo_ipc_heaps_HeapMemMP_Instance_init__F)
                  0082ea40    00000780     sysbios.lib : BIOS.obj (.text:ti_sysbios_family_c64p_Exception_handler__I)
                  0082f1c0    00000700     ipc.lib : Ipc.obj (.text:Notify_registerEvent)
                  0082f8c0    000006c0             : Ipc.obj (.text:ti_sdo_ipc_nsremote_NameServerRemoteNotify_Instance_init__F)
                  0082ff80    000006a0             : Ipc.obj (.text:NameServer_add)
                  00830620    00000660     sysbios.lib : BIOS.obj (.text:ti_sysbios_heaps_HeapMem_free__E)
                  00830c80    00000620     ipc.lib : Ipc.obj (.text:Notify_sendEvent)
                  008312a0    00000620     sysbios.lib : BIOS.obj (.text:ti_sysbios_heaps_HeapMem_alloc__E)
                  008318c0    000005e0     ipc.lib : Ipc.obj (.text:Notify_registerEventSingle)
                  00831ea0    000005c0             : Ipc.obj (.text:ListMP_getHead)
                  00832460    000005c0             : Ipc.obj (.text:Notify_unregisterEventSingle)
                  00832a20    000005c0     rts6600_elf.lib : divd.obj (.text:__c6xabi_divd)
                  00832fe0    000005c0                     : _printfi.obj (.text:_getarg_diouxp)
                  008335a0    000005c0     ipc.lib : Ipc.obj (.text:ti_sdo_ipc_SharedRegion_start__F)
                  00833b60    000005c0     sysbios.lib : BIOS.obj (.text:ti_sysbios_timers_timer64_Timer_Module_startup__F)
                  00834120    00000580     ipc.lib : Ipc.obj (.text:ti_sdo_ipc_nsremote_NameServerRemoteNotify_get__F)
                  008346a0    00000580             : Ipc.obj (.text:ti_sdo_ipc_transports_TransportShm_put__E)
                  00834c20    00000560             : Ipc.obj (.text:NameServer_get)
                  00835180    00000540             : Ipc.obj (.text:ti_sdo_ipc_Ipc_procSyncStart__I)
                  008356c0    000004e0             : Ipc.obj (.text:ti_sdo_ipc_notifyDrivers_NotifyDriverShm_Instance_init__F)
                  00835ba0    000004a0     cache.obj (.text)
                  00836040    000004a0     semaphore6678.obj (.text)
                  008364e0    000004a0     ipc.lib : Ipc.obj (.text:ti_sdo_ipc_gates_GatePeterson_Instance_init__F)
                  00836980    00000480     rts6600_elf.lib : _printfi.obj (.text:_setfield)
                  00836e00    00000460                     : _printfi.obj (.text:_printfi)
                  00837260    00000460     ipc.lib : Ipc.obj (.text:ti_sdo_ipc_GateMP_setRegion0Reserved__F)
                  008376c0    00000460             : Ipc.obj (.text:ti_sdo_ipc_Ipc_procSyncFinish__I)
                  00837b20    00000440             : Ipc.obj (.text:ListMP_putTail)
                  00837f60    00000440             : Ipc.obj (.text:ti_sdo_ipc_heaps_HeapMemMP_getStats__E)
                  008383a0    00000440             : Ipc.obj (.text:ti_sdo_ipc_heaps_HeapMemMP_postInit__I)
                  008387e0    00000400             : Ipc.obj (.text:ti_sdo_ipc_Notify_Instance_init__F)
                  00838be0    00000400     sysbios.lib : BIOS.obj (.text:ti_sysbios_knl_Semaphore_pend__E)
                  00838fe0    000003c0     ipc.lib : Ipc.obj (.text:ti_sdo_ipc_SharedRegion_reserveMemory__F)
                  008393a0    000003c0     sysbios.lib : BIOS.obj (.text:ti_sysbios_knl_Task_setPri__E)
                  00839760    00000380     ipc.lib : Ipc.obj (.text:HeapMemMP_sharedMemReq)
                  00839ae0    00000380     communication.obj (.text)
                  00839e60    00000340     ipc.lib : Ipc.obj (.text:GateMP_sharedMemReq)
                  0083a1a0    00000340             : Ipc.obj (.text:ti_sdo_ipc_nsremote_NameServerRemoteNotify_swiFxn__I)
                  0083a4e0    00000300             : Ipc.obj (.text:GateMP_openByAddr)
                  0083a7e0    00000300     rts6600_elf.lib : fputs.obj (.text:fputs)
                  0083aae0    00000300     ipc.lib : Ipc.obj (.text:ti_sdo_ipc_transports_TransportShm_openByAddr__F)
                  0083ade0    00000300     sysbios.lib : BIOS.obj (.text:ti_sysbios_family_c64p_Hwi_dispatchC__I)
                  0083b0e0    000002e0     ipc.lib : Ipc.obj (.text:SharedRegion_getEntry)
                  0083b3c0    000002e0             : Ipc.obj (.text:SharedRegion_getPtr)
                  0083b6a0    000002e0     rts6600_elf.lib : _printfi.obj (.text:_pproc_fwp)
                  0083b980    000002e0     sysbios.lib : BIOS.obj (.text:ti_sysbios_gates_GateMutexPri_enter__E)
                  0083bc60    000002e0                 : BIOS.obj (.text:ti_sysbios_knl_Task_Module_startup__F)
                  0083bf40    000002c0     rts6600_elf.lib : _printfi.obj (.text:_pproc_fge)
                  0083c200    000002c0     ipc.lib : Ipc.obj (.text:ti_sdo_ipc_notifyDrivers_NotifyDriverShm_isr__I)
                  0083c4c0    000002a0             : Ipc.obj (.text:Ipc_start)
                  0083c760    000002a0             : Ipc.obj (.text:NameServer_getLocal)
                  0083ca00    000002a0     rts6600_elf.lib : _printfi.obj (.text:fcvt)
                  0083cca0    000002a0     sysbios.lib : BIOS.obj (.text:ti_sysbios_knl_Clock_workFunc__E)
                  0083cf40    000002a0                 : BIOS.obj (.text:ti_sysbios_knl_Task_sleep__E)
                  0083d1e0    00000280     ipc.lib : Ipc.obj (.text:SharedRegion_getSRPtr)
                  0083d460    00000280     sysbios.lib : BIOS.obj (.text:deviceConfig$44)
                  0083d6e0    00000280     rts6600_elf.lib : _printfi.obj (.text:ecvt)
                  0083d960    00000280     ipc.lib : Ipc.obj (.text:ti_sdo_ipc_notifyDrivers_NotifyDriverShm_sharedMemReq__F)
                  0083dbe0    00000280     sysbios.lib : BIOS.obj (.text:ti_sysbios_knl_Clock_Instance_init__F)
                  0083de60    00000280                 : BIOS.obj (.text:ti_sysbios_knl_Task_exit__E)
                  0083e0e0    00000280     ti.targets.rts6000.ae66 : Core-mem.oe66 (.text:xdc_runtime_Core_createObject__I)
                  0083e360    00000280                             : Error.oe66 (.text:xdc_runtime_Error_raiseX__F)
                  0083e5e0    00000260     ipc.lib : Ipc.obj (.text:ListMP_sharedMemReq)
                  0083e840    00000260             : Ipc.obj (.text:ti_sdo_ipc_ListMP_Instance_finalize__F)
                  0083eaa0    00000260             : Ipc.obj (.text:ti_sdo_ipc_heaps_HeapMemMP_Instance_finalize__F)
                  0083ed00    00000260             : Ipc.obj (.text:ti_sdo_ipc_notifyDrivers_NotifyDriverShm_disableEvent__E)
                  0083ef60    00000260     ti.targets.rts6000.ae66 : Startup.oe66 (.text:xdc_runtime_Startup_startMods__I)
                  0083f1c0    00000260     modelPreesm_pe66.oe66 (.text:xdc_runtime_System_printfExtend__I)
                  0083f420    00000240     rts6600_elf.lib : imath64.obj (.text:__c6xabi_divull)
                  0083f660    00000240                     : _printfi.obj (.text:_pconv_e)
                  0083f8a0    00000240                     : _printfi.obj (.text:_pproc_diouxp)
                  0083fae0    00000240     sysbios.lib : BIOS.obj (.text:ti_sysbios_family_c64p_Exception_internalHandler__I)
                  0083fd20    00000240                 : BIOS.obj (.text:ti_sysbios_knl_Semaphore_post__E)
                  0083ff60    00000220     rts6600_elf.lib : _printfi.obj (.text:_pproc_str)
                  00840180    00000220     sysbios.lib : BIOS.obj (.text:ti_sysbios_family_c64p_Hwi_reconfig__E)
                  008403a0    00000220                 : BIOS.obj (.text:ti_sysbios_knl_Swi_run__I)
                  008405c0    00000220                 : BIOS.obj (.text:ti_sysbios_knl_Task_schedule__I)
                  008407e0    00000220                 : BIOS.obj (.text:ti_sysbios_knl_Task_startup__E)
                  00840a00    00000200     ipc.lib : Ipc.obj (.text:GateMP_enter)
                  00840c00    00000200             : Ipc.obj (.text:GateMP_leave)
                  00840e00    00000200             : Ipc.obj (.text:ListMP_openByAddr)
                  00841000    00000200     rts6600_elf.lib : _printfi.obj (.text:_pconv_g)
                  00841200    00000200     sysbios.lib : c64p_Hwi_disp_always.obj (.text:_ti_sysbios_family_c64p_Hwi_dispatchAlways)
                  00841400    00000200                 : BIOS.obj (.text:block$56)
                  00841600    00000200     generateTensors.obj (.text)
                  00841800    00000200     ipc.lib : Ipc.obj (.text:ti_sdo_ipc_family_c647x_MultiProcSetup_init__I)
                  00841a00    00000200             : Ipc.obj (.text:ti_sdo_ipc_notifyDrivers_NotifyDriverShm_sendEvent__E)
                  00841c00    00000200             : Ipc.obj (.text:ti_sdo_ipc_transports_TransportShm_Instance_finalize__F)
                  00841e00    000001e0             : Ipc.obj (.text:GateMP_open)
                  00841fe0    000001e0             : Ipc.obj (.text:ti_sdo_ipc_GateMP_attach__F)
                  008421c0    000001e0             : Ipc.obj (.text:ti_sdo_ipc_GateMP_getFreeResource__I)
                  008423a0    000001e0     sysbios.lib : BIOS.obj (.text:ti_sysbios_knl_Task_postInit__I)
                  00842580    000001e0                 : BIOS.obj (.text:ti_sysbios_timers_timer64_Timer_getFreq__E)
                  00842760    000001c0     ipc.lib : Ipc.obj (.text:HeapMemMP_openByAddr)
                  00842920    000001c0     rts6600_elf.lib : _printfi.obj (.text:_mcpy)
                  00842ae0    000001c0     ipc.lib : Ipc.obj (.text:ti_sdo_ipc_notifyDrivers_NotifyDriverShm_registerEvent__E)
                  00842ca0    000001c0     sysbios.lib : BIOS.obj (.text:ti_sysbios_knl_Swi_Instance_init__F)
                  00842e60    000001c0                 : BIOS.obj (.text:ti_sysbios_knl_Task_checkStacks__E)
                  00843020    000001c0                 : BIOS.obj (.text:ti_sysbios_timers_timer64_Timer_setPeriodMicroSecs__E)
                  008431e0    000001a0     rts6600_elf.lib : trgdrv.obj (.text:HOSTrename)
                  00843380    000001a0     ipc.lib : Ipc.obj (.text:SharedRegion_getCacheLineSize)
                  00843520    000001a0             : Ipc.obj (.text:SharedRegion_getHeap)
                  008436c0    000001a0             : Ipc.obj (.text:SharedRegion_isCacheEnabled)
                  00843860    000001a0     rts6600_elf.lib : imath40.obj (.text:__c6xabi_divul)
                  00843a00    000001a0     ipc.lib : Ipc.obj (.text:ti_sdo_ipc_GateMP_openRegion0Reserved__F)
                  00843ba0    000001a0             : Ipc.obj (.text:ti_sdo_ipc_notifyDrivers_NotifyDriverShm_enableEvent__E)
                  00843d40    000001a0             : Ipc.obj (.text:ti_sdo_ipc_notifyDrivers_NotifyDriverShm_unregisterEvent__E)
                  00843ee0    000001a0             : Ipc.obj (.text:ti_sdo_ipc_nsremote_NameServerRemoteNotify_attach__E)
                  00844080    000001a0     sysbios.lib : BIOS.obj (.text:ti_sysbios_gates_GateMutex_enter__E)
                  00844220    000001a0                 : BIOS.obj (.text:ti_sysbios_timers_timer64_Timer_start__E)
                  008443c0    00000180     ipc.lib : Ipc.obj (.text:MultiProc_setLocalId)
                  00844540    00000180             : Ipc.obj (.text:NameServer_getHandle)
                  008446c0    00000180             : Ipc.obj (.text:Notify_intLineRegistered)
                  00844840    00000180     rts6600_elf.lib : copy_decompress_rle.obj (.text:__TI_decompress_rle_core)
                  008449c0    00000180     multiplyTensors.obj (.text)
                  00844b40    00000180     rts6600_elf.lib : setvbuf.obj (.text:setvbuf)
                  00844cc0    00000180     sysbios.lib : c64p_Exception_asm.obj (.text)
                  00844e40    00000180     ipc.lib : Ipc.obj (.text:ti_sdo_ipc_MessageQ_registerTransport__F)
                  00844fc0    00000180             : Ipc.obj (.text:ti_sdo_ipc_Notify_Module_startup__F)
                  00845140    00000180             : Ipc.obj (.text:ti_sdo_ipc_gates_GatePeterson_enter__E)
                  008452c0    00000180             : Ipc.obj (.text:ti_sdo_utils_NameServer_Module_startup__F)
                  00845440    00000180     sysbios.lib : BIOS.obj (.text:ti_sysbios_heaps_HeapMem_Instance_init__F)
                  008455c0    00000180                 : BIOS.obj (.text:ti_sysbios_knl_Swi_schedule__I)
                  00845740    00000180                 : BIOS.obj (.text:ti_sysbios_knl_Task_unblockI__E)
                  008458c0    00000180     ti.targets.rts6000.ae66 : Text.oe66 (.text:xdc_runtime_Text_putSite__F)
                  00845a40    00000160     ipc.lib : Ipc.obj (.text:ti_sdo_ipc_GateMP_createLocal__F)
                  00845ba0    00000160             : Ipc.obj (.text:ti_sdo_ipc_MessageQ_unregisterTransport__F)
                  00845d00    00000160             : Ipc.obj (.text:ti_sdo_ipc_gates_GateHWSem_Instance_init__F)
                  00845e60    00000160             : Ipc.obj (.text:ti_sdo_ipc_transports_TransportShm_sharedMemReq__F)
                  00845fc0    00000160             : Ipc.obj (.text:ti_sdo_utils_NameServer_isRegistered__E)
                  00846120    00000160             : Ipc.obj (.text:ti_sdo_utils_NameServer_registerRemoteDriver__E)
                  00846280    00000160             : Ipc.obj (.text:ti_sdo_utils_NameServer_unregisterRemoteDriver__E)
                  008463e0    00000140             : Ipc.obj (.text:GateMP_close)
                  00846520    00000140             : Ipc.obj (.text:Notify_attach)
                  00846660    00000140     boot.ae66 : autoinit.oe66 (.text:_auto_init_elf)
                  008467a0    00000140     rts6600_elf.lib : _printfi.obj (.text:_pproc_fflags)
                  008468e0    00000140                     : fputc.obj (.text:fputc)
                  00846a20    00000140                     : lowlev.obj (.text:getdevice)
                  00846b60    00000140     ipc.lib : Ipc.obj (.text:ti_sdo_ipc_Notify_exec__F)
                  00846ca0    00000140     sysbios.lib : BIOS.obj (.text:ti_sysbios_family_c64p_Hwi_Module_startup__F)
                  00846de0    00000140                 : BIOS.obj (.text:ti_sysbios_family_c66_Cache_Module_startup__F)
                  00846f20    00000140                 : BIOS.obj (.text:ti_sysbios_gates_GateSwi_enter__E)
                  00847060    00000140                 : BIOS.obj (.text:ti_sysbios_knl_Clock_Instance_finalize__F)
                  008471a0    00000140                 : BIOS.obj (.text:ti_sysbios_knl_Semaphore_Instance_init__F)
                  008472e0    00000140                 : BIOS.obj (.text:ti_sysbios_knl_Swi_post__E)
                  00847420    00000140                 : BIOS.obj (.text:ti_sysbios_knl_Task_blockI__E)
                  00847560    00000140                 : BIOS.obj (.text:ti_sysbios_knl_Task_yield__E)
                  008476a0    00000120     rts6600_elf.lib : _printfi.obj (.text:_ltostr)
                  008477c0    00000120                     : _io_perm.obj (.text:_wrt_ok)
                  008478e0    00000120                     : fclose.obj (.text:fclose)
                  00847a00    00000120     sysbios.lib : BIOS.obj (.text:rtsUnlock$0)
                  00847b20    00000120     ipc.lib : Ipc.obj (.text:ti_sdo_ipc_MessageQ_Module_startup__F)
                  00847c40    00000120             : Ipc.obj (.text:ti_sdo_ipc_family_c647x_Interrupt_intRegister__E)
                  00847d60    00000120             : Ipc.obj (.text:ti_sdo_ipc_nsremote_NameServerRemoteNotify_Instance_finalize__F)
                  00847e80    00000100     rts6600_elf.lib : trgdrv.obj (.text:HOSTlseek)
                  00847f80    00000100                     : fflush.obj (.text:fflush)
                  00848080    00000100     sysbios.lib : BIOS.obj (.text:initDevice$44)
                  00848180    00000100     main.obj (.text)
                  00848280    00000100     ipc.lib : Ipc.obj (.text:ti_sdo_ipc_GateMP_start__F)
                  00848380    00000100             : Ipc.obj (.text:ti_sdo_ipc_Notify_Instance_finalize__F)
                  00848480    00000100     modelPreesm_pe66.oe66 (.text:ti_sdo_ipc_Notify_Object__create__S)
                  00848580    00000100     ipc.lib : Ipc.obj (.text:ti_sdo_ipc_SharedRegion_attach__F)
                  00848680    00000100             : Ipc.obj (.text:ti_sdo_ipc_SharedRegion_clearReservedMemory__F)
                  00848780    00000100             : Ipc.obj (.text:ti_sdo_ipc_family_c647x_Interrupt_Module_startup__F)
                  00848880    00000100             : Ipc.obj (.text:ti_sdo_ipc_gates_GateHWSem_Module_startup__F)
                  00848980    00000100             : Ipc.obj (.text:ti_sdo_ipc_gates_GateMPSupportNull_enter__E)
                  00848a80    00000100             : Ipc.obj (.text:ti_sdo_ipc_gates_GateMPSupportNull_leave__E)
                  00848b80    00000100     modelPreesm_pe66.oe66 (.text:ti_sdo_ipc_gates_GatePeterson_Object__create__S)
                  00848c80    00000100     modelPreesm_pe66.oe66 (.text:ti_sdo_ipc_nsremote_NameServerRemoteNotify_Object__create__S)
                  00848d80    00000100     ipc.lib : Ipc.obj (.text:ti_sdo_ipc_transports_TransportShmSetup_attach__E)
                  00848e80    00000100     modelPreesm_pe66.oe66 (.text:ti_sdo_ipc_transports_TransportShm_Object__create__S)
                  00848f80    00000100     modelPreesm_pe66.oe66 (.text:ti_sysbios_family_c64p_Hwi_Object__create__S)
                  00849080    00000100     sysbios.lib : BIOS.obj (.text:ti_sysbios_gates_GateMutexPri_leave__E)
                  00849180    00000100                 : BIOS.obj (.text:ti_sysbios_knl_Clock_startI__E)
                  00849280    00000100     modelPreesm_pe66.oe66 (.text:ti_sysbios_knl_Swi_Object__create__S)
                  00849380    00000100     sysbios.lib : BIOS.obj (.text:ti_sysbios_knl_Swi_restoreHwi__E)
                  00849480    00000100     ti.targets.rts6000.ae66 : Core-mem.oe66 (.text:xdc_runtime_Core_deleteObject__I)
                  00849580    00000100                             : Startup.oe66 (.text:xdc_runtime_Startup_exec__F)
                  00849680    00000100                             : Text.oe66 (.text:xdc_runtime_Text_putMod__F)
                  00849780    00000100                             : Text.oe66 (.text:xdc_runtime_Text_visitRope2__I)
                  00849880    000000e0     rts6600_elf.lib : trgdrv.obj (.text:HOSTopen)
                  00849960    000000e0                     : _printfi.obj (.text:_div)
                  00849a40    000000e0                     : atoi.obj (.text:atoi)
                  00849b20    000000e0                     : lowlev.obj (.text:close)
                  00849c00    000000e0                     : copy_zero_init.obj (.text:decompress:ZI:__TI_zero_init)
                  00849ce0    000000e0                     : exit.obj (.text:exit)
                  00849dc0    000000e0                     : ltoa.obj (.text:ltoa)
                  00849ea0    000000e0                     : memset.obj (.text:memset)
                  00849f80    000000e0     modelPreesm_pe66.oe66 (.text:ti_sdo_ipc_GateMP_Object__create__S)
                  0084a060    000000e0     modelPreesm_pe66.oe66 (.text:ti_sdo_ipc_ListMP_Object__create__S)
                  0084a140    000000e0     ipc.lib : Ipc.obj (.text:ti_sdo_ipc_family_c647x_NotifySetup_attach__E)
                  0084a220    000000e0             : Ipc.obj (.text:ti_sdo_ipc_gates_GateHWSem_enter__E)
                  0084a300    000000e0     modelPreesm_pe66.oe66 (.text:ti_sdo_ipc_heaps_HeapMemMP_Object__create__S)
                  0084a3e0    000000e0     modelPreesm_pe66.oe66 (.text:ti_sdo_ipc_notifyDrivers_NotifyDriverShm_Object__create__S)
                  0084a4c0    000000e0     sysbios.lib : BIOS.obj (.text:ti_sysbios_family_c64p_Hwi_Instance_finalize__F)
                  0084a5a0    000000e0                 : BIOS.obj (.text:ti_sysbios_family_c64p_Hwi_Instance_init__F)
                  0084a680    000000e0                 : BIOS.obj (.text:ti_sysbios_knl_Clock_start__E)
                  0084a760    000000e0                 : BIOS.obj (.text:ti_sysbios_timers_timer64_Timer_startup__E)
                  0084a840    000000e0     ti.targets.rts6000.ae66 : Error.oe66 (.text:xdc_runtime_Error_print__F)
                  0084a920    000000e0                             : Memory.oe66 (.text:xdc_runtime_Memory_alloc__F)
                  0084aa00    000000e0     modelPreesm_pe66.oe66 (.text:xdc_runtime_knl_GateThread_Object__create__S)
                  0084aae0    000000c0     rts6600_elf.lib : trgdrv.obj (.text:HOSTread)
                  0084aba0    000000c0                     : trgdrv.obj (.text:HOSTunlink)
                  0084ac60    000000c0                     : trgdrv.obj (.text:HOSTwrite)
                  0084ad20    000000c0     ipc.lib : Ipc.obj (.text:HeapMemMP_create)
                  0084ade0    000000c0             : Ipc.obj (.text:ListMP_create)
                  0084aea0    000000c0     rts6600_elf.lib : dtor_list.obj (.text:__cxa_finalize)
                  0084af60    000000c0                     : divu.obj (.text:__divu)
                  0084b020    000000c0                     : fopen.obj (.text:_cleanup)
                  0084b0e0    000000c0                     : fflush.obj (.text:_doflush)
                  0084b1a0    000000c0     displayTensor.obj (.text)
                  0084b260    000000c0     rts6600_elf.lib : fseek.obj (.text:fseek)
                  0084b320    000000c0                     : lowlev.obj (.text:lseek)
                  0084b3e0    000000c0     ipc.lib : Ipc.obj (.text:ti_sdo_ipc_GateMP_getRegion0ReservedSize__F)
                  0084b4a0    000000c0             : Ipc.obj (.text:ti_sdo_ipc_Notify_execMany__I)
                  0084b560    000000c0             : Ipc.obj (.text:ti_sdo_ipc_family_c647x_Interrupt_intShmStub__I)
                  0084b620    000000c0     sysbios.lib : BIOS.obj (.text:ti_sysbios_BIOS_errorRaiseHook__I)
                  0084b6e0    000000c0                 : BIOS.obj (.text:ti_sysbios_gates_GateAll_leave__E)
                  0084b7a0    000000c0                 : BIOS.obj (.text:ti_sysbios_heaps_HeapMem_getStats__E)
                  0084b860    000000c0                 : BIOS.obj (.text:ti_sysbios_knl_Clock_logTick__E)
                  0084b920    000000c0                 : BIOS.obj (.text:ti_sysbios_knl_Swi_Instance_finalize__F)
                  0084b9e0    000000c0                 : BIOS.obj (.text:ti_sysbios_timers_timer64_Timer_stop__E)
                  0084baa0    000000c0     rts6600_elf.lib : lowlev.obj (.text:write)
                  0084bb60    000000c0     ti.targets.rts6000.ae66 : System.oe66 (.text:xdc_runtime_System_formatNum__I)
                  0084bc20    000000a0     rts6600_elf.lib : trgdrv.obj (.text:HOSTclose)
                  0084bcc0    000000a0                     : fltulld.obj (.text:__c6xabi_fltulld)
                  0084bd60    000000a0                     : remu.obj (.text:__remu)
                  0084be00    000000a0     boot.ae66 : boot.oe66 (.text:_c_int00)
                  0084bea0    000000a0     rts6600_elf.lib : _printfi.obj (.text:_ecpy)
                  0084bf40    000000a0                     : _printfi.obj (.text:_fcpy)
                  0084bfe0    000000a0                     : _printfi.obj (.text:_pconv_f)
                  0084c080    000000a0     sysbios.lib : c64p_Hwi_asm.obj (.text:_ti_sysbios_family_c64p_Hwi_plug__E)
                  0084c120    000000a0     rts6600_elf.lib : lowlev.obj (.text:finddevice)
                  0084c1c0    000000a0                     : memcpy64.obj (.text:memcpy)
                  0084c260    000000a0     ipc.lib : Ipc.obj (.text:ti_sdo_ipc_family_c647x_Interrupt_intUnregister__E)
                  0084c300    000000a0             : Ipc.obj (.text:ti_sdo_ipc_gates_GatePeterson_leave__E)
                  0084c3a0    000000a0             : Ipc.obj (.text:ti_sdo_ipc_notifyDrivers_NotifyDriverShm_Instance_finalize__F)
                  0084c440    000000a0     sysbios.lib : BIOS.obj (.text:ti_sysbios_heaps_HeapMem_init__I)
                  0084c4e0    000000a0     modelPreesm_pe66.oe66 (.text:ti_sysbios_knl_Clock_Object__create__S)
                  0084c580    000000a0     ti.targets.rts6000.ae66 : Assert.oe66 (.text:xdc_runtime_Assert_raise__I)
                  0084c620    00000080     ipc.lib : Ipc.obj (.text:GateMP_create)
                  0084c6a0    00000080     rts6600_elf.lib : dtor_list.obj (.text:_Z11__TI_atexitPFYvPvES_S_)
                  0084c720    00000080                     : fixdu.obj (.text:__c6xabi_fixdu)
                  0084c7a0    00000080                     : llshift.obj (.text:__c6xabi_llshl)
                  0084c820    00000080     sysbios.lib : c62_TaskSupport_asm.obj (.text:_ti_sysbios_family_c62_TaskSupport_swap__E)
                  0084c8a0    00000080     modelPreesm_pe66.oe66 (.text:malloc)
                  0084c920    00000080     rts6600_elf.lib : printf.obj (.text:printf)
                  0084c9a0    00000080                     : trgmsg.obj (.text:readmsg)
                  0084ca20    00000080     modelPreesm_pe66.oe66 (.text:ti_sdo_ipc_gates_GateHWSem_Object__create__S)
                  0084caa0    00000080     modelPreesm_pe66.oe66 (.text:ti_sdo_ipc_gates_GateMPSupportNull_Object__create__S)
                  0084cb20    00000080     ipc.lib : Ipc.obj (.text:ti_sdo_ipc_nsremote_NameServerRemoteNotify_detach__E)
                  0084cba0    00000080             : Ipc.obj (.text:ti_sdo_ipc_transports_TransportShm_swiFxn__I)
                  0084cc20    00000080     modelPreesm_pe66.oe66 (.text:ti_sdo_utils_List_Object__create__S)
                  0084cca0    00000080     modelPreesm_pe66.oe66 (.text:ti_sysbios_BIOS_exitFunc__I)
                  0084cd20    00000080     sysbios.lib : BIOS.obj (.text:ti_sysbios_BIOS_exit__E)
                  0084cda0    00000080                 : BIOS.obj (.text:ti_sysbios_family_c62_TaskSupport_start__E)
                  0084ce20    00000080                 : BIOS.obj (.text:ti_sysbios_family_c64p_Exception_Module_startup__F)
                  0084cea0    00000080                 : BIOS.obj (.text:ti_sysbios_family_c64p_Hwi_eventMap__E)
                  0084cf20    00000080                 : BIOS.obj (.text:ti_sysbios_family_c66_Cache_invL1pAll__E)
                  0084cfa0    00000080     modelPreesm_pe66.oe66 (.text:ti_sysbios_gates_GateAll_Object__create__S)
                  0084d020    00000080     modelPreesm_pe66.oe66 (.text:ti_sysbios_gates_GateHwi_Object__create__S)
                  0084d0a0    00000080     modelPreesm_pe66.oe66 (.text:ti_sysbios_gates_GateMutexPri_Object__create__S)
                  0084d120    00000080     modelPreesm_pe66.oe66 (.text:ti_sysbios_gates_GateMutex_Object__create__S)
                  0084d1a0    00000080     modelPreesm_pe66.oe66 (.text:ti_sysbios_gates_GateSwi_Object__create__S)
                  0084d220    00000080     sysbios.lib : BIOS.obj (.text:ti_sysbios_gates_GateSwi_leave__E)
                  0084d2a0    00000080                 : BIOS.obj (.text:ti_sysbios_hal_Hwi_checkStack:ti_sysbios_hal_Hwi_checkStack)
                  0084d320    00000080     modelPreesm_pe66.oe66 (.text:ti_sysbios_heaps_HeapMem_Object__create__S)
                  0084d3a0    00000080     sysbios.lib : BIOS.obj (.text:ti_sysbios_knl_Clock_Module_startup__F)
                  0084d420    00000080     modelPreesm_pe66.oe66 (.text:ti_sysbios_knl_Clock_doTick__I)
                  0084d4a0    00000080     sysbios.lib : BIOS.obj (.text:ti_sysbios_knl_Clock_getTicks__E)
                  0084d520    00000080                 : BIOS.obj (.text:ti_sysbios_knl_Idle_loop__E)
                  0084d5a0    00000080     modelPreesm_pe66.oe66 (.text:ti_sysbios_knl_Queue_Object__create__S)
                  0084d620    00000080     modelPreesm_pe66.oe66 (.text:ti_sysbios_knl_Semaphore_Object__create__S)
                  0084d6a0    00000080     sysbios.lib : BIOS.obj (.text:ti_sysbios_knl_Semaphore_pendTimeout__I)
                  0084d720    00000080                 : BIOS.obj (.text:ti_sysbios_knl_Swi_startup__E)
                  0084d7a0    00000080                 : BIOS.obj (.text:ti_sysbios_knl_Task_restore__E)
                  0084d820    00000080                 : BIOS.obj (.text:ti_sysbios_timers_timer64_Timer_getCount__E)
                  0084d8a0    00000080                 : BIOS.obj (.text:ti_sysbios_timers_timer64_Timer_getPeriod__E)
                  0084d920    00000080     modelPreesm_pe66.oe66 (.text:ti_sysbios_xdcruntime_GateThreadSupport_Object__create__S)
                  0084d9a0    00000080     rts6600_elf.lib : lowlev.obj (.text:unlink)
                  0084da20    00000080     ti.targets.rts6000.ae66 : Core-label.oe66 (.text:xdc_runtime_Core_assignLabel__I)
                  0084daa0    00000080                             : Core-params.oe66 (.text:xdc_runtime_Core_assignParams__I)
                  0084db20    00000080                             : System.oe66 (.text:xdc_runtime_System_atexit__F)
                  0084dba0    00000080                             : System.oe66 (.text:xdc_runtime_System_rtsExit__I)
                  0084dc20    00000080                             : Text.oe66 (.text:xdc_runtime_Text_printVisFxn__I)
                  0084dca0    00000080                             : Text.oe66 (.text:xdc_runtime_Text_xprintf__I)
                  0084dd20    00000060     ipc.lib : Ipc.obj (.text:GateMP_Params_init)
                  0084dd80    00000060             : Ipc.obj (.text:HeapMemMP_Params_init)
                  0084dde0    00000060     rts6600_elf.lib : frcmpyd_div.obj (.text:__c6xabi_frcmpyd_div)
                  0084de40    00000060                     : llshift.obj (.text:__c6xabi_llshru)
                  0084dea0    00000060                     : imath64.obj (.text:_subcull)
                  0084df00    00000060                     : memccpy.obj (.text:memccpy)
                  0084df60    00000060     modelPreesm_pe66.oe66 (.text:ti_sdo_ipc_GateMP_Object__delete__S)
                  0084dfc0    00000060     modelPreesm_pe66.oe66 (.text:ti_sdo_ipc_ListMP_Object__delete__S)
                  0084e020    00000060     ipc.lib : Ipc.obj (.text:ti_sdo_ipc_family_c647x_NotifySetup_sharedMemReq__E)
                  0084e080    00000060     modelPreesm_pe66.oe66 (.text:ti_sdo_ipc_gates_GateHWSem_Object__delete__S)
                  0084e0e0    00000060     ipc.lib : Ipc.obj (.text:ti_sdo_ipc_gates_GateHWSem_leave__E)
                  0084e140    00000060     modelPreesm_pe66.oe66 (.text:ti_sdo_ipc_gates_GateMPSupportNull_Object__delete__S)
                  0084e1a0    00000060     ipc.lib : Ipc.obj (.text:ti_sdo_ipc_gates_GatePeterson_Instance_finalize__F)
                  0084e200    00000060     modelPreesm_pe66.oe66 (.text:ti_sdo_ipc_gates_GatePeterson_Object__delete__S)
                  0084e260    00000060     ipc.lib : Ipc.obj (.text:ti_sdo_ipc_gates_GatePeterson_sharedMemReq__E)
                  0084e2c0    00000060     modelPreesm_pe66.oe66 (.text:ti_sdo_ipc_heaps_HeapMemMP_Object__delete__S)
                  0084e320    00000060     modelPreesm_pe66.oe66 (.text:ti_sdo_ipc_notifyDrivers_NotifyDriverShm_Object__delete__S)
                  0084e380    00000060     ipc.lib : Ipc.obj (.text:ti_sdo_ipc_notifyDrivers_NotifyDriverShm_setNotifyHandle__E)
                  0084e3e0    00000060     modelPreesm_pe66.oe66 (.text:ti_sdo_ipc_nsremote_NameServerRemoteNotify_Object__delete__S)
                  0084e440    00000060     ipc.lib : Ipc.obj (.text:ti_sdo_ipc_transports_TransportShmSetup_sharedMemReq__E)
                  0084e4a0    00000060     modelPreesm_pe66.oe66 (.text:ti_sdo_ipc_transports_TransportShm_Object__delete__S)
                  0084e500    00000060     sysbios.lib : BIOS.obj (.text:ti_sysbios_BIOS_registerRTSLock__I)
                  0084e560    00000060     modelPreesm_pe66.oe66 (.text:ti_sysbios_family_c64p_Hwi_Object__delete__S)
                  0084e5c0    00000060     modelPreesm_pe66.oe66 (.text:ti_sysbios_gates_GateAll_Object__delete__S)
                  0084e620    00000060     sysbios.lib : BIOS.obj (.text:ti_sysbios_gates_GateAll_enter__E)
                  0084e680    00000060     modelPreesm_pe66.oe66 (.text:ti_sysbios_gates_GateHwi_Object__delete__S)
                  0084e6e0    00000060     modelPreesm_pe66.oe66 (.text:ti_sysbios_gates_GateMutexPri_Object__delete__S)
                  0084e740    00000060     sysbios.lib : BIOS.obj (.text:ti_sysbios_gates_GateMutex_Instance_init__F)
                  0084e7a0    00000060     modelPreesm_pe66.oe66 (.text:ti_sysbios_gates_GateMutex_Object__delete__S)
                  0084e800    00000060     modelPreesm_pe66.oe66 (.text:ti_sysbios_gates_GateSwi_Object__delete__S)
                  0084e860    00000060     sysbios.lib : BIOS.obj (.text:ti_sysbios_hal_Hwi_initStack:ti_sysbios_hal_Hwi_initStack)
                  0084e8c0    00000060     modelPreesm_pe66.oe66 (.text:ti_sysbios_heaps_HeapMem_Object__delete__S)
                  0084e920    00000060     sysbios.lib : BIOS.obj (.text:ti_sysbios_knl_Swi_Module_startup__F)
                  0084e980    00000060                 : BIOS.obj (.text:ti_sysbios_knl_Task_allBlockedFunction__I)
                  0084e9e0    00000060                 : BIOS.obj (.text:ti_sysbios_knl_Task_enter__I)
                  0084ea40    00000060     modelPreesm_pe66.oe66 (.text:ti_sysbios_xdcruntime_GateThreadSupport_Object__delete__S)
                  0084eaa0    00000060     rts6600_elf.lib : trgmsg.obj (.text:writemsg)
                  0084eb00    00000060     modelPreesm_pe66.oe66 (.text:xdc_runtime_GateNull_Object__create__S)
                  0084eb60    00000060     modelPreesm_pe66.oe66 (.text:xdc_runtime_GateNull_Object__delete__S)
                  0084ebc0    00000060     ti.targets.rts6000.ae66 : Memory.oe66 (.text:xdc_runtime_Memory_calloc__F)
                  0084ec20    00000060                             : Memory.oe66 (.text:xdc_runtime_Memory_valloc__F)
                  0084ec80    00000060                             : SysStd.oe66 (.text:xdc_runtime_SysStd_abort__F)
                  0084ece0    00000060                             : System.oe66 (.text:xdc_runtime_System_avprintf__F)
                  0084ed40    00000060                             : System.oe66 (.text:xdc_runtime_System_vprintf__F)
                  0084eda0    00000060                             : Text.oe66 (.text:xdc_runtime_Text_cordText__F)
                  0084ee00    00000060     modelPreesm_pe66.oe66 (.text:xdc_runtime_knl_GateThread_Object__delete__S)
                  0084ee60    00000040     rts6600_elf.lib : isinf.obj (.text:__c6xabi_isinf)
                  0084eea0    00000040                     : _printfi.obj (.text:__c6xabi_isnan)
                  0084eee0    00000040                     : strasg.obj (.text:__strasgi_64plus)
                  0084ef20    00000040                     : args_main.obj (.text:_args_main)
                  0084ef60    00000040     sysbios.lib : c62_TaskSupport_asm.obj (.text:_ti_sysbios_family_c62_TaskSupport_buildTaskStack)
                  0084efa0    00000040                 : c64p_Hwi_asm_switch.obj (.text:_ti_sysbios_family_xxx_Hwi_switchToIsrStack)
                  0084efe0    00000040     modelPreesm_pe66.oe66 (.text:free)
                  0084f020    00000040     sysbios.lib : BIOS.obj (.text:rtsLock$0)
                  0084f060    00000040     ipc.lib : Ipc.obj (.text:ti_sdo_ipc_family_c647x_Interrupt_intClear__E)
                  0084f0a0    00000040             : Ipc.obj (.text:ti_sdo_ipc_family_c647x_Interrupt_intSend__E)
                  0084f0e0    00000040     modelPreesm_pe66.oe66 (.text:ti_sdo_ipc_gates_GateHWSem_Handle__label__S)
                  0084f120    00000040     modelPreesm_pe66.oe66 (.text:ti_sdo_ipc_gates_GateMPSupportNull_Handle__label__S)
                  0084f160    00000040     modelPreesm_pe66.oe66 (.text:ti_sdo_ipc_gates_GatePeterson_Handle__label__S)
                  0084f1a0    00000040     modelPreesm_pe66.oe66 (.text:ti_sdo_ipc_heaps_HeapMemMP_Handle__label__S)
                  0084f1e0    00000040     modelPreesm_pe66.oe66 (.text:ti_sdo_ipc_notifyDrivers_NotifyDriverShm_Handle__label__S)
                  0084f220    00000040     ipc.lib : Ipc.obj (.text:ti_sdo_ipc_notifyDrivers_NotifyDriverShm_disable__E)
                  0084f260    00000040             : Ipc.obj (.text:ti_sdo_ipc_notifyDrivers_NotifyDriverShm_enable__E)
                  0084f2a0    00000040     modelPreesm_pe66.oe66 (.text:ti_sdo_ipc_nsremote_NameServerRemoteNotify_Handle__label__S)
                  0084f2e0    00000040     ipc.lib : Ipc.obj (.text:ti_sdo_ipc_nsremote_NameServerRemoteNotify_sharedMemReq__E)
                  0084f320    00000040     modelPreesm_pe66.oe66 (.text:ti_sdo_ipc_transports_TransportShm_Handle__label__S)
                  0084f360    00000040     modelPreesm_pe66.oe66 (.text:ti_sdo_utils_NameServer_Module__startupDone__F)
                  0084f3a0    00000040     modelPreesm_pe66.oe66 (.text:ti_sdo_utils_NameServer_Object__get__S)
                  0084f3e0    00000040     modelPreesm_pe66.oe66 (.text:ti_sysbios_BIOS_startFunc__I)
                  0084f420    00000040     sysbios.lib : BIOS.obj (.text:ti_sysbios_BIOS_start__E)
                  0084f460    00000040     modelPreesm_pe66.oe66 (.text:ti_sysbios_family_c64p_Hwi_Module__startupDone__F)
                  0084f4a0    00000040     sysbios.lib : BIOS.obj (.text:ti_sysbios_family_c64p_Hwi_disableInterrupt__E)
                  0084f4e0    00000040                 : BIOS.obj (.text:ti_sysbios_family_c64p_Hwi_enableInterrupt__E)
                  0084f520    00000040     modelPreesm_pe66.oe66 (.text:ti_sysbios_gates_GateAll_Handle__label__S)
                  0084f560    00000040     modelPreesm_pe66.oe66 (.text:ti_sysbios_gates_GateHwi_Handle__label__S)
                  0084f5a0    00000040     modelPreesm_pe66.oe66 (.text:ti_sysbios_gates_GateMutexPri_Handle__label__S)
                  0084f5e0    00000040     sysbios.lib : BIOS.obj (.text:ti_sysbios_gates_GateMutexPri_Instance_finalize__F)
                  0084f620    00000040                 : BIOS.obj (.text:ti_sysbios_gates_GateMutexPri_Instance_init__F)
                  0084f660    00000040     modelPreesm_pe66.oe66 (.text:ti_sysbios_gates_GateMutexPri_Object__destruct__S)
                  0084f6a0    00000040     modelPreesm_pe66.oe66 (.text:ti_sysbios_gates_GateMutex_Handle__label__S)
                  0084f6e0    00000040     sysbios.lib : BIOS.obj (.text:ti_sysbios_gates_GateMutex_Instance_finalize__F)
                  0084f720    00000040                 : BIOS.obj (.text:ti_sysbios_gates_GateMutex_leave__E)
                  0084f760    00000040     modelPreesm_pe66.oe66 (.text:ti_sysbios_gates_GateSwi_Handle__label__S)
                  0084f7a0    00000040     modelPreesm_pe66.oe66 (.text:ti_sysbios_hal_Timer_Module__startupDone__F)
                  0084f7e0    00000040     modelPreesm_pe66.oe66 (.text:ti_sysbios_heaps_HeapMem_Handle__label__S)
                  0084f820    00000040     modelPreesm_pe66.oe66 (.text:ti_sysbios_heaps_HeapMem_Object__get__S)
                  0084f860    00000040     modelPreesm_pe66.oe66 (.text:ti_sysbios_knl_Clock_Object__destruct__S)
                  0084f8a0    00000040     sysbios.lib : BIOS.obj (.text:ti_sysbios_knl_Semaphore_Instance_finalize__F)
                  0084f8e0    00000040     modelPreesm_pe66.oe66 (.text:ti_sysbios_knl_Semaphore_Object__destruct__S)
                  0084f920    00000040     modelPreesm_pe66.oe66 (.text:ti_sysbios_knl_Swi_Object__destruct__S)
                  0084f960    00000040     modelPreesm_pe66.oe66 (.text:ti_sysbios_knl_Swi_Object__get__S)
                  0084f9a0    00000040     modelPreesm_pe66.oe66 (.text:ti_sysbios_knl_Task_Object__get__S)
                  0084f9e0    00000040     sysbios.lib : BIOS.obj (.text:ti_sysbios_knl_Task_sleepTimeout__I)
                  0084fa20    00000040     modelPreesm_pe66.oe66 (.text:ti_sysbios_timers_timer64_Timer_Module__startupDone__F)
                  0084fa60    00000040     sysbios.lib : BIOS.obj (.text:ti_sysbios_xdcruntime_GateThreadSupport_Instance_finalize__F)
                  0084faa0    00000040                 : BIOS.obj (.text:ti_sysbios_xdcruntime_GateThreadSupport_Instance_init__F)
                  0084fae0    00000040                 : BIOS.obj (.text:ti_sysbios_xdcruntime_GateThreadSupport_enter__F)
                  0084fb20    00000040                 : BIOS.obj (.text:ti_sysbios_xdcruntime_GateThreadSupport_leave__F)
                  0084fb60    00000040     ti.targets.rts6000.ae66 : Error.oe66 (.text:xdc_runtime_Error_check__F)
                  0084fba0    00000040                             : Error.oe66 (.text:xdc_runtime_Error_init__F)
                  0084fbe0    00000040     modelPreesm_pe66.oe66 (.text:xdc_runtime_GateNull_Handle__label__S)
                  0084fc20    00000040     ti.targets.rts6000.ae66 : Gate.oe66 (.text:xdc_runtime_Gate_leaveSystem__F)
                  0084fc60    00000040                             : Memory.oe66 (.text:xdc_runtime_Memory_free__F)
                  0084fca0    00000040                             : Registry.oe66 (.text:xdc_runtime_Registry_findById__F)
                  0084fce0    00000040                             : System.oe66 (.text:xdc_runtime_System_abort__F)
                  0084fd20    00000040     modelPreesm_pe66.oe66 (.text:xdc_runtime_System_aprintf__E)
                  0084fd60    00000040     modelPreesm_pe66.oe66 (.text:xdc_runtime_System_printf__E)
                  0084fda0    00000040     ti.targets.rts6000.ae66 : Text.oe66 (.text:xdc_runtime_Text_ropeText__F)
                  0084fde0    00000040     modelPreesm_pe66.oe66 (.text:xdc_runtime_knl_GateThread_Handle__label__S)
                  0084fe20    00000040     ti.targets.rts6000.ae66 : GateThread.oe66 (.text:xdc_runtime_knl_GateThread_Instance_finalize__F)
                  0084fe60    00000040                             : GateThread.oe66 (.text:xdc_runtime_knl_GateThread_Instance_init__F)
                  0084fea0    00000020     ipc.lib : Ipc.obj (.text:GateMP_delete)
                  0084fec0    00000020             : Ipc.obj (.text:MultiProc_self)
                  0084fee0    00000020     rts6600_elf.lib : negll.obj (.text:__c6xabi_negll)
                  0084ff00    00000020                     : dtor_list.obj (.text:__cxa_atexit)
                  0084ff20    00000020                     : dtor_list.obj (.text:__cxa_ia64_exit)
                  0084ff40    00000020     ti.targets.rts6000.ae66 : xdc_noinit.oe66 (.text:__xdc__init)
                  0084ff60    00000020     rts6600_elf.lib : _lock.obj (.text:_nop)
                  0084ff80    00000020                     : printf.obj (.text:_outc)
                  0084ffa0    00000020                     : printf.obj (.text:_outs)
                  0084ffc0    00000020                     : _lock.obj (.text:_register_lock)
                  0084ffe0    00000020                     : _lock.obj (.text:_register_unlock)
                  00850000    00000020     sysbios.lib : c62_TaskSupport_asm.obj (.text:_ti_sysbios_family_c62_TaskSupport_glue)
                  00850020    00000020                 : c64p_Hwi_asm_switch.obj (.text:_ti_sysbios_family_xxx_Hwi_switchToTaskStack)
                  00850040    00000020     rts6600_elf.lib : exit.obj (.text:abort)
                  00850060    00000020                     : dtor_list.obj (.text:atexit)
                  00850080    00000020                     : copy_decompress_none.obj (.text:decompress:none:__TI_decompress_none)
                  008500a0    00000020                     : copy_decompress_rle.obj (.text:decompress:rle24:__TI_decompress_rle24)
                  008500c0    00000020     sysbios.lib : BIOS.obj (.text:nullFunc$0)
                  008500e0    00000020     rts6600_elf.lib : fputc.obj (.text:putc)
                  00850100    00000020                     : fputc.obj (.text:putchar)
                  00850120    00000020     modelPreesm_pe66.oe66 (.text:ti_sdo_ipc_GateMP_Params__init__S)
                  00850140    00000020     modelPreesm_pe66.oe66 (.text:ti_sdo_ipc_GateMP_RemoteCustom1Proxy_Object__create__S)
                  00850160    00000020     modelPreesm_pe66.oe66 (.text:ti_sdo_ipc_GateMP_RemoteCustom1Proxy_Object__delete__S)
                  00850180    00000020     modelPreesm_pe66.oe66 (.text:ti_sdo_ipc_GateMP_RemoteCustom1Proxy_Params__init__S)
                  008501a0    00000020     modelPreesm_pe66.oe66 (.text:ti_sdo_ipc_GateMP_RemoteCustom1Proxy_Proxy__abstract__S)
                  008501c0    00000020     modelPreesm_pe66.oe66 (.text:ti_sdo_ipc_GateMP_RemoteCustom1Proxy_Proxy__delegate__S)
                  008501e0    00000020     modelPreesm_pe66.oe66 (.text:ti_sdo_ipc_GateMP_RemoteCustom2Proxy_Object__create__S)
                  00850200    00000020     modelPreesm_pe66.oe66 (.text:ti_sdo_ipc_GateMP_RemoteCustom2Proxy_Object__delete__S)
                  00850220    00000020     modelPreesm_pe66.oe66 (.text:ti_sdo_ipc_GateMP_RemoteCustom2Proxy_Params__init__S)
                  00850240    00000020     modelPreesm_pe66.oe66 (.text:ti_sdo_ipc_GateMP_RemoteCustom2Proxy_Proxy__abstract__S)
                  00850260    00000020     modelPreesm_pe66.oe66 (.text:ti_sdo_ipc_GateMP_RemoteCustom2Proxy_Proxy__delegate__S)
                  00850280    00000020     modelPreesm_pe66.oe66 (.text:ti_sdo_ipc_GateMP_RemoteSystemProxy_Object__create__S)
                  008502a0    00000020     modelPreesm_pe66.oe66 (.text:ti_sdo_ipc_GateMP_RemoteSystemProxy_Object__delete__S)
                  008502c0    00000020     modelPreesm_pe66.oe66 (.text:ti_sdo_ipc_GateMP_RemoteSystemProxy_Params__init__S)
                  008502e0    00000020     modelPreesm_pe66.oe66 (.text:ti_sdo_ipc_GateMP_RemoteSystemProxy_Proxy__abstract__S)
                  00850300    00000020     modelPreesm_pe66.oe66 (.text:ti_sdo_ipc_GateMP_RemoteSystemProxy_Proxy__delegate__S)
                  00850320    00000020     ipc.lib : Ipc.obj (.text:ti_sdo_ipc_GateMP_getSharedAddr__F)
                  00850340    00000020     modelPreesm_pe66.oe66 (.text:ti_sdo_ipc_ListMP_Params__init__S)
                  00850360    00000020     modelPreesm_pe66.oe66 (.text:ti_sdo_ipc_MessageQ_Object__get__S)
                  00850380    00000020     modelPreesm_pe66.oe66 (.text:ti_sdo_ipc_Notify_Module_GateProxy_enter__E)
                  008503a0    00000020     modelPreesm_pe66.oe66 (.text:ti_sdo_ipc_Notify_Module_GateProxy_leave__E)
                  008503c0    00000020     ipc.lib : Ipc.obj (.text:ti_sdo_ipc_family_c647x_Interrupt_intDisable__E)
                  008503e0    00000020             : Ipc.obj (.text:ti_sdo_ipc_family_c647x_Interrupt_intEnable__E)
                  00850400    00000020             : Ipc.obj (.text:ti_sdo_ipc_family_c647x_NotifySetup_numIntLines__E)
                  00850420    00000020     modelPreesm_pe66.oe66 (.text:ti_sdo_ipc_gates_GateHWSem_Params__init__S)
                  00850440    00000020     ipc.lib : Ipc.obj (.text:ti_sdo_ipc_gates_GateHWSem_getReservedMask__E)
                  00850460    00000020             : Ipc.obj (.text:ti_sdo_ipc_gates_GateHWSem_query__F)
                  00850480    00000020             : Ipc.obj (.text:ti_sdo_ipc_gates_GateHWSem_sharedMemReq__E)
                  008504a0    00000020             : Ipc.obj (.text:ti_sdo_ipc_gates_GateMPSupportNull_Instance_init__F)
                  008504c0    00000020     modelPreesm_pe66.oe66 (.text:ti_sdo_ipc_gates_GateMPSupportNull_Params__init__S)
                  008504e0    00000020     ipc.lib : Ipc.obj (.text:ti_sdo_ipc_gates_GateMPSupportNull_getReservedMask__E)
                  00850500    00000020             : Ipc.obj (.text:ti_sdo_ipc_gates_GateMPSupportNull_query__F)
                  00850520    00000020             : Ipc.obj (.text:ti_sdo_ipc_gates_GateMPSupportNull_sharedMemReq__E)
                  00850540    00000020     modelPreesm_pe66.oe66 (.text:ti_sdo_ipc_gates_GatePeterson_Params__init__S)
                  00850560    00000020     ipc.lib : Ipc.obj (.text:ti_sdo_ipc_gates_GatePeterson_getReservedMask__E)
                  00850580    00000020             : Ipc.obj (.text:ti_sdo_ipc_gates_GatePeterson_query__F)
                  008505a0    00000020     modelPreesm_pe66.oe66 (.text:ti_sdo_ipc_heaps_HeapMemMP_Params__init__S)
                  008505c0    00000020     ipc.lib : Ipc.obj (.text:ti_sdo_ipc_heaps_HeapMemMP_isBlocking__F)
                  008505e0    00000020     modelPreesm_pe66.oe66 (.text:ti_sdo_ipc_notifyDrivers_NotifyDriverShm_Params__init__S)
                  00850600    00000020     modelPreesm_pe66.oe66 (.text:ti_sdo_ipc_nsremote_NameServerRemoteNotify_Object__first__S)
                  00850620    00000020     modelPreesm_pe66.oe66 (.text:ti_sdo_ipc_nsremote_NameServerRemoteNotify_Object__next__S)
                  00850640    00000020     modelPreesm_pe66.oe66 (.text:ti_sdo_ipc_nsremote_NameServerRemoteNotify_Params__init__S)
                  00850660    00000020     ipc.lib : Ipc.obj (.text:ti_sdo_ipc_nsremote_NameServerRemoteNotify_cbFxn__I)
                  00850680    00000020             : Ipc.obj (.text:ti_sdo_ipc_transports_TransportShmSetup_isRegistered__E)
                  008506a0    00000020     modelPreesm_pe66.oe66 (.text:ti_sdo_ipc_transports_TransportShm_Params__init__S)
                  008506c0    00000020     ipc.lib : Ipc.obj (.text:ti_sdo_ipc_transports_TransportShm_control__E)
                  008506e0    00000020             : Ipc.obj (.text:ti_sdo_ipc_transports_TransportShm_getStatus__E)
                  00850700    00000020             : Ipc.obj (.text:ti_sdo_ipc_transports_TransportShm_notifyFxn__I)
                  00850720    00000020             : Ipc.obj (.text:ti_sdo_ipc_transports_TransportShm_setErrFxn__F)
                  00850740    00000020             : Ipc.obj (.text:ti_sdo_utils_List_Instance_init__F)
                  00850760    00000020     modelPreesm_pe66.oe66 (.text:ti_sdo_utils_List_Object__destruct__S)
                  00850780    00000020     modelPreesm_pe66.oe66 (.text:ti_sdo_utils_List_Object__get__S)
                  008507a0    00000020     ipc.lib : Ipc.obj (.text:ti_sdo_utils_MultiProc_getClusterId__F)
                  008507c0    00000020     modelPreesm_pe66.oe66 (.text:ti_sdo_utils_NameServer_Object__first__S)
                  008507e0    00000020     modelPreesm_pe66.oe66 (.text:ti_sdo_utils_NameServer_Object__next__S)
                  00850800    00000020     modelPreesm_pe66.oe66 (.text:ti_sysbios_BIOS_RtsGateProxy_enter__E)
                  00850820    00000020     modelPreesm_pe66.oe66 (.text:ti_sysbios_BIOS_RtsGateProxy_leave__E)
                  00850840    00000020     sysbios.lib : BIOS.obj (.text:ti_sysbios_BIOS_getCpuFreq__E)
                  00850860    00000020                 : BIOS.obj (.text:ti_sysbios_BIOS_getThreadType__E)
                  00850880    00000020                 : BIOS.obj (.text:ti_sysbios_BIOS_setThreadType__E)
                  008508a0    00000020     modelPreesm_pe66.oe66 (.text:ti_sysbios_family_c62_TaskSupport_Module__startupDone__S)
                  008508c0    00000020     sysbios.lib : BIOS.obj (.text:ti_sysbios_family_c62_TaskSupport_checkStack__E)
                  008508e0    00000020     modelPreesm_pe66.oe66 (.text:ti_sysbios_family_c64p_Hwi_Params__init__S)
                  00850900    00000020     sysbios.lib : BIOS.obj (.text:ti_sysbios_family_c64p_Hwi_clearInterrupt__E)
                  00850920    00000020                 : BIOS.obj (.text:ti_sysbios_family_c64p_Hwi_getHandle__E)
                  00850940    00000020                 : BIOS.obj (.text:ti_sysbios_family_c64p_Hwi_startup__E)
                  00850960    00000020                 : BIOS.obj (.text:ti_sysbios_family_c64p_Hwi_switchFromBootStack__E)
                  00850980    00000020                 : BIOS.obj (.text:ti_sysbios_family_c64p_Hwi_unPluggedInterrupt__I)
                  008509a0    00000020                 : BIOS.obj (.text:ti_sysbios_family_c64p_TimestampProvider_Module_startup__F)
                  008509c0    00000020                 : BIOS.obj (.text:ti_sysbios_family_c64p_TimestampProvider_get64__E)
                  008509e0    00000020                 : BIOS.obj (.text:ti_sysbios_family_c64p_tci6488_TimerSupport_enable__E)
                  00850a00    00000020                 : BIOS.obj (.text:ti_sysbios_family_c66_Cache_inv__E)
                  00850a20    00000020                 : BIOS.obj (.text:ti_sysbios_family_c66_Cache_wbInv__E)
                  00850a40    00000020                 : BIOS.obj (.text:ti_sysbios_gates_GateAll_Instance_init__F)
                  00850a60    00000020                 : BIOS.obj (.text:ti_sysbios_gates_GateAll_query__F)
                  00850a80    00000020                 : BIOS.obj (.text:ti_sysbios_gates_GateHwi_Instance_init__F)
                  00850aa0    00000020                 : BIOS.obj (.text:ti_sysbios_gates_GateHwi_enter__E)
                  00850ac0    00000020                 : BIOS.obj (.text:ti_sysbios_gates_GateHwi_leave__E)
                  00850ae0    00000020                 : BIOS.obj (.text:ti_sysbios_gates_GateHwi_query__F)
                  00850b00    00000020                 : BIOS.obj (.text:ti_sysbios_gates_GateMutexPri_query__F)
                  00850b20    00000020                 : BIOS.obj (.text:ti_sysbios_gates_GateMutex_query__F)
                  00850b40    00000020                 : BIOS.obj (.text:ti_sysbios_gates_GateSwi_Instance_init__F)
                  00850b60    00000020                 : BIOS.obj (.text:ti_sysbios_gates_GateSwi_query__F)
                  00850b80    00000020     modelPreesm_pe66.oe66 (.text:ti_sysbios_hal_Hwi_HwiProxy_Module__startupDone__S)
                  00850ba0    00000020     sysbios.lib : BIOS.obj (.text:ti_sysbios_hal_Hwi_Module_startup__F)
                  00850bc0    00000020                 : BIOS.obj (.text:ti_sysbios_hal_Timer_Module_startup__F)
                  00850be0    00000020     modelPreesm_pe66.oe66 (.text:ti_sysbios_hal_Timer_TimerProxy_Module__startupDone__S)
                  00850c00    00000020     modelPreesm_pe66.oe66 (.text:ti_sysbios_hal_Timer_TimerProxy_getExpiredCounts__E)
                  00850c20    00000020     modelPreesm_pe66.oe66 (.text:ti_sysbios_hal_Timer_TimerProxy_getPeriod__E)
                  00850c40    00000020     modelPreesm_pe66.oe66 (.text:ti_sysbios_hal_Timer_TimerProxy_setNextTick__E)
                  00850c60    00000020     modelPreesm_pe66.oe66 (.text:ti_sysbios_heaps_HeapMem_Module_GateProxy_enter__E)
                  00850c80    00000020     modelPreesm_pe66.oe66 (.text:ti_sysbios_heaps_HeapMem_Module_GateProxy_leave__E)
                  00850ca0    00000020     sysbios.lib : BIOS.obj (.text:ti_sysbios_heaps_HeapMem_isBlocking__E)
                  00850cc0    00000020     modelPreesm_pe66.oe66 (.text:ti_sysbios_knl_Clock_Params__init__S)
                  00850ce0    00000020     sysbios.lib : BIOS.obj (.text:ti_sysbios_knl_Queue_Instance_init__F)
                  00850d00    00000020     modelPreesm_pe66.oe66 (.text:ti_sysbios_knl_Queue_Object__destruct__S)
                  00850d20    00000020     modelPreesm_pe66.oe66 (.text:ti_sysbios_knl_Queue_Object__get__S)
                  00850d40    00000020     sysbios.lib : BIOS.obj (.text:ti_sysbios_knl_Queue_empty__E)
                  00850d60    00000020     modelPreesm_pe66.oe66 (.text:ti_sysbios_knl_Semaphore_Params__init__S)
                  00850d80    00000020     modelPreesm_pe66.oe66 (.text:ti_sysbios_knl_Swi_Params__init__S)
                  00850da0    00000020     sysbios.lib : BIOS.obj (.text:ti_sysbios_knl_Swi_disable__E)
                  00850dc0    00000020     modelPreesm_pe66.oe66 (.text:ti_sysbios_knl_Task_Object__first__S)
                  00850de0    00000020     modelPreesm_pe66.oe66 (.text:ti_sysbios_knl_Task_Object__next__S)
                  00850e00    00000020     modelPreesm_pe66.oe66 (.text:ti_sysbios_knl_Task_SupportProxy_Module__startupDone__S)
                  00850e20    00000020     sysbios.lib : BIOS.obj (.text:ti_sysbios_knl_Task_disable__E)
                  00850e40    00000020                 : BIOS.obj (.text:ti_sysbios_knl_Task_getPri__E)
                  00850e60    00000020                 : BIOS.obj (.text:ti_sysbios_knl_Task_self__E)
                  00850e80    00000020                 : BIOS.obj (.text:ti_sysbios_timers_timer64_Timer_setNextTick__E)
                  00850ea0    00000020     ti.targets.rts6000.ae66 : GateNull.oe66 (.text:xdc_runtime_GateNull_enter__F)
                  00850ec0    00000020                             : GateNull.oe66 (.text:xdc_runtime_GateNull_leave__F)
                  00850ee0    00000020                             : GateNull.oe66 (.text:xdc_runtime_GateNull_query__F)
                  00850f00    00000020                             : Gate.oe66 (.text:xdc_runtime_Gate_enterSystem__F)
                  00850f20    00000020     modelPreesm_pe66.oe66 (.text:xdc_runtime_IHeap_alloc)
                  00850f40    00000020     modelPreesm_pe66.oe66 (.text:xdc_runtime_IHeap_free)
                  00850f60    00000020     modelPreesm_pe66.oe66 (.text:xdc_runtime_Memory_HeapProxy_alloc__E)
                  00850f80    00000020     modelPreesm_pe66.oe66 (.text:xdc_runtime_Memory_HeapProxy_free__E)
                  00850fa0    00000020     ti.targets.rts6000.ae66 : Memory.oe66 (.text:xdc_runtime_Memory_getMaxDefaultTypeAlign__F)
                  00850fc0    00000020     modelPreesm_pe66.oe66 (.text:xdc_runtime_Startup_Module__startupDone__S)
                  00850fe0    00000020     modelPreesm_pe66.oe66 (.text:xdc_runtime_Startup_exec__I)
                  00851000    00000020     modelPreesm_pe66.oe66 (.text:xdc_runtime_Startup_reset__I)
                  00851020    00000020     ti.targets.rts6000.ae66 : Startup.oe66 (.text:xdc_runtime_Startup_rtsDone__F)
                  00851040    00000020                             : SysStd.oe66 (.text:xdc_runtime_SysStd_exit__F)
                  00851060    00000020                             : SysStd.oe66 (.text:xdc_runtime_SysStd_putch__F)
                  00851080    00000020                             : SysStd.oe66 (.text:xdc_runtime_SysStd_ready__F)
                  008510a0    00000020     modelPreesm_pe66.oe66 (.text:xdc_runtime_System_Module_GateProxy_enter__E)
                  008510c0    00000020     modelPreesm_pe66.oe66 (.text:xdc_runtime_System_Module_GateProxy_leave__E)
                  008510e0    00000020     ti.targets.rts6000.ae66 : System.oe66 (.text:xdc_runtime_System_Module_startup__F)
                  00851100    00000020                             : System.oe66 (.text:xdc_runtime_System_exit__F)
                  00851120    00000020                             : System.oe66 (.text:xdc_runtime_System_lastFxn__I)
                  00851140    00000020                             : System.oe66 (.text:xdc_runtime_System_vsprintf__F)
                  00851160    00000020     modelPreesm_pe66.oe66 (.text:xdc_runtime_Text_visitRope__I)
                  00851180    00000020     modelPreesm_pe66.oe66 (.text:xdc_runtime_knl_GateThread_Module__startupDone__S)
                  008511a0    00000020     modelPreesm_pe66.oe66 (.text:xdc_runtime_knl_GateThread_Proxy_Object__create__S)
                  008511c0    00000020     modelPreesm_pe66.oe66 (.text:xdc_runtime_knl_GateThread_Proxy_Object__delete__S)
                  008511e0    00000020     modelPreesm_pe66.oe66 (.text:xdc_runtime_knl_GateThread_Proxy_enter__E)
                  00851200    00000020     modelPreesm_pe66.oe66 (.text:xdc_runtime_knl_GateThread_Proxy_leave__E)
                  00851220    00000020     ti.targets.rts6000.ae66 : GateThread.oe66 (.text:xdc_runtime_knl_GateThread_enter__F)
                  00851240    00000020                             : GateThread.oe66 (.text:xdc_runtime_knl_GateThread_leave__F)

.far.1     0    00851260    00009038     UNINITIALIZED
                  00851260    00008034     modelPreesm_pe66.oe66 (.far)
                  00859294    00000004     --HOLE--
                  00859298    00001000     modelPreesm_pe66.oe66 (.far:taskStackSection)

.far.2     0    0085a2a0    000003a8     UNINITIALIZED
                  0085a2a0    00000190     semaphore6678.obj (.far)
                  0085a430    00000140     rts6600_elf.lib : defs.obj (.far)
                  0085a570    000000d8                     : trgdrv.obj (.far)

.far.3     0    0085a650    00000020     UNINITIALIZED
                  0085a650    00000020     communication.obj (.far)

.const     0    0085a670    00004262     
                  0085a670    000025b8     modelPreesm_pe66.oe66 (.const:xdc_runtime_Text_charTab__A)
                  0085cc28    0000042c     sysbios.lib : BIOS.obj (.const:.string)
                  0085d054    0000000c     modelPreesm_pe66.oe66 (.const:ti_sysbios_family_c66_Cache_initSize__C)
                  0085d060    00000400     modelPreesm_pe66.oe66 (.const:ti_sysbios_family_c66_Cache_marvalues__C)
                  0085d460    00000174     modelPreesm_pe66.oe66 (.const:xdc_runtime_Text_nodeTab__A)
                  0085d5d4    00000008     ti.targets.rts6000.ae66 : System.oe66 (.const:.string)
                  0085d5dc    00000004                             : Assert.oe66 (.const:.string)
                  0085d5e0    00000101     rts6600_elf.lib : ctype.obj (.const:_ctypes_)
                  0085d6e1    00000003     --HOLE-- [fill = 0]
                  0085d6e4    000000d7     modelPreesm_pe66.oe66 (.const:.string)
                  0085d7bb    00000001     --HOLE-- [fill = 0]
                  0085d7bc    00000058     ti.targets.rts6000.ae66 : Error.oe66 (.const:.string)
                  0085d814    00000048     communication.obj (.const:.string)
                  0085d85c    00000040     ti.targets.rts6000.ae66 : Text.oe66 (.const:.string)
                  0085d89c    00000004     modelPreesm_pe66.oe66 (.const:ti_sdo_ipc_GateMP_A_invalidClose__C)
                  0085d8a0    00000040     modelPreesm_pe66.oe66 (.const:xdc_runtime_Startup_sfxnTab__A)
                  0085d8e0    0000003c     displayTensor.obj (.const:.string)
                  0085d91c    00000038     modelPreesm_pe66.oe66 (.const:ti_sdo_ipc_notifyDrivers_NotifyDriverShm_Module__FXNS__C)
                  0085d954    00000034     semaphore6678.obj (.const:.string)
                  0085d988    00000034     modelPreesm_pe66.oe66 (.const:ti_sdo_ipc_GateMP_Object__PARAMS__C)
                  0085d9bc    00000034     modelPreesm_pe66.oe66 (.const:ti_sdo_ipc_notifyDrivers_NotifyDriverShm_Object__PARAMS__C)
                  0085d9f0    00000030     modelPreesm_pe66.oe66 (.const:ti_sdo_ipc_heaps_HeapMemMP_Object__PARAMS__C)
                  0085da20    00000030     modelPreesm_pe66.oe66 (.const:ti_sysbios_family_c64p_Hwi_Object__PARAMS__C)
                  0085da50    0000002c     ti.targets.rts6000.ae66 : Startup.oe66 (.const:.string)
                  0085da7c    0000002c     modelPreesm_pe66.oe66 (.const:ti_sdo_ipc_ListMP_Object__PARAMS__C)
                  0085daa8    0000002c     modelPreesm_pe66.oe66 (.const:ti_sdo_ipc_gates_GateHWSem_Module__FXNS__C)
                  0085dad4    0000002c     modelPreesm_pe66.oe66 (.const:ti_sdo_ipc_gates_GateMPSupportNull_Module__FXNS__C)
                  0085db00    0000002c     modelPreesm_pe66.oe66 (.const:ti_sdo_ipc_gates_GatePeterson_Module__FXNS__C)
                  0085db2c    00000028     generateTensors.obj (.const:.string)
                  0085db54    00000028     modelPreesm_pe66.oe66 (.const:ti_sdo_ipc_heaps_HeapMemMP_Module__FXNS__C)
                  0085db7c    00000028     modelPreesm_pe66.oe66 (.const:ti_sdo_ipc_nsremote_NameServerRemoteNotify_Module__FXNS__C)
                  0085dba4    00000028     modelPreesm_pe66.oe66 (.const:ti_sdo_ipc_transports_TransportShm_Module__FXNS__C)
                  0085dbcc    00000028     modelPreesm_pe66.oe66 (.const:ti_sdo_ipc_transports_TransportShm_Object__PARAMS__C)
                  0085dbf4    00000028     modelPreesm_pe66.oe66 (.const:ti_sysbios_heaps_HeapMem_Module__FXNS__C)
                  0085dc1c    00000028     modelPreesm_pe66.oe66 (.const:ti_sysbios_knl_Swi_Object__PARAMS__C)
                  0085dc44    00000024     modelPreesm_pe66.oe66 (.const:ti_sdo_ipc_gates_GateHWSem_Object__PARAMS__C)
                  0085dc68    00000024     modelPreesm_pe66.oe66 (.const:ti_sdo_ipc_gates_GateMPSupportNull_Object__PARAMS__C)
                  0085dc8c    00000024     modelPreesm_pe66.oe66 (.const:ti_sdo_ipc_gates_GatePeterson_Object__PARAMS__C)
                  0085dcb0    00000024     modelPreesm_pe66.oe66 (.const:ti_sysbios_gates_GateAll_Module__FXNS__C)
                  0085dcd4    00000024     modelPreesm_pe66.oe66 (.const:ti_sysbios_gates_GateHwi_Module__FXNS__C)
                  0085dcf8    00000024     modelPreesm_pe66.oe66 (.const:ti_sysbios_gates_GateMutexPri_Module__FXNS__C)
                  0085dd1c    00000024     modelPreesm_pe66.oe66 (.const:ti_sysbios_gates_GateMutex_Module__FXNS__C)
                  0085dd40    00000024     modelPreesm_pe66.oe66 (.const:ti_sysbios_gates_GateSwi_Module__FXNS__C)
                  0085dd64    00000024     modelPreesm_pe66.oe66 (.const:ti_sysbios_knl_Clock_Object__PARAMS__C)
                  0085dd88    00000024     modelPreesm_pe66.oe66 (.const:ti_sysbios_knl_Semaphore_Object__PARAMS__C)
                  0085ddac    00000024     modelPreesm_pe66.oe66 (.const:xdc_runtime_GateNull_Module__FXNS__C)
                  0085ddd0    00000024     modelPreesm_pe66.oe66 (.const:xdc_runtime_knl_GateThread_Module__FXNS__C)
                  0085ddf4    00000023     rts6600_elf.lib : _printfi.obj (.const:.string)
                  0085de17    00000001     --HOLE-- [fill = 0]
                  0085de18    00000020     ti.targets.rts6000.ae66 : Core-mem.oe66 (.const:.string)
                  0085de38    00000020     modelPreesm_pe66.oe66 (.const:ti_sdo_ipc_GateMP_Object__DESC__C)
                  0085de58    00000020     modelPreesm_pe66.oe66 (.const:ti_sdo_ipc_ListMP_Object__DESC__C)
                  0085de78    00000020     modelPreesm_pe66.oe66 (.const:ti_sdo_ipc_Notify_Object__DESC__C)
                  0085de98    00000020     modelPreesm_pe66.oe66 (.const:ti_sdo_ipc_gates_GateHWSem_Object__DESC__C)
                  0085deb8    00000020     modelPreesm_pe66.oe66 (.const:ti_sdo_ipc_gates_GateMPSupportNull_Object__DESC__C)
                  0085ded8    00000020     modelPreesm_pe66.oe66 (.const:ti_sdo_ipc_gates_GatePeterson_Object__DESC__C)
                  0085def8    00000020     modelPreesm_pe66.oe66 (.const:ti_sdo_ipc_heaps_HeapMemMP_Object__DESC__C)
                  0085df18    00000020     modelPreesm_pe66.oe66 (.const:ti_sdo_ipc_notifyDrivers_NotifyDriverShm_Object__DESC__C)
                  0085df38    00000020     modelPreesm_pe66.oe66 (.const:ti_sdo_ipc_nsremote_NameServerRemoteNotify_Object__DESC__C)
                  0085df58    00000020     modelPreesm_pe66.oe66 (.const:ti_sdo_ipc_nsremote_NameServerRemoteNotify_Object__PARAMS__C)
                  0085df78    00000020     modelPreesm_pe66.oe66 (.const:ti_sdo_ipc_transports_TransportShm_Object__DESC__C)
                  0085df98    00000020     modelPreesm_pe66.oe66 (.const:ti_sdo_utils_List_Object__DESC__C)
                  0085dfb8    00000020     modelPreesm_pe66.oe66 (.const:ti_sysbios_family_c64p_Hwi_Object__DESC__C)
                  0085dfd8    00000020     modelPreesm_pe66.oe66 (.const:ti_sysbios_gates_GateAll_Object__DESC__C)
                  0085dff8    00000020     modelPreesm_pe66.oe66 (.const:ti_sysbios_gates_GateHwi_Object__DESC__C)
                  0085e018    00000020     modelPreesm_pe66.oe66 (.const:ti_sysbios_gates_GateMutexPri_Object__DESC__C)
                  0085e038    00000020     modelPreesm_pe66.oe66 (.const:ti_sysbios_gates_GateMutex_Object__DESC__C)
                  0085e058    00000020     modelPreesm_pe66.oe66 (.const:ti_sysbios_gates_GateSwi_Object__DESC__C)
                  0085e078    00000020     modelPreesm_pe66.oe66 (.const:ti_sysbios_heaps_HeapMem_Object__DESC__C)
                  0085e098    00000020     modelPreesm_pe66.oe66 (.const:ti_sysbios_heaps_HeapMem_Object__PARAMS__C)
                  0085e0b8    00000020     modelPreesm_pe66.oe66 (.const:ti_sysbios_knl_Clock_Object__DESC__C)
                  0085e0d8    00000020     modelPreesm_pe66.oe66 (.const:ti_sysbios_knl_Queue_Object__DESC__C)
                  0085e0f8    00000020     modelPreesm_pe66.oe66 (.const:ti_sysbios_knl_Semaphore_Object__DESC__C)
                  0085e118    00000020     modelPreesm_pe66.oe66 (.const:ti_sysbios_knl_Swi_Object__DESC__C)
                  0085e138    00000020     modelPreesm_pe66.oe66 (.const:ti_sysbios_xdcruntime_GateThreadSupport_Object__DESC__C)
                  0085e158    00000020     modelPreesm_pe66.oe66 (.const:xdc_runtime_GateNull_Object__DESC__C)
                  0085e178    00000008     modelPreesm_pe66.oe66 (.const:ti_sysbios_knl_Idle_funcList__C)
                  0085e180    00000020     modelPreesm_pe66.oe66 (.const:xdc_runtime_Startup_sfxnRts__A)
                  0085e1a0    00000020     modelPreesm_pe66.oe66 (.const:xdc_runtime_knl_GateThread_Object__DESC__C)
                  0085e1c0    00000018     main.obj (.const:.string)
                  0085e1d8    00000018     modelPreesm_pe66.oe66 (.const:ti_sdo_ipc_Notify_Object__PARAMS__C)
                  0085e1f0    00000018     modelPreesm_pe66.oe66 (.const:ti_sdo_utils_List_Object__PARAMS__C)
                  0085e208    00000018     modelPreesm_pe66.oe66 (.const:ti_sysbios_gates_GateAll_Object__PARAMS__C)
                  0085e220    00000018     modelPreesm_pe66.oe66 (.const:ti_sysbios_gates_GateHwi_Object__PARAMS__C)
                  0085e238    00000018     modelPreesm_pe66.oe66 (.const:ti_sysbios_gates_GateMutexPri_Object__PARAMS__C)
                  0085e250    00000018     modelPreesm_pe66.oe66 (.const:ti_sysbios_gates_GateMutex_Object__PARAMS__C)
                  0085e268    00000018     modelPreesm_pe66.oe66 (.const:ti_sysbios_gates_GateSwi_Object__PARAMS__C)
                  0085e280    00000018     modelPreesm_pe66.oe66 (.const:ti_sysbios_knl_Queue_Object__PARAMS__C)
                  0085e298    00000008     modelPreesm_pe66.oe66 (.const:ti_sysbios_knl_Task_hooks__C)
                  0085e2a0    00000018     modelPreesm_pe66.oe66 (.const:ti_sysbios_knl_Task_hooks__A)
                  0085e2b8    00000018     modelPreesm_pe66.oe66 (.const:ti_sysbios_xdcruntime_GateThreadSupport_Object__PARAMS__C)
                  0085e2d0    00000018     modelPreesm_pe66.oe66 (.const:xdc_runtime_GateNull_Object__PARAMS__C)
                  0085e2e8    00000018     modelPreesm_pe66.oe66 (.const:xdc_runtime_knl_GateThread_Object__PARAMS__C)
                  0085e300    00000011     ti.targets.rts6000.ae66 : System.oe66 (.const:digtohex)
                  0085e311    00000003     --HOLE-- [fill = 0]
                  0085e314    00000008     modelPreesm_pe66.oe66 (.const:xdc_runtime_Startup_firstFxns__C)
                  0085e31c    00000004     modelPreesm_pe66.oe66 (.const:ti_sdo_ipc_GateMP_A_invalidDelete__C)
                  0085e320    00000010     modelPreesm_pe66.oe66 (.const:ti_sdo_ipc_family_c647x_MultiProcSetup_procMap__A)
                  0085e330    00000010     modelPreesm_pe66.oe66 (.const:ti_sdo_utils_MultiProc_procIdList__A)
                  0085e340    0000000c     modelPreesm_pe66.oe66 (.const:xdc_runtime_Startup_firstFxns__A)
                  0085e34c    00000008     modelPreesm_pe66.oe66 (.const:xdc_runtime_Startup_lastFxns__C)
                  0085e354    00000004     modelPreesm_pe66.oe66 (.const:ti_sdo_ipc_GateMP_E_gateUnavailable__C)
                  0085e358    00000004     modelPreesm_pe66.oe66 (.const:ti_sdo_ipc_GateMP_E_localGate__C)
                  0085e35c    00000004     modelPreesm_pe66.oe66 (.const:ti_sdo_ipc_GateMP_LM_create__C)
[...]
00861590   arrayA_6062080__arrayA__0
00861594   output_262144__arrayB__2
00861598   arrayA_9043968__arrayA__0
0086159c   arrayC__arrayC_12582912__0
008615a0   output_524288__arrayB__37
008615a4   arrayC__arrayC_10059776__0
008615a8   arrayA_9175040__arrayA__0
008615ac   output_0__arrayB__54
008615b0   arrayC__arrayC_720896__0
008615b4   arrayA_3506176__arrayA__0
008615b8   arrayA_8552448__arrayA__0
008615bc   arrayC__arrayC_12124160__0
008615c0   arrayA_262144__arrayA__0
008615c4   arrayB_5242880__input__0
008615c8   arrayB_4980736__input__0
008615cc   output_1572864__arrayB__48
008615d0   arrayB_2359296__input__0
008615d4   output_0__arrayB__41
008615d8   arrayA_7012352__arrayA__0
008615dc   arrayA_16285696__arrayA__0
008615e0   arrayC__arrayC_9011200__0
008615e4   arrayA_9502720__arrayA__0
008615e8   output_0__arrayB__50
008615ec   arrayC__arrayC_3178496__0
008615f0   arrayA_1343488__arrayA__0
008615f4   arrayC__arrayC_15794176__0
008615f8   arrayC__arrayC_10452992__0
008615fc   arrayC__arrayC_2752512__0
00861600   output_786432__arrayB__63
00861604   arrayA_9699328__arrayA__0
00861608   arrayC__arrayC_2392064__0
0086160c   arrayC__arrayC_16056320__0
00861610   output_1835008__arrayB__57
00861614   arrayB_8126464__input__0
00861618   arrayC__arrayC_3375104__0
0086161c   arrayA_360448__arrayA__0
00861620   arrayA_8060928__arrayA__0
00861624   arrayC__arrayC_13172736__0
00861628   output_1572864__arrayB__42
0086162c   output_1572864__arrayB__32
00861630   arrayA_14319616__arrayA__0
00861634   arrayA_4620288__arrayA__0
00861638   arrayC__arrayC_10616832__0
0086163c   arrayA_2490368__arrayA__0
00861640   arrayC__arrayC_8650752__0
00861644   arrayC__arrayC_10780672__0
00861648   output_1310720__arrayB__13
0086164c   arrayA_11010048__arrayA__0
00861650   arrayA_9371648__arrayA__0
00861654   arrayC__arrayC_16023552__0
00861658   arrayA_15958016__arrayA__0
0086165c   arrayA_7602176__arrayA__0
00861660   arrayA_12320768__arrayA__0
00861664   output_0__arrayB__13
00861668   output_1048576__arrayB__47
0086166c   arrayC__arrayC_9306112__0
00861670   arrayC__arrayC_8552448__0
00861674   arrayC__arrayC_4685824__0
00861678   arrayA_11370496__arrayA__0
0086167c   arrayA_294912__arrayA__0
00861680   arrayC__arrayC_65536__0
00861684   output_524288__arrayB__59
00861688   arrayC__arrayC_819200__0
0086168c   arrayA_13238272__arrayA__0
00861690   arrayA_8814592__arrayA__0
00861694   arrayC__arrayC_15925248__0
00861698   arrayC__arrayC_4489216__0
0086169c   output_1835008__arrayB__15
008616a0   arrayA_7340032__arrayA__0
008616a4   arrayC__arrayC_655360__0
008616a8   arrayA_15204352__arrayA__0
008616ac   arrayC__arrayC_163840__0
008616b0   output_1835008__arrayB__62
008616b4   arrayA_8781824__arrayA__0
008616b8   arrayC__arrayC_3670016__0
008616bc   output_524288__arrayB__61
008616c0   arrayB_8912896__input__0
008616c4   arrayC__arrayC_1310720__0
008616c8   arrayC__arrayC_6422528__0
008616cc   arrayA_4521984__arrayA__0
008616d0   arrayC__arrayC_9273344__0
008616d4   arrayB_7602176__input__0
008616d8   arrayC__arrayC_4915200__0
008616dc   output_524288__arrayB__18
008616e0   arrayA_8749056__arrayA__0
008616e4   arrayC__arrayC_6356992__0
008616e8   output_0__arrayB__39
008616ec   arrayC__arrayC_14286848__0
008616f0   arrayA_9142272__arrayA__0
008616f4   output_524288__arrayB__38
008616f8   arrayC__arrayC_294912__0
008616fc   output_1310720__arrayB__51
00861700   output_1835008__arrayB__56
00861704   arrayA_14581760__arrayA__0
00861708   arrayA_12451840__arrayA__0
0086170c   arrayB_7077888__input__0
00861710   arrayA_10452992__arrayA__0
00861714   arrayA_9863168__arrayA__0
00861718   arrayC__arrayC_8716288__0
0086171c   output_524288__arrayB__16
00861720   arrayA_8847360__arrayA__0
00861724   arrayC__arrayC_5767168__0
00861728   output_786432__arrayB__28
0086172c   arrayA_6651904__arrayA__0
00861730   arrayB_9175040__input__0
00861734   arrayC__arrayC_14090240__0
00861738   arrayC__arrayC_16285696__0
0086173c   arrayC__arrayC_3637248__0
00861740   output_0__arrayB__9
00861744   arrayC__arrayC_13434880__0
00861748   output_1572864__arrayB__21
0086174c   output_1048576__arrayB__60
00861750   output_1572864__arrayB__63
00861754   arrayB_11796480__input__0
00861758   output_524288__arrayB__15
0086175c   arrayA_2654208__arrayA__0
00861760   arrayA_2555904__arrayA__0
00861764   arrayA_14450688__arrayA__0
00861768   arrayA_5177344__arrayA__0
0086176c   arrayC__arrayC_3145728__0
00861770   arrayC__arrayC_15532032__0
00861774   output_524288__arrayB__45
00861778   output_524288__arrayB__14
0086177c   arrayA_851968__arrayA__0
00861780   arrayC__arrayC_16089088__0
00861784   arrayC__arrayC_8224768__0
00861788   arrayC__arrayC_3047424__0
0086178c   arrayB_2097152__input__0
00861790   arrayA_15794176__arrayA__0
00861794   output_1835008__arrayB__38
00861798   output_1048576__arrayB__21
0086179c   arrayA_8388608__arrayA__0
008617a0   output_0__arrayB__47
008617a4   arrayC__arrayC_3604480__0
008617a8   arrayC__arrayC_9797632__0
008617ac   arrayA_10878976__arrayA__0
008617b0   arrayC__arrayC_6815744__0
008617b4   arrayA_4849664__arrayA__0
008617b8   arrayC__arrayC_6684672__0
008617bc   arrayA_12910592__arrayA__0
008617c0   arrayA_12615680__arrayA__0
008617c4   arrayC__arrayC_14680064__0
008617c8   arrayC__arrayC_7340032__0
008617cc   arrayC__arrayC_3801088__0
008617d0   arrayC__arrayC_3735552__0
008617d4   arrayA_8716288__arrayA__0
008617d8   arrayC__arrayC_15007744__0
008617dc   arrayC__arrayC_2916352__0
008617e0   arrayC__arrayC_1540096__0
008617e4   output_262144__arrayB__19
008617e8   arrayA_10813440__arrayA__0
008617ec   arrayC__arrayC_3571712__0
008617f0   arrayB_3407872__input__0
008617f4   arrayA_4456448__arrayA__0
008617f8   arrayA_13991936__arrayA__0
008617fc   arrayC__arrayC_11960320__0
00861800   output_1572864__arrayB__8
00861804   output_524288__arrayB__23
00861808   arrayA_12877824__arrayA__0
0086180c   output_1310720__arrayB__44
00861810   output_1310720__arrayB__41
00861814   arrayC__arrayC_11501568__0
00861818   arrayB_12845056__input__0
0086181c   arrayA_9535488__arrayA__0
00861820   output_1310720__arrayB__47
00861824   arrayA_8880128__arrayA__0
00861828   output_1310720__arrayB__62
0086182c   output_1048576__arrayB__33
00861830   output_1572864__arrayB__26
00861834   arrayA_5406720__arrayA__0
00861838   arrayA_8519680__arrayA__0
0086183c   arrayA_14909440__arrayA__0
00861840   output_1048576__arrayB__61
00861844   arrayA_12550144__arrayA__0
00861848   arrayC__arrayC_13533184__0
0086184c   output_262144__arrayB__4
00861850   arrayC__arrayC_7503872__0
00861854   output_1048576__arrayB__19
00861858   arrayC__arrayC_16416768__0
0086185c   arrayA_13959168__arrayA__0
00861860   output_786432__arrayB__48
00861864   arrayC__arrayC_7831552__0
00861868   arrayA_11337728__arrayA__0
0086186c   arrayA_15269888__arrayA__0
00861870   arrayA_2457600__arrayA__0
00861874   output_524288__arrayB__56
00861878   arrayA_6160384__arrayA__0
0086187c   arrayA_1769472__arrayA__0
00861880   arrayA_8683520__arrayA__0
00861884   arrayB_6815744__input__0
00861888   output_786432__arrayB__56
0086188c   arrayA_4816896__arrayA__0
00861890   arrayC__arrayC_12910592__0
00861894   arrayA_11796480__arrayA__0
00861898   arrayC__arrayC_4980736__0
0086189c   output_0__arrayB__2
008618a0   output_262144__arrayB__31
008618a4   output_786432__arrayB__21
008618a8   arrayC__arrayC_3080192__0
008618ac   arrayA_2850816__arrayA__0
008618b0   arrayA_3440640__arrayA__0
008618b4   arrayC__arrayC_12484608__0
008618b8   arrayC__arrayC_11108352__0
008618bc   output_1048576__arrayB__53
008618c0   arrayA_5308416__arrayA__0
008618c4   arrayC__arrayC_13893632__0
008618c8   arrayA_11599872__arrayA__0
008618cc   arrayC__arrayC_7307264__0
008618d0   arrayC__arrayC_3407872__0
008618d4   output_0__arrayB__4
008618d8   output_524288__arrayB__49
008618dc   output_1572864__arrayB__54
008618e0   arrayA_6520832__arrayA__0
008618e4   arrayA_13107200__arrayA__0
008618e8   arrayC__arrayC_8126464__0
008618ec   arrayB_15466496__input__0
008618f0   output_0__arrayB__17
008618f4   arrayB_9437184__input__0
008618f8   arrayB_10485760__input__0
008618fc   arrayA_2719744__arrayA__0
00861900   arrayC__arrayC_3342336__0
00861904   arrayC__arrayC_7110656__0
00861908   output_262144__arrayB__34
0086190c   arrayA_1048576__arrayA__0
00861910   arrayC__arrayC_12976128__0
00861914   arrayA_9437184__arrayA__0
00861918   arrayC__arrayC_14843904__0
0086191c   output_0__arrayB__21
00861920   arrayA_10059776__arrayA__0
00861924   arrayC__arrayC_262144__0
00861928   arrayB_3670016__input__0
0086192c   output_1310720__arrayB__7
00861930   arrayC__arrayC_15204352__0
00861934   output_262144__arrayB__44
00861938   arrayA_11304960__arrayA__0
0086193c   arrayA_3014656__arrayA__0
00861940   output_524288__arrayB__52
00861944   arrayC__arrayC_2424832__0
00861948   arrayC__arrayC_13369344__0
0086194c   arrayB_10223616__input__0
00861950   arrayC__arrayC_10878976__0
00861954   arrayA_1015808__arrayA__0
00861958   arrayA_6291456__arrayA__0
0086195c   arrayC__arrayC_4849664__0
00861960   output_1572864__arrayB__38
00861964   output_1572864__arrayB__0
00861968   arrayC__arrayC_14745600__0
0086196c   arrayC__arrayC_4751360__0
00861970   arrayC__arrayC_3211264__0
00861974   arrayC__arrayC_15564800__0
00861978   output_1835008__arrayB__63
0086197c   arrayA_9830400__arrayA__0
00861980   output_0__arrayB__51
00861984   arrayC__arrayC_11534336__0
00861988   arrayC__arrayC_6586368__0
0086198c   output_0__arrayB__16
00861990   arrayC__arrayC_11370496__0
00861994   arrayC__arrayC_4718592__0
00861998   arrayC__arrayC_9666560__0
0086199c   output_786432__arrayB__33
008619a0   output_262144__arrayB__18
008619a4   arrayA_13664256__arrayA__0
008619a8   arrayC__arrayC_9371648__0
008619ac   arrayA_13729792__arrayA__0
008619b0   arrayC__arrayC_11337728__0
008619b4   arrayC__arrayC_8060928__0
008619b8   arrayC__arrayC_12648448__0
008619bc   output_262144__arrayB__28
008619c0   arrayC__arrayC_7438336__0
008619c4   arrayC__arrayC_14024704__0
008619c8   arrayA_589824__arrayA__0
008619cc   arrayA_7274496__arrayA__0
008619d0   arrayA_950272__arrayA__0
008619d4   arrayA_1245184__arrayA__0
008619d8   arrayA_720896__arrayA__0
008619dc   output_1835008__arrayB__9
008619e0   arrayA_65536__arrayA__0
008619e4   output_1835008__arrayB__4
008619e8   output_1572864__arrayB__4
008619ec   arrayA_5341184__arrayA__0
008619f0   output_1835008__arrayB__34
008619f4   arrayC__arrayC_5210112__0
008619f8   output_0__arrayB__25
008619fc   output_786432__arrayB__25
00861a00   output_262144__arrayB__59
00861a04   output_524288__arrayB__21
00861a08   output_786432__arrayB__42
00861a0c   arrayA_12386304__arrayA__0
00861a10   output_262144__arrayB__13
00861a14   arrayC__arrayC_12550144__0
00861a18   arrayC__arrayC_12255232__0
00861a1c   arrayC__arrayC_14417920__0
00861a20   output_1572864__arrayB__56
00861a24   arrayC__arrayC_3440640__0
00861a28   arrayA_2392064__arrayA__0
00861a2c   arrayA_7208960__arrayA__0
00861a30   arrayA_14778368__arrayA__0
00861a34   arrayA_13303808__arrayA__0
00861a38   output_786432__arrayB__44
00861a3c   arrayC__arrayC_14778368__0
00861a40   arrayC__arrayC_7143424__0
00861a44   arrayA_7667712__arrayA__0
00861a48   output_1835008__arrayB__43
00861a4c   output_1048576__arrayB__26
00861a50   arrayC__arrayC_11599872__0
00861a54   arrayA_4325376__arrayA__0
00861a58   arrayC__arrayC_1048576__0
00861a5c   arrayC__arrayC_13041664__0
00861a60   arrayC__arrayC_10846208__0
00861a64   output_524288__arrayB__11
00861a68   arrayC__arrayC_6225920__0
00861a6c   arrayA_5832704__arrayA__0
00861a70   output_1310720__arrayB__50
00861a74   arrayA_11894784__arrayA__0
00861a78   arrayC__arrayC_13402112__0
00861a7c   output_1048576__arrayB__44
00861a80   arrayA_12517376__arrayA__0
00861a84   arrayA_11075584__arrayA__0
00861a88   arrayA_15400960__arrayA__0
00861a8c   arrayA_12976128__arrayA__0
00861a90   arrayA_8650752__arrayA__0
00861a94   output_1048576__arrayB__57
00861a98   arrayA_2424832__arrayA__0
00861a9c   arrayC__arrayC_13631488__0
00861aa0   arrayA_6193152__arrayA__0
00861aa4   output_1048576__arrayB__13
00861aa8   arrayC__arrayC_1671168__0
00861aac   arrayA_10190848__arrayA__0
00861ab0   arrayC__arrayC_11763712__0
00861ab4   arrayA_5144576__arrayA__0
00861ab8   output_786432__arrayB__38
00861abc   arrayC__arrayC_3276800__0
00861ac0   arrayA_917504__arrayA__0
00861ac4   output_1310720__arrayB__49
00861ac8   arrayC__arrayC_8388608__0
00861acc   arrayB_2621440__input__0
00861ad0   arrayC__arrayC_12451840__0
00861ad4   arrayC__arrayC_1114112__0
00861ad8   arrayA_2686976__arrayA__0
00861adc   arrayC__arrayC_4816896__0
00861ae0   output_1310720__arrayB__33
00861ae4   arrayA_4489216__arrayA__0
00861ae8   arrayC__arrayC_7798784__0
00861aec   arrayC__arrayC_5373952__0
00861af0   arrayC__arrayC_7962624__0
00861af4   arrayA_12713984__arrayA__0
00861af8   arrayC__arrayC_12222464__0
00861b00   ti_sdo_ipc_GateMP_Module_State_0_remoteCustom1Gates__A
00862300   ti_sdo_ipc_GateMP_Module__root__V
00862308   ti_sdo_ipc_GateMP_Module__state__V
00862350   ti_sdo_ipc_Ipc_Module__state__V
0086235c   ti_sdo_ipc_ListMP_Module__root__V
00862364   ti_sdo_ipc_ListMP_Module__state__V
00862368   ti_sdo_ipc_MessageQ_Module__root__V
00862370   ti_sdo_ipc_MessageQ_Module__state__V
0086238c   ti_sdo_ipc_Notify_Module__root__V
00862394   ti_sdo_ipc_Notify_Module__state__V
0086239c   ti_sdo_ipc_SharedRegion_Module__state__V
008623a0   ti_sdo_ipc_family_c647x_Interrupt_Module__state__V
008623a8   ti_sdo_ipc_gates_GateHWSem_Module__root__V
008623b0   ti_sdo_ipc_gates_GateMPSupportNull_Module__root__V
008623b8   ti_sdo_ipc_gates_GatePeterson_Module__root__V
008623c0   ti_sdo_ipc_heaps_HeapBufMP_Module__root__V
008623c8   ti_sdo_ipc_heaps_HeapBufMP_Module__state__V
008623cc   ti_sdo_ipc_heaps_HeapMemMP_Module__root__V
008623d4   ti_sdo_ipc_heaps_HeapMemMP_Module__state__V
008623d8   ti_sdo_ipc_notifyDrivers_NotifyDriverShm_Module__root__V
008623e0   ti_sdo_ipc_nsremote_NameServerRemoteNotify_Module__root__V
008623e8   ti_sdo_ipc_transports_TransportShm_Module__root__V
008623f0   ti_sdo_ipc_transports_TransportShmSetup_Module__state__V
008623f4   ti_sdo_utils_List_Module__root__V
008623fc   ti_sdo_utils_MultiProc_Module__state__V
00862400   ti_sdo_utils_NameServer_Module__root__V
00862408   ti_sdo_utils_NameServer_Module__state__V
00862410   ti_sdo_utils_NameServerRemoteNull_Module__root__V
00862418   ti_sysbios_BIOS_Module__state__V
00862434   ti_sysbios_family_c64p_Exception_Module__state__V
00862460   ti_sysbios_family_c64p_Hwi_Module__root__V
00862468   ti_sysbios_family_c64p_Hwi_Module__state__V
008624d0   ti_sysbios_gates_GateAll_Module__root__V
008624d8   ti_sysbios_gates_GateHwi_Module__root__V
008624e0   ti_sysbios_gates_GateMutex_Module__root__V
008624e8   ti_sysbios_gates_GateMutexPri_Module__root__V
008624f0   ti_sysbios_gates_GateSwi_Module__root__V
008624f8   ti_sysbios_hal_Hwi_Module__root__V
00862500   ti_sysbios_hal_Timer_Module__root__V
00862508   ti_sysbios_heaps_HeapMem_Module__root__V
00862510   ti_sysbios_knl_Clock_Module__root__V
00862518   ti_sysbios_knl_Clock_Module__state__V
00862544   ti_sysbios_knl_Queue_Module__root__V
0086254c   ti_sysbios_knl_Semaphore_Module__root__V
00862554   ti_sysbios_knl_Swi_Module__root__V
0086255c   ti_sysbios_knl_Swi_Module__state__V
00862578   ti_sysbios_knl_Task_Module__root__V
00862580   ti_sysbios_knl_Task_Module__state__V
008625b4   ti_sysbios_syncs_SyncSem_Module__root__V
008625bc   ti_sysbios_timers_timer64_Timer_Module__root__V
008625c4   ti_sysbios_timers_timer64_Timer_Module__state__V
008625d8   ti_sysbios_xdcruntime_GateThreadSupport_Module__root__V
008625e0   xdc_runtime_Error_Module__state__V
008625e4   xdc_runtime_GateNull_Module__root__V
008625ec   xdc_runtime_Memory_Module__state__V
008625f0   xdc_runtime_Registry_Module__state__V
008625f8   xdc_runtime_Startup_Module__state__V
00862600   xdc_runtime_System_Module__state__V
0086260c   xdc_runtime_Text_Module__state__V
00862614   xdc_runtime_knl_GateThread_Module__root__V
0086261c   __xdc__init__addr
00862620   _ftable
00862800   ti_sysbios_timers_timer64_Timer_Module_State_0_device__A
00862980   ti_sdo_utils_NameServer_Object__table__V
00862a98   _lock
00862a9c   _unlock
00862b40   ti_sdo_ipc_Ipc_Module_State_0_procEntry__A
00862be0   ti_sdo_ipc_SharedRegion_Module_State_0_regions__A
00862c70   ti_sysbios_knl_Task_Object__table__V
00862cb4   TSK_idle
00862cf8   _ft_end
00862d00   ti_sdo_ipc_GateMP_Module_State_0_remoteSystemGates__A
00862d80   ti_sysbios_knl_Swi_Module_State_0_readyQ__A
00862e00   ti_sysbios_knl_Task_Module_State_0_readyQ__A
00862e80   ti_sysbios_timers_timer64_Timer_Module_State_0_gctrl__A
00862f00   ti_sysbios_timers_timer64_Timer_Module_State_0_handles__A
00862f80   ti_sysbios_timers_timer64_Timer_Module_State_0_intFreqs__A
00863080   ti_sysbios_timers_timer64_Timer_Object__table__V
008630d0   ti_sdo_ipc_MessageQ_Module_State_0_transports__A
00863110   ti_sdo_ipc_family_c647x_Interrupt_Module_State_0_fxnTable__A
00863150   ti_sysbios_gates_GateMutex_Object__table__V
00863190   ti_sysbios_knl_Swi_Object__table__V
008631c0   ti_sdo_ipc_MessageQ_Module_State_0_heaps__A
008631e0   ti_sdo_ipc_Notify_Module_State_0_notifyHandles__A
00863200   ti_sdo_ipc_transports_TransportShmSetup_Module_State_0_handles__A
00863220   xdc_runtime_System_Module_State_0_atexitHandlers__A
00863240   ti_sysbios_family_c64p_Hwi_Object__table__V
00863260   ti_sysbios_gates_GateMutexPri_Object__table__V
00863280   ti_sysbios_heaps_HeapMem_Object__table__V
00863294   _cleanup_ptr
00863298   _dtors_ptr
0086329c   __TI_enable_exit_profile_output
008632a0   ti_sysbios_gates_GateAll_Object__table__V
008632b0   ti_sysbios_gates_GateSwi_Object__table__V
008632c0   ti_sysbios_hal_Hwi_Object__table__V
008632d0   ti_sysbios_hal_Timer_Object__table__V
008632e0   ti_sdo_ipc_GateMP_Module_State_0_remoteCustom2Gates__A
008632f0   ti_sdo_ipc_Notify_Module_State_0_notifyHandles_0__A
00863300   ti_sdo_ipc_Notify_Module_State_0_notifyHandles_1__A
00863310   ti_sdo_ipc_Notify_Module_State_0_notifyHandles_2__A
00863320   ti_sdo_ipc_Notify_Module_State_0_notifyHandles_3__A
00863330   ti_sdo_ipc_Notify_Module_State_0_notifyHandles_4__A
00863340   ti_sdo_ipc_Notify_Module_State_0_notifyHandles_5__A
00863350   ti_sdo_ipc_Notify_Module_State_0_notifyHandles_6__A
00863360   ti_sdo_ipc_Notify_Module_State_0_notifyHandles_7__A
00863370   ti_sysbios_gates_GateHwi_Object__table__V
00863380   xdc_runtime_GateNull_Object__table__V
00863388   _stack
00864388   __TI_STACK_END
00864400   ti_sysbios_family_c64p_Hwi0
00864420   ti_sysbios_family_c64p_Hwi1
00864440   ti_sysbios_family_c64p_Hwi2
00864460   ti_sysbios_family_c64p_Hwi3
00864480   ti_sysbios_family_c64p_Hwi4
008644a0   ti_sysbios_family_c64p_Hwi5
008644c0   ti_sysbios_family_c64p_Hwi6
008644e0   ti_sysbios_family_c64p_Hwi7
00864500   ti_sysbios_family_c64p_Hwi8
00864520   ti_sysbios_family_c64p_Hwi9
00864540   ti_sysbios_family_c64p_Hwi10
00864560   ti_sysbios_family_c64p_Hwi11
00864580   ti_sysbios_family_c64p_Hwi12
008645a0   ti_sysbios_family_c64p_Hwi13
008645c0   ti_sysbios_family_c64p_Hwi14
008645e0   ti_sysbios_family_c64p_Hwi15
00864600   __CIOBUF_
008681b0   __TI_Handler_Table_Base
008681bc   __TI_Handler_Table_Limit
0086827c   __TI_CINIT_Base
0086833c   __TI_CINIT_Limit
0c0ffffc   barrier
80000000   SharedMem
ffffffff   __TI_pprof_out_hndl
ffffffff   __TI_prof_data_size
ffffffff   __TI_prof_data_start
ffffffff   __binit__
ffffffff   __c_args__
ffffffff   binit

[4523 symbols]
