******************************************************************************
               TMS320C6x Linker PC v7.3.4                      
******************************************************************************
>> Linked Tue Feb 17 16:10:22 2015

OUTPUT FILE NAME:   <crossCoreAdditionMemOpt.out>
ENTRY POINT SYMBOL: "_c_int00"  address: 00823c80


MEMORY CONFIGURATION

         name            origin    length      used     unused   attr    fill
----------------------  --------  ---------  --------  --------  ----  --------
  L2SRAM                00800000   00080000  00039f22  000460de  RW X
  MSMCSRAM              0c000000   00200000  000ffffd  00100003  RW X
  DDR3                  80000000   80000000  18000180  67fffe80  RW X


SEGMENT ALLOCATION MAP

run origin  load origin   length   init length attrs members
----------  ----------- ---------- ----------- ----- -------
00800000    00800000    000291c0   000291c0    r-x
  00800000    00800000    000291c0   000291c0    r-x .text
008291c0    008291c0    00009038   00000000    rw-
  008291c0    008291c0    00009038   00000000    rw- .far.1
00832200    00832200    000003a8   00000000    rw-
  00832200    00832200    000003a8   00000000    rw- .far.2
008325b0    008325b0    00000020   00000000    rw-
  008325b0    008325b0    00000020   00000000    rw- .far.3
008325d0    008325d0    00004266   00004266    r--
  008325d0    008325d0    00004266   00004266    r-- .const
00836840    00836840    00001578   00001578    rw-
  00836840    00836840    00001578   00001578    rw- .fardata.1
00837dc0    00837dc0    000001d8   000001d8    rw-
  00837dc0    00837dc0    000001d8   000001d8    rw- .fardata.2
00837fa0    00837fa0    00000018   00000018    rw-
  00837fa0    00837fa0    00000018   00000018    rw- .fardata.3
00837fc0    00837fc0    00000048   00000048    rw-
  00837fc0    00837fc0    00000048   00000048    rw- .fardata.4
00838010    00838010    00000008   00000008    rw-
  00838010    00838010    00000008   00000008    rw- .fardata.5
00838020    00838020    00000004   00000004    rw-
  00838020    00838020    00000004   00000004    rw- .fardata.6
00838030    00838030    00000004   00000004    rw-
  00838030    00838030    00000004   00000004    rw- .fardata.7
00838040    00838040    00000004   00000004    rw-
  00838040    00838040    00000004   00000004    rw- .fardata.8
00838050    00838050    00000004   00000004    rw-
  00838050    00838050    00000004   00000004    rw- .fardata.9
00838060    00838060    00000004   00000004    rw-
  00838060    00838060    00000004   00000004    rw- .fardata.10
00838070    00838070    00000004   00000004    rw-
  00838070    00838070    00000004   00000004    rw- .fardata.11
00838080    00838080    00000004   00000004    rw-
  00838080    00838080    00000004   00000004    rw- .fardata.12
00838090    00838090    00000004   00000004    rw-
  00838090    00838090    00000004   00000004    rw- .fardata.13
008380a0    008380a0    00000004   00000004    rw-
  008380a0    008380a0    00000004   00000004    rw- .fardata.14
008380b0    008380b0    00000004   00000004    rw-
  008380b0    008380b0    00000004   00000004    rw- .fardata.15
008380c0    008380c0    00000004   00000004    rw-
  008380c0    008380c0    00000004   00000004    rw- .fardata.16
008380c8    008380c8    00001124   00000000    rw-
  008380c8    008380c8    00001000   00000000    rw- .stack
  008390c8    008390c8    00000120   00000000    rw- .cio
  008391e8    008391e8    00000004   00000000    rw- .bss
008391ec    008391ec    00000004   00000004    rw-
  008391ec    008391ec    00000004   00000004    rw- .neardata
008391f0    008391f0    000000e0   000000e0    r--
  008391f0    008391f0    000000e0   000000e0    r-- .rodata
008392d0    008392d0    00000030   00000030    r--
  008392d0    008392d0    00000030   00000030    r-- .switch
00839400    00839400    00000ce0   00000ce0    r-x
  00839400    00839400    00000200   00000200    r-x .vecs
  00839600    00839600    00000ae0   00000ae0    r-- .cinit
0c0ffffc    0c0ffffc    00000001   00000001    rw-
  0c0ffffc    0c0ffffc    00000001   00000001    rw- .MSMCSRAM
80000000    80000000    18000180   00000000    rw-
  80000000    80000000    18000180   00000000    rw- .mySharedMem


SECTION ALLOCATION MAP

 output                                  attributes/
section   page    origin      length       input sections
--------  ----  ----------  ----------   ----------------
.init_array 
*          0    00800000    00000000     UNINITIALIZED

xdc.meta   0    00800000    00000128     COPY SECTION
                  00800000    00000128     modelPreesm_pe66.oe66 (xdc.meta)

.text      0    00800000    000291c0     
                  00800000    000011c0     ipc.lib : Ipc.obj (.text:ti_sdo_ipc_GateMP_Instance_init__F)
                  008011c0    00000a60             : Ipc.obj (.text:ti_sdo_ipc_heaps_HeapMemMP_alloc__E)
                  00801c20    000009e0             : Ipc.obj (.text:ti_sdo_ipc_heaps_HeapMemMP_free__E)
                  00802600    000009a0             : Ipc.obj (.text:Ipc_attach)
                  00802fa0    000009a0     ti.targets.rts6000.ae66 : System.oe66 (.text:xdc_runtime_System_doPrint__I)
                  00803940    00000920     ipc.lib : Ipc.obj (.text:ti_sdo_ipc_transports_TransportShm_Instance_init__F)
                  00804260    000008a0             : Ipc.obj (.text:ti_sdo_ipc_ListMP_Instance_init__F)
                  00804b00    00000860             : Ipc.obj (.text:ti_sdo_ipc_GateMP_Instance_finalize__F)
                  00805360    00000840             : Ipc.obj (.text:MessageQ_put)
                  00805ba0    00000780             : Ipc.obj (.text:ti_sdo_ipc_heaps_HeapMemMP_Instance_init__F)
                  00806320    00000780     sysbios.lib : BIOS.obj (.text:ti_sysbios_family_c64p_Exception_handler__I)
                  00806aa0    00000700     ipc.lib : Ipc.obj (.text:Notify_registerEvent)
                  008071a0    000006c0             : Ipc.obj (.text:ti_sdo_ipc_nsremote_NameServerRemoteNotify_Instance_init__F)
                  00807860    000006a0             : Ipc.obj (.text:NameServer_add)
                  00807f00    00000660     sysbios.lib : BIOS.obj (.text:ti_sysbios_heaps_HeapMem_free__E)
                  00808560    00000620     ipc.lib : Ipc.obj (.text:Notify_sendEvent)
                  00808b80    00000620     sysbios.lib : BIOS.obj (.text:ti_sysbios_heaps_HeapMem_alloc__E)
                  008091a0    000005e0     ipc.lib : Ipc.obj (.text:Notify_registerEventSingle)
                  00809780    000005c0             : Ipc.obj (.text:ListMP_getHead)
                  00809d40    000005c0             : Ipc.obj (.text:Notify_unregisterEventSingle)
                  0080a300    000005c0     rts6600_elf.lib : divd.obj (.text:__c6xabi_divd)
                  0080a8c0    000005c0                     : _printfi.obj (.text:_getarg_diouxp)
                  0080ae80    000005c0     ipc.lib : Ipc.obj (.text:ti_sdo_ipc_SharedRegion_start__F)
                  0080b440    000005c0     sysbios.lib : BIOS.obj (.text:ti_sysbios_timers_timer64_Timer_Module_startup__F)
                  0080ba00    00000580     semaphore6678.obj (.text)
                  0080bf80    00000580     ipc.lib : Ipc.obj (.text:ti_sdo_ipc_nsremote_NameServerRemoteNotify_get__F)
                  0080c500    00000580             : Ipc.obj (.text:ti_sdo_ipc_transports_TransportShm_put__E)
                  0080ca80    00000560             : Ipc.obj (.text:NameServer_get)
                  0080cfe0    00000540             : Ipc.obj (.text:ti_sdo_ipc_Ipc_procSyncStart__I)
                  0080d520    000004e0             : Ipc.obj (.text:ti_sdo_ipc_notifyDrivers_NotifyDriverShm_Instance_init__F)
                  0080da00    000004a0             : Ipc.obj (.text:ti_sdo_ipc_gates_GatePeterson_Instance_init__F)
                  0080dea0    00000480     rts6600_elf.lib : _printfi.obj (.text:_setfield)
                  0080e320    00000460                     : _printfi.obj (.text:_printfi)
                  0080e780    00000460     ipc.lib : Ipc.obj (.text:ti_sdo_ipc_GateMP_setRegion0Reserved__F)
                  0080ebe0    00000460             : Ipc.obj (.text:ti_sdo_ipc_Ipc_procSyncFinish__I)
                  0080f040    00000440             : Ipc.obj (.text:ListMP_putTail)
                  0080f480    00000440             : Ipc.obj (.text:ti_sdo_ipc_heaps_HeapMemMP_getStats__E)
                  0080f8c0    00000440             : Ipc.obj (.text:ti_sdo_ipc_heaps_HeapMemMP_postInit__I)
                  0080fd00    00000400     Core7.obj (.text)
                  00810100    00000400     ipc.lib : Ipc.obj (.text:ti_sdo_ipc_Notify_Instance_init__F)
                  00810500    00000400     sysbios.lib : BIOS.obj (.text:ti_sysbios_knl_Semaphore_pend__E)
                  00810900    000003c0     ipc.lib : Ipc.obj (.text:ti_sdo_ipc_SharedRegion_reserveMemory__F)
                  00810cc0    000003c0     sysbios.lib : BIOS.obj (.text:ti_sysbios_knl_Task_setPri__E)
                  00811080    00000380     ipc.lib : Ipc.obj (.text:HeapMemMP_sharedMemReq)
                  00811400    00000360     communication.obj (.text)
                  00811760    00000340     ipc.lib : Ipc.obj (.text:GateMP_sharedMemReq)
                  00811aa0    00000340             : Ipc.obj (.text:ti_sdo_ipc_nsremote_NameServerRemoteNotify_swiFxn__I)
                  00811de0    00000300             : Ipc.obj (.text:GateMP_openByAddr)
                  008120e0    00000300     rts6600_elf.lib : fputs.obj (.text:fputs)
                  008123e0    00000300     ipc.lib : Ipc.obj (.text:ti_sdo_ipc_transports_TransportShm_openByAddr__F)
                  008126e0    00000300     sysbios.lib : BIOS.obj (.text:ti_sysbios_family_c64p_Hwi_dispatchC__I)
                  008129e0    000002e0     ipc.lib : Ipc.obj (.text:SharedRegion_getEntry)
                  00812cc0    000002e0             : Ipc.obj (.text:SharedRegion_getPtr)
                  00812fa0    000002e0     rts6600_elf.lib : _printfi.obj (.text:_pproc_fwp)
                  00813280    000002e0     sysbios.lib : BIOS.obj (.text:ti_sysbios_gates_GateMutexPri_enter__E)
                  00813560    000002e0                 : BIOS.obj (.text:ti_sysbios_knl_Task_Module_startup__F)
                  00813840    000002c0     rts6600_elf.lib : _printfi.obj (.text:_pproc_fge)
                  00813b00    000002c0     ipc.lib : Ipc.obj (.text:ti_sdo_ipc_notifyDrivers_NotifyDriverShm_isr__I)
                  00813dc0    000002a0             : Ipc.obj (.text:Ipc_start)
                  00814060    000002a0             : Ipc.obj (.text:NameServer_getLocal)
                  00814300    000002a0     rts6600_elf.lib : _printfi.obj (.text:fcvt)
                  008145a0    000002a0     sysbios.lib : BIOS.obj (.text:ti_sysbios_knl_Clock_workFunc__E)
                  00814840    000002a0                 : BIOS.obj (.text:ti_sysbios_knl_Task_sleep__E)
                  00814ae0    00000280     ipc.lib : Ipc.obj (.text:SharedRegion_getSRPtr)
                  00814d60    00000280     sysbios.lib : BIOS.obj (.text:deviceConfig$44)
                  00814fe0    00000280     rts6600_elf.lib : _printfi.obj (.text:ecvt)
                  00815260    00000280     ipc.lib : Ipc.obj (.text:ti_sdo_ipc_notifyDrivers_NotifyDriverShm_sharedMemReq__F)
                  008154e0    00000280     sysbios.lib : BIOS.obj (.text:ti_sysbios_knl_Clock_Instance_init__F)
                  00815760    00000280                 : BIOS.obj (.text:ti_sysbios_knl_Task_exit__E)
                  008159e0    00000280     ti.targets.rts6000.ae66 : Core-mem.oe66 (.text:xdc_runtime_Core_createObject__I)
                  00815c60    00000280                             : Error.oe66 (.text:xdc_runtime_Error_raiseX__F)
                  00815ee0    00000260     Core0.obj (.text)
                  00816140    00000260     ipc.lib : Ipc.obj (.text:ListMP_sharedMemReq)
                  008163a0    00000260             : Ipc.obj (.text:ti_sdo_ipc_ListMP_Instance_finalize__F)
                  00816600    00000260             : Ipc.obj (.text:ti_sdo_ipc_heaps_HeapMemMP_Instance_finalize__F)
                  00816860    00000260             : Ipc.obj (.text:ti_sdo_ipc_notifyDrivers_NotifyDriverShm_disableEvent__E)
                  00816ac0    00000260     ti.targets.rts6000.ae66 : Startup.oe66 (.text:xdc_runtime_Startup_startMods__I)
                  00816d20    00000260     modelPreesm_pe66.oe66 (.text:xdc_runtime_System_printfExtend__I)
                  00816f80    00000240     rts6600_elf.lib : imath64.obj (.text:__c6xabi_divull)
                  008171c0    00000240                     : _printfi.obj (.text:_pconv_e)
                  00817400    00000240                     : _printfi.obj (.text:_pproc_diouxp)
                  00817640    00000240     sysbios.lib : BIOS.obj (.text:ti_sysbios_family_c64p_Exception_internalHandler__I)
                  00817880    00000240                 : BIOS.obj (.text:ti_sysbios_knl_Semaphore_post__E)
                  00817ac0    00000220     rts6600_elf.lib : _printfi.obj (.text:_pproc_str)
                  00817ce0    00000220     sysbios.lib : BIOS.obj (.text:ti_sysbios_family_c64p_Hwi_reconfig__E)
                  00817f00    00000220                 : BIOS.obj (.text:ti_sysbios_knl_Swi_run__I)
                  00818120    00000220                 : BIOS.obj (.text:ti_sysbios_knl_Task_schedule__I)
                  00818340    00000220                 : BIOS.obj (.text:ti_sysbios_knl_Task_startup__E)
                  00818560    00000200     ipc.lib : Ipc.obj (.text:GateMP_enter)
                  00818760    00000200             : Ipc.obj (.text:GateMP_leave)
                  00818960    00000200             : Ipc.obj (.text:ListMP_openByAddr)
                  00818b60    00000200     rts6600_elf.lib : _printfi.obj (.text:_pconv_g)
                  00818d60    00000200     sysbios.lib : c64p_Hwi_disp_always.obj (.text:_ti_sysbios_family_c64p_Hwi_dispatchAlways)
                  00818f60    00000200                 : BIOS.obj (.text:block$56)
                  00819160    00000200     ipc.lib : Ipc.obj (.text:ti_sdo_ipc_family_c647x_MultiProcSetup_init__I)
                  00819360    00000200             : Ipc.obj (.text:ti_sdo_ipc_notifyDrivers_NotifyDriverShm_sendEvent__E)
                  00819560    00000200             : Ipc.obj (.text:ti_sdo_ipc_transports_TransportShm_Instance_finalize__F)
                  00819760    000001e0             : Ipc.obj (.text:GateMP_open)
                  00819940    000001e0     cache.obj (.text)
                  00819b20    000001e0     ipc.lib : Ipc.obj (.text:ti_sdo_ipc_GateMP_attach__F)
                  00819d00    000001e0             : Ipc.obj (.text:ti_sdo_ipc_GateMP_getFreeResource__I)
                  00819ee0    000001e0     sysbios.lib : BIOS.obj (.text:ti_sysbios_knl_Task_postInit__I)
                  0081a0c0    000001e0                 : BIOS.obj (.text:ti_sysbios_timers_timer64_Timer_getFreq__E)
                  0081a2a0    000001c0     ipc.lib : Ipc.obj (.text:HeapMemMP_openByAddr)
                  0081a460    000001c0     rts6600_elf.lib : _printfi.obj (.text:_mcpy)
                  0081a620    000001c0     ipc.lib : Ipc.obj (.text:ti_sdo_ipc_notifyDrivers_NotifyDriverShm_registerEvent__E)
                  0081a7e0    000001c0     sysbios.lib : BIOS.obj (.text:ti_sysbios_knl_Swi_Instance_init__F)
                  0081a9a0    000001c0                 : BIOS.obj (.text:ti_sysbios_knl_Task_checkStacks__E)
                  0081ab60    000001c0                 : BIOS.obj (.text:ti_sysbios_timers_timer64_Timer_setPeriodMicroSecs__E)
                  0081ad20    000001a0     rts6600_elf.lib : trgdrv.obj (.text:HOSTrename)
                  0081aec0    000001a0     ipc.lib : Ipc.obj (.text:SharedRegion_getCacheLineSize)
                  0081b060    000001a0             : Ipc.obj (.text:SharedRegion_getHeap)
                  0081b200    000001a0             : Ipc.obj (.text:SharedRegion_isCacheEnabled)
                  0081b3a0    000001a0     rts6600_elf.lib : imath40.obj (.text:__c6xabi_divul)
                  0081b540    000001a0     ipc.lib : Ipc.obj (.text:ti_sdo_ipc_GateMP_openRegion0Reserved__F)
                  0081b6e0    000001a0             : Ipc.obj (.text:ti_sdo_ipc_notifyDrivers_NotifyDriverShm_enableEvent__E)
                  0081b880    000001a0             : Ipc.obj (.text:ti_sdo_ipc_notifyDrivers_NotifyDriverShm_unregisterEvent__E)
                  0081ba20    000001a0             : Ipc.obj (.text:ti_sdo_ipc_nsremote_NameServerRemoteNotify_attach__E)
                  0081bbc0    000001a0     sysbios.lib : BIOS.obj (.text:ti_sysbios_gates_GateMutex_enter__E)
                  0081bd60    000001a0                 : BIOS.obj (.text:ti_sysbios_timers_timer64_Timer_start__E)
                  0081bf00    00000180     ipc.lib : Ipc.obj (.text:MultiProc_setLocalId)
                  0081c080    00000180             : Ipc.obj (.text:NameServer_getHandle)
                  0081c200    00000180             : Ipc.obj (.text:Notify_intLineRegistered)
                  0081c380    00000180     rts6600_elf.lib : copy_decompress_rle.obj (.text:__TI_decompress_rle_core)
                  0081c500    00000180                     : setvbuf.obj (.text:setvbuf)
                  0081c680    00000180     sysbios.lib : c64p_Exception_asm.obj (.text)
                  0081c800    00000180     ipc.lib : Ipc.obj (.text:ti_sdo_ipc_MessageQ_registerTransport__F)
                  0081c980    00000180             : Ipc.obj (.text:ti_sdo_ipc_Notify_Module_startup__F)
                  0081cb00    00000180             : Ipc.obj (.text:ti_sdo_ipc_gates_GatePeterson_enter__E)
                  0081cc80    00000180             : Ipc.obj (.text:ti_sdo_utils_NameServer_Module_startup__F)
                  0081ce00    00000180     sysbios.lib : BIOS.obj (.text:ti_sysbios_heaps_HeapMem_Instance_init__F)
                  0081cf80    00000180                 : BIOS.obj (.text:ti_sysbios_knl_Swi_schedule__I)
                  0081d100    00000180                 : BIOS.obj (.text:ti_sysbios_knl_Task_unblockI__E)
                  0081d280    00000180     ti.targets.rts6000.ae66 : Text.oe66 (.text:xdc_runtime_Text_putSite__F)
                  0081d400    00000160     ipc.lib : Ipc.obj (.text:ti_sdo_ipc_GateMP_createLocal__F)
                  0081d560    00000160             : Ipc.obj (.text:ti_sdo_ipc_MessageQ_unregisterTransport__F)
                  0081d6c0    00000160             : Ipc.obj (.text:ti_sdo_ipc_gates_GateHWSem_Instance_init__F)
                  0081d820    00000160             : Ipc.obj (.text:ti_sdo_ipc_transports_TransportShm_sharedMemReq__F)
                  0081d980    00000160             : Ipc.obj (.text:ti_sdo_utils_NameServer_isRegistered__E)
                  0081dae0    00000160             : Ipc.obj (.text:ti_sdo_utils_NameServer_registerRemoteDriver__E)
                  0081dc40    00000160             : Ipc.obj (.text:ti_sdo_utils_NameServer_unregisterRemoteDriver__E)
                  0081dda0    00000140             : Ipc.obj (.text:GateMP_close)
                  0081dee0    00000140             : Ipc.obj (.text:Notify_attach)
                  0081e020    00000140     boot.ae66 : autoinit.oe66 (.text:_auto_init_elf)
                  0081e160    00000140     rts6600_elf.lib : _printfi.obj (.text:_pproc_fflags)
                  0081e2a0    00000140                     : fputc.obj (.text:fputc)
                  0081e3e0    00000140                     : lowlev.obj (.text:getdevice)
                  0081e520    00000140     ipc.lib : Ipc.obj (.text:ti_sdo_ipc_Notify_exec__F)
                  0081e660    00000140     sysbios.lib : BIOS.obj (.text:ti_sysbios_family_c64p_Hwi_Module_startup__F)
                  0081e7a0    00000140                 : BIOS.obj (.text:ti_sysbios_family_c66_Cache_Module_startup__F)
                  0081e8e0    00000140                 : BIOS.obj (.text:ti_sysbios_gates_GateSwi_enter__E)
                  0081ea20    00000140                 : BIOS.obj (.text:ti_sysbios_knl_Clock_Instance_finalize__F)
                  0081eb60    00000140                 : BIOS.obj (.text:ti_sysbios_knl_Semaphore_Instance_init__F)
                  0081eca0    00000140                 : BIOS.obj (.text:ti_sysbios_knl_Swi_post__E)
                  0081ede0    00000140                 : BIOS.obj (.text:ti_sysbios_knl_Task_blockI__E)
                  0081ef20    00000140                 : BIOS.obj (.text:ti_sysbios_knl_Task_yield__E)
                  0081f060    00000120     rts6600_elf.lib : _printfi.obj (.text:_ltostr)
                  0081f180    00000120                     : _io_perm.obj (.text:_wrt_ok)
                  0081f2a0    00000120                     : fclose.obj (.text:fclose)
                  0081f3c0    00000120     generateMatrices.obj (.text)
                  0081f4e0    00000120     sysbios.lib : BIOS.obj (.text:rtsUnlock$0)
                  0081f600    00000120     ipc.lib : Ipc.obj (.text:ti_sdo_ipc_MessageQ_Module_startup__F)
                  0081f720    00000120             : Ipc.obj (.text:ti_sdo_ipc_family_c647x_Interrupt_intRegister__E)
                  0081f840    00000120             : Ipc.obj (.text:ti_sdo_ipc_nsremote_NameServerRemoteNotify_Instance_finalize__F)
                  0081f960    00000100     rts6600_elf.lib : trgdrv.obj (.text:HOSTlseek)
                  0081fa60    00000100                     : fflush.obj (.text:fflush)
                  0081fb60    00000100     sysbios.lib : BIOS.obj (.text:initDevice$44)
                  0081fc60    00000100     ipc.lib : Ipc.obj (.text:ti_sdo_ipc_GateMP_start__F)
                  0081fd60    00000100             : Ipc.obj (.text:ti_sdo_ipc_Notify_Instance_finalize__F)
                  0081fe60    00000100     modelPreesm_pe66.oe66 (.text:ti_sdo_ipc_Notify_Object__create__S)
                  0081ff60    00000100     ipc.lib : Ipc.obj (.text:ti_sdo_ipc_SharedRegion_attach__F)
                  00820060    00000100             : Ipc.obj (.text:ti_sdo_ipc_SharedRegion_clearReservedMemory__F)
                  00820160    00000100             : Ipc.obj (.text:ti_sdo_ipc_family_c647x_Interrupt_Module_startup__F)
                  00820260    00000100             : Ipc.obj (.text:ti_sdo_ipc_gates_GateHWSem_Module_startup__F)
                  00820360    00000100             : Ipc.obj (.text:ti_sdo_ipc_gates_GateMPSupportNull_enter__E)
                  00820460    00000100             : Ipc.obj (.text:ti_sdo_ipc_gates_GateMPSupportNull_leave__E)
                  00820560    00000100     modelPreesm_pe66.oe66 (.text:ti_sdo_ipc_gates_GatePeterson_Object__create__S)
                  00820660    00000100     modelPreesm_pe66.oe66 (.text:ti_sdo_ipc_nsremote_NameServerRemoteNotify_Object__create__S)
                  00820760    00000100     ipc.lib : Ipc.obj (.text:ti_sdo_ipc_transports_TransportShmSetup_attach__E)
                  00820860    00000100     modelPreesm_pe66.oe66 (.text:ti_sdo_ipc_transports_TransportShm_Object__create__S)
                  00820960    00000100     modelPreesm_pe66.oe66 (.text:ti_sysbios_family_c64p_Hwi_Object__create__S)
                  00820a60    00000100     sysbios.lib : BIOS.obj (.text:ti_sysbios_gates_GateMutexPri_leave__E)
                  00820b60    00000100                 : BIOS.obj (.text:ti_sysbios_knl_Clock_startI__E)
                  00820c60    00000100     modelPreesm_pe66.oe66 (.text:ti_sysbios_knl_Swi_Object__create__S)
                  00820d60    00000100     sysbios.lib : BIOS.obj (.text:ti_sysbios_knl_Swi_restoreHwi__E)
                  00820e60    00000100     ti.targets.rts6000.ae66 : Core-mem.oe66 (.text:xdc_runtime_Core_deleteObject__I)
                  00820f60    00000100                             : Startup.oe66 (.text:xdc_runtime_Startup_exec__F)
                  00821060    00000100                             : Text.oe66 (.text:xdc_runtime_Text_putMod__F)
                  00821160    00000100                             : Text.oe66 (.text:xdc_runtime_Text_visitRope2__I)
                  00821260    000000e0     rts6600_elf.lib : trgdrv.obj (.text:HOSTopen)
                  00821340    000000e0                     : _printfi.obj (.text:_div)
                  00821420    000000e0                     : atoi.obj (.text:atoi)
                  00821500    000000e0                     : lowlev.obj (.text:close)
                  008215e0    000000e0                     : copy_zero_init.obj (.text:decompress:ZI:__TI_zero_init)
                  008216c0    000000e0                     : exit.obj (.text:exit)
                  008217a0    000000e0                     : ltoa.obj (.text:ltoa)
                  00821880    000000e0     main.obj (.text)
                  00821960    000000e0     rts6600_elf.lib : memset.obj (.text:memset)
                  00821a40    000000e0     modelPreesm_pe66.oe66 (.text:ti_sdo_ipc_GateMP_Object__create__S)
                  00821b20    000000e0     modelPreesm_pe66.oe66 (.text:ti_sdo_ipc_ListMP_Object__create__S)
                  00821c00    000000e0     ipc.lib : Ipc.obj (.text:ti_sdo_ipc_family_c647x_NotifySetup_attach__E)
                  00821ce0    000000e0             : Ipc.obj (.text:ti_sdo_ipc_gates_GateHWSem_enter__E)
                  00821dc0    000000e0     modelPreesm_pe66.oe66 (.text:ti_sdo_ipc_heaps_HeapMemMP_Object__create__S)
                  00821ea0    000000e0     modelPreesm_pe66.oe66 (.text:ti_sdo_ipc_notifyDrivers_NotifyDriverShm_Object__create__S)
                  00821f80    000000e0     sysbios.lib : BIOS.obj (.text:ti_sysbios_family_c64p_Hwi_Instance_finalize__F)
                  00822060    000000e0                 : BIOS.obj (.text:ti_sysbios_family_c64p_Hwi_Instance_init__F)
                  00822140    000000e0                 : BIOS.obj (.text:ti_sysbios_knl_Clock_start__E)
                  00822220    000000e0                 : BIOS.obj (.text:ti_sysbios_timers_timer64_Timer_startup__E)
                  00822300    000000e0     ti.targets.rts6000.ae66 : Error.oe66 (.text:xdc_runtime_Error_print__F)
                  008223e0    000000e0                             : Memory.oe66 (.text:xdc_runtime_Memory_alloc__F)
                  008224c0    000000e0     modelPreesm_pe66.oe66 (.text:xdc_runtime_knl_GateThread_Object__create__S)
                  008225a0    000000c0     Core1.obj (.text)
                  00822660    000000c0     Core2.obj (.text)
                  00822720    000000c0     Core3.obj (.text)
                  008227e0    000000c0     Core4.obj (.text)
                  008228a0    000000c0     Core5.obj (.text)
                  00822960    000000c0     Core6.obj (.text)
                  00822a20    000000c0     rts6600_elf.lib : trgdrv.obj (.text:HOSTread)
                  00822ae0    000000c0                     : trgdrv.obj (.text:HOSTunlink)
                  00822ba0    000000c0                     : trgdrv.obj (.text:HOSTwrite)
                  00822c60    000000c0     ipc.lib : Ipc.obj (.text:HeapMemMP_create)
                  00822d20    000000c0             : Ipc.obj (.text:ListMP_create)
                  00822de0    000000c0     rts6600_elf.lib : dtor_list.obj (.text:__cxa_finalize)
                  00822ea0    000000c0                     : divu.obj (.text:__divu)
                  00822f60    000000c0                     : fopen.obj (.text:_cleanup)
                  00823020    000000c0                     : fflush.obj (.text:_doflush)
                  008230e0    000000c0                     : fseek.obj (.text:fseek)
                  008231a0    000000c0                     : lowlev.obj (.text:lseek)
                  00823260    000000c0     ipc.lib : Ipc.obj (.text:ti_sdo_ipc_GateMP_getRegion0ReservedSize__F)
                  00823320    000000c0             : Ipc.obj (.text:ti_sdo_ipc_Notify_execMany__I)
                  008233e0    000000c0             : Ipc.obj (.text:ti_sdo_ipc_family_c647x_Interrupt_intShmStub__I)
                  008234a0    000000c0     sysbios.lib : BIOS.obj (.text:ti_sysbios_BIOS_errorRaiseHook__I)
                  00823560    000000c0                 : BIOS.obj (.text:ti_sysbios_gates_GateAll_leave__E)
                  00823620    000000c0                 : BIOS.obj (.text:ti_sysbios_heaps_HeapMem_getStats__E)
                  008236e0    000000c0                 : BIOS.obj (.text:ti_sysbios_knl_Clock_logTick__E)
                  008237a0    000000c0                 : BIOS.obj (.text:ti_sysbios_knl_Swi_Instance_finalize__F)
                  00823860    000000c0                 : BIOS.obj (.text:ti_sysbios_timers_timer64_Timer_stop__E)
                  00823920    000000c0     rts6600_elf.lib : lowlev.obj (.text:write)
                  008239e0    000000c0     ti.targets.rts6000.ae66 : System.oe66 (.text:xdc_runtime_System_formatNum__I)
                  00823aa0    000000a0     rts6600_elf.lib : trgdrv.obj (.text:HOSTclose)
                  00823b40    000000a0                     : fltulld.obj (.text:__c6xabi_fltulld)
                  00823be0    000000a0                     : remu.obj (.text:__remu)
                  00823c80    000000a0     boot.ae66 : boot.oe66 (.text:_c_int00)
                  00823d20    000000a0     rts6600_elf.lib : _printfi.obj (.text:_ecpy)
                  00823dc0    000000a0                     : _printfi.obj (.text:_fcpy)
                  00823e60    000000a0                     : _printfi.obj (.text:_pconv_f)
                  00823f00    000000a0     sysbios.lib : c64p_Hwi_asm.obj (.text:_ti_sysbios_family_c64p_Hwi_plug__E)
                  00823fa0    000000a0     displayMatrix.obj (.text)
                  00824040    000000a0     rts6600_elf.lib : lowlev.obj (.text:finddevice)
                  008240e0    000000a0                     : memcpy64.obj (.text:memcpy)
                  00824180    000000a0     ipc.lib : Ipc.obj (.text:ti_sdo_ipc_family_c647x_Interrupt_intUnregister__E)
                  00824220    000000a0             : Ipc.obj (.text:ti_sdo_ipc_gates_GatePeterson_leave__E)
                  008242c0    000000a0             : Ipc.obj (.text:ti_sdo_ipc_notifyDrivers_NotifyDriverShm_Instance_finalize__F)
                  00824360    000000a0     sysbios.lib : BIOS.obj (.text:ti_sysbios_heaps_HeapMem_init__I)
                  00824400    000000a0     modelPreesm_pe66.oe66 (.text:ti_sysbios_knl_Clock_Object__create__S)
                  008244a0    000000a0     ti.targets.rts6000.ae66 : Assert.oe66 (.text:xdc_runtime_Assert_raise__I)
                  00824540    00000080     ipc.lib : Ipc.obj (.text:GateMP_create)
                  008245c0    00000080     rts6600_elf.lib : dtor_list.obj (.text:_Z11__TI_atexitPFYvPvES_S_)
                  00824640    00000080                     : fixdu.obj (.text:__c6xabi_fixdu)
                  008246c0    00000080                     : llshift.obj (.text:__c6xabi_llshl)
                  00824740    00000080     sysbios.lib : c62_TaskSupport_asm.obj (.text:_ti_sysbios_family_c62_TaskSupport_swap__E)
                  008247c0    00000080     addMatrices.obj (.text)
                  00824840    00000080     modelPreesm_pe66.oe66 (.text:malloc)
                  008248c0    00000080     rts6600_elf.lib : printf.obj (.text:printf)
                  00824940    00000080                     : trgmsg.obj (.text:readmsg)
                  008249c0    00000080     modelPreesm_pe66.oe66 (.text:ti_sdo_ipc_gates_GateHWSem_Object__create__S)
                  00824a40    00000080     modelPreesm_pe66.oe66 (.text:ti_sdo_ipc_gates_GateMPSupportNull_Object__create__S)
                  00824ac0    00000080     ipc.lib : Ipc.obj (.text:ti_sdo_ipc_nsremote_NameServerRemoteNotify_detach__E)
                  00824b40    00000080             : Ipc.obj (.text:ti_sdo_ipc_transports_TransportShm_swiFxn__I)
                  00824bc0    00000080     modelPreesm_pe66.oe66 (.text:ti_sdo_utils_List_Object__create__S)
                  00824c40    00000080     modelPreesm_pe66.oe66 (.text:ti_sysbios_BIOS_exitFunc__I)
                  00824cc0    00000080     sysbios.lib : BIOS.obj (.text:ti_sysbios_BIOS_exit__E)
                  00824d40    00000080                 : BIOS.obj (.text:ti_sysbios_family_c62_TaskSupport_start__E)
                  00824dc0    00000080                 : BIOS.obj (.text:ti_sysbios_family_c64p_Exception_Module_startup__F)
                  00824e40    00000080                 : BIOS.obj (.text:ti_sysbios_family_c64p_Hwi_eventMap__E)
                  00824ec0    00000080                 : BIOS.obj (.text:ti_sysbios_family_c66_Cache_invL1pAll__E)
                  00824f40    00000080     modelPreesm_pe66.oe66 (.text:ti_sysbios_gates_GateAll_Object__create__S)
                  00824fc0    00000080     modelPreesm_pe66.oe66 (.text:ti_sysbios_gates_GateHwi_Object__create__S)
                  00825040    00000080     modelPreesm_pe66.oe66 (.text:ti_sysbios_gates_GateMutexPri_Object__create__S)
                  008250c0    00000080     modelPreesm_pe66.oe66 (.text:ti_sysbios_gates_GateMutex_Object__create__S)
                  00825140    00000080     modelPreesm_pe66.oe66 (.text:ti_sysbios_gates_GateSwi_Object__create__S)
                  008251c0    00000080     sysbios.lib : BIOS.obj (.text:ti_sysbios_gates_GateSwi_leave__E)
                  00825240    00000080                 : BIOS.obj (.text:ti_sysbios_hal_Hwi_checkStack:ti_sysbios_hal_Hwi_checkStack)
                  008252c0    00000080     modelPreesm_pe66.oe66 (.text:ti_sysbios_heaps_HeapMem_Object__create__S)
                  00825340    00000080     sysbios.lib : BIOS.obj (.text:ti_sysbios_knl_Clock_Module_startup__F)
                  008253c0    00000080     modelPreesm_pe66.oe66 (.text:ti_sysbios_knl_Clock_doTick__I)
                  00825440    00000080     sysbios.lib : BIOS.obj (.text:ti_sysbios_knl_Clock_getTicks__E)
                  008254c0    00000080                 : BIOS.obj (.text:ti_sysbios_knl_Idle_loop__E)
                  00825540    00000080     modelPreesm_pe66.oe66 (.text:ti_sysbios_knl_Queue_Object__create__S)
                  008255c0    00000080     modelPreesm_pe66.oe66 (.text:ti_sysbios_knl_Semaphore_Object__create__S)
                  00825640    00000080     sysbios.lib : BIOS.obj (.text:ti_sysbios_knl_Semaphore_pendTimeout__I)
                  008256c0    00000080                 : BIOS.obj (.text:ti_sysbios_knl_Swi_startup__E)
                  00825740    00000080                 : BIOS.obj (.text:ti_sysbios_knl_Task_restore__E)
                  008257c0    00000080                 : BIOS.obj (.text:ti_sysbios_timers_timer64_Timer_getCount__E)
                  00825840    00000080                 : BIOS.obj (.text:ti_sysbios_timers_timer64_Timer_getPeriod__E)
                  008258c0    00000080     modelPreesm_pe66.oe66 (.text:ti_sysbios_xdcruntime_GateThreadSupport_Object__create__S)
                  00825940    00000080     rts6600_elf.lib : lowlev.obj (.text:unlink)
                  008259c0    00000080     ti.targets.rts6000.ae66 : Core-label.oe66 (.text:xdc_runtime_Core_assignLabel__I)
                  00825a40    00000080                             : Core-params.oe66 (.text:xdc_runtime_Core_assignParams__I)
                  00825ac0    00000080                             : System.oe66 (.text:xdc_runtime_System_atexit__F)
                  00825b40    00000080                             : System.oe66 (.text:xdc_runtime_System_rtsExit__I)
                  00825bc0    00000080                             : Text.oe66 (.text:xdc_runtime_Text_printVisFxn__I)
                  00825c40    00000080                             : Text.oe66 (.text:xdc_runtime_Text_xprintf__I)
                  00825cc0    00000060     ipc.lib : Ipc.obj (.text:GateMP_Params_init)
                  00825d20    00000060             : Ipc.obj (.text:HeapMemMP_Params_init)
                  00825d80    00000060     rts6600_elf.lib : frcmpyd_div.obj (.text:__c6xabi_frcmpyd_div)
                  00825de0    00000060                     : llshift.obj (.text:__c6xabi_llshru)
                  00825e40    00000060                     : imath64.obj (.text:_subcull)
                  00825ea0    00000060                     : memccpy.obj (.text:memccpy)
                  00825f00    00000060     modelPreesm_pe66.oe66 (.text:ti_sdo_ipc_GateMP_Object__delete__S)
                  00825f60    00000060     modelPreesm_pe66.oe66 (.text:ti_sdo_ipc_ListMP_Object__delete__S)
                  00825fc0    00000060     ipc.lib : Ipc.obj (.text:ti_sdo_ipc_family_c647x_NotifySetup_sharedMemReq__E)
                  00826020    00000060     modelPreesm_pe66.oe66 (.text:ti_sdo_ipc_gates_GateHWSem_Object__delete__S)
                  00826080    00000060     ipc.lib : Ipc.obj (.text:ti_sdo_ipc_gates_GateHWSem_leave__E)
                  008260e0    00000060     modelPreesm_pe66.oe66 (.text:ti_sdo_ipc_gates_GateMPSupportNull_Object__delete__S)
                  00826140    00000060     ipc.lib : Ipc.obj (.text:ti_sdo_ipc_gates_GatePeterson_Instance_finalize__F)
                  008261a0    00000060     modelPreesm_pe66.oe66 (.text:ti_sdo_ipc_gates_GatePeterson_Object__delete__S)
                  00826200    00000060     ipc.lib : Ipc.obj (.text:ti_sdo_ipc_gates_GatePeterson_sharedMemReq__E)
                  00826260    00000060     modelPreesm_pe66.oe66 (.text:ti_sdo_ipc_heaps_HeapMemMP_Object__delete__S)
                  008262c0    00000060     modelPreesm_pe66.oe66 (.text:ti_sdo_ipc_notifyDrivers_NotifyDriverShm_Object__delete__S)
                  00826320    00000060     ipc.lib : Ipc.obj (.text:ti_sdo_ipc_notifyDrivers_NotifyDriverShm_setNotifyHandle__E)
                  00826380    00000060     modelPreesm_pe66.oe66 (.text:ti_sdo_ipc_nsremote_NameServerRemoteNotify_Object__delete__S)
                  008263e0    00000060     ipc.lib : Ipc.obj (.text:ti_sdo_ipc_transports_TransportShmSetup_sharedMemReq__E)
                  00826440    00000060     modelPreesm_pe66.oe66 (.text:ti_sdo_ipc_transports_TransportShm_Object__delete__S)
                  008264a0    00000060     sysbios.lib : BIOS.obj (.text:ti_sysbios_BIOS_registerRTSLock__I)
                  00826500    00000060     modelPreesm_pe66.oe66 (.text:ti_sysbios_family_c64p_Hwi_Object__delete__S)
                  00826560    00000060     modelPreesm_pe66.oe66 (.text:ti_sysbios_gates_GateAll_Object__delete__S)
                  008265c0    00000060     sysbios.lib : BIOS.obj (.text:ti_sysbios_gates_GateAll_enter__E)
                  00826620    00000060     modelPreesm_pe66.oe66 (.text:ti_sysbios_gates_GateHwi_Object__delete__S)
                  00826680    00000060     modelPreesm_pe66.oe66 (.text:ti_sysbios_gates_GateMutexPri_Object__delete__S)
                  008266e0    00000060     sysbios.lib : BIOS.obj (.text:ti_sysbios_gates_GateMutex_Instance_init__F)
                  00826740    00000060     modelPreesm_pe66.oe66 (.text:ti_sysbios_gates_GateMutex_Object__delete__S)
                  008267a0    00000060     modelPreesm_pe66.oe66 (.text:ti_sysbios_gates_GateSwi_Object__delete__S)
                  00826800    00000060     sysbios.lib : BIOS.obj (.text:ti_sysbios_hal_Hwi_initStack:ti_sysbios_hal_Hwi_initStack)
                  00826860    00000060     modelPreesm_pe66.oe66 (.text:ti_sysbios_heaps_HeapMem_Object__delete__S)
                  008268c0    00000060     sysbios.lib : BIOS.obj (.text:ti_sysbios_knl_Swi_Module_startup__F)
                  00826920    00000060                 : BIOS.obj (.text:ti_sysbios_knl_Task_allBlockedFunction__I)
                  00826980    00000060                 : BIOS.obj (.text:ti_sysbios_knl_Task_enter__I)
                  008269e0    00000060     modelPreesm_pe66.oe66 (.text:ti_sysbios_xdcruntime_GateThreadSupport_Object__delete__S)
                  00826a40    00000060     rts6600_elf.lib : trgmsg.obj (.text:writemsg)
                  00826aa0    00000060     modelPreesm_pe66.oe66 (.text:xdc_runtime_GateNull_Object__create__S)
                  00826b00    00000060     modelPreesm_pe66.oe66 (.text:xdc_runtime_GateNull_Object__delete__S)
                  00826b60    00000060     ti.targets.rts6000.ae66 : Memory.oe66 (.text:xdc_runtime_Memory_calloc__F)
                  00826bc0    00000060                             : Memory.oe66 (.text:xdc_runtime_Memory_valloc__F)
                  00826c20    00000060                             : SysStd.oe66 (.text:xdc_runtime_SysStd_abort__F)
                  00826c80    00000060                             : System.oe66 (.text:xdc_runtime_System_avprintf__F)
                  00826ce0    00000060                             : System.oe66 (.text:xdc_runtime_System_vprintf__F)
                  00826d40    00000060                             : Text.oe66 (.text:xdc_runtime_Text_cordText__F)
                  00826da0    00000060     modelPreesm_pe66.oe66 (.text:xdc_runtime_knl_GateThread_Object__delete__S)
                  00826e00    00000040     rts6600_elf.lib : isinf.obj (.text:__c6xabi_isinf)
                  00826e40    00000040                     : _printfi.obj (.text:__c6xabi_isnan)
                  00826e80    00000040                     : args_main.obj (.text:_args_main)
                  00826ec0    00000040     sysbios.lib : c62_TaskSupport_asm.obj (.text:_ti_sysbios_family_c62_TaskSupport_buildTaskStack)
                  00826f00    00000040                 : c64p_Hwi_asm_switch.obj (.text:_ti_sysbios_family_xxx_Hwi_switchToIsrStack)
                  00826f40    00000040     modelPreesm_pe66.oe66 (.text:free)
                  00826f80    00000040     sysbios.lib : BIOS.obj (.text:rtsLock$0)
                  00826fc0    00000040     ipc.lib : Ipc.obj (.text:ti_sdo_ipc_family_c647x_Interrupt_intClear__E)
                  00827000    00000040             : Ipc.obj (.text:ti_sdo_ipc_family_c647x_Interrupt_intSend__E)
                  00827040    00000040     modelPreesm_pe66.oe66 (.text:ti_sdo_ipc_gates_GateHWSem_Handle__label__S)
                  00827080    00000040     modelPreesm_pe66.oe66 (.text:ti_sdo_ipc_gates_GateMPSupportNull_Handle__label__S)
                  008270c0    00000040     modelPreesm_pe66.oe66 (.text:ti_sdo_ipc_gates_GatePeterson_Handle__label__S)
                  00827100    00000040     modelPreesm_pe66.oe66 (.text:ti_sdo_ipc_heaps_HeapMemMP_Handle__label__S)
                  00827140    00000040     modelPreesm_pe66.oe66 (.text:ti_sdo_ipc_notifyDrivers_NotifyDriverShm_Handle__label__S)
                  00827180    00000040     ipc.lib : Ipc.obj (.text:ti_sdo_ipc_notifyDrivers_NotifyDriverShm_disable__E)
                  008271c0    00000040             : Ipc.obj (.text:ti_sdo_ipc_notifyDrivers_NotifyDriverShm_enable__E)
                  00827200    00000040     modelPreesm_pe66.oe66 (.text:ti_sdo_ipc_nsremote_NameServerRemoteNotify_Handle__label__S)
                  00827240    00000040     ipc.lib : Ipc.obj (.text:ti_sdo_ipc_nsremote_NameServerRemoteNotify_sharedMemReq__E)
                  00827280    00000040     modelPreesm_pe66.oe66 (.text:ti_sdo_ipc_transports_TransportShm_Handle__label__S)
                  008272c0    00000040     modelPreesm_pe66.oe66 (.text:ti_sdo_utils_NameServer_Module__startupDone__F)
                  00827300    00000040     modelPreesm_pe66.oe66 (.text:ti_sdo_utils_NameServer_Object__get__S)
                  00827340    00000040     modelPreesm_pe66.oe66 (.text:ti_sysbios_BIOS_startFunc__I)
                  00827380    00000040     sysbios.lib : BIOS.obj (.text:ti_sysbios_BIOS_start__E)
                  008273c0    00000040     modelPreesm_pe66.oe66 (.text:ti_sysbios_family_c64p_Hwi_Module__startupDone__F)
                  00827400    00000040     sysbios.lib : BIOS.obj (.text:ti_sysbios_family_c64p_Hwi_disableInterrupt__E)
                  00827440    00000040                 : BIOS.obj (.text:ti_sysbios_family_c64p_Hwi_enableInterrupt__E)
                  00827480    00000040     modelPreesm_pe66.oe66 (.text:ti_sysbios_gates_GateAll_Handle__label__S)
                  008274c0    00000040     modelPreesm_pe66.oe66 (.text:ti_sysbios_gates_GateHwi_Handle__label__S)
                  00827500    00000040     modelPreesm_pe66.oe66 (.text:ti_sysbios_gates_GateMutexPri_Handle__label__S)
                  00827540    00000040     sysbios.lib : BIOS.obj (.text:ti_sysbios_gates_GateMutexPri_Instance_finalize__F)
                  00827580    00000040                 : BIOS.obj (.text:ti_sysbios_gates_GateMutexPri_Instance_init__F)
                  008275c0    00000040     modelPreesm_pe66.oe66 (.text:ti_sysbios_gates_GateMutexPri_Object__destruct__S)
                  00827600    00000040     modelPreesm_pe66.oe66 (.text:ti_sysbios_gates_GateMutex_Handle__label__S)
                  00827640    00000040     sysbios.lib : BIOS.obj (.text:ti_sysbios_gates_GateMutex_Instance_finalize__F)
                  00827680    00000040                 : BIOS.obj (.text:ti_sysbios_gates_GateMutex_leave__E)
                  008276c0    00000040     modelPreesm_pe66.oe66 (.text:ti_sysbios_gates_GateSwi_Handle__label__S)
                  00827700    00000040     modelPreesm_pe66.oe66 (.text:ti_sysbios_hal_Timer_Module__startupDone__F)
                  00827740    00000040     modelPreesm_pe66.oe66 (.text:ti_sysbios_heaps_HeapMem_Handle__label__S)
                  00827780    00000040     modelPreesm_pe66.oe66 (.text:ti_sysbios_heaps_HeapMem_Object__get__S)
                  008277c0    00000040     modelPreesm_pe66.oe66 (.text:ti_sysbios_knl_Clock_Object__destruct__S)
                  00827800    00000040     sysbios.lib : BIOS.obj (.text:ti_sysbios_knl_Semaphore_Instance_finalize__F)
                  00827840    00000040     modelPreesm_pe66.oe66 (.text:ti_sysbios_knl_Semaphore_Object__destruct__S)
                  00827880    00000040     modelPreesm_pe66.oe66 (.text:ti_sysbios_knl_Swi_Object__destruct__S)
                  008278c0    00000040     modelPreesm_pe66.oe66 (.text:ti_sysbios_knl_Swi_Object__get__S)
                  00827900    00000040     modelPreesm_pe66.oe66 (.text:ti_sysbios_knl_Task_Object__get__S)
                  00827940    00000040     sysbios.lib : BIOS.obj (.text:ti_sysbios_knl_Task_sleepTimeout__I)
                  00827980    00000040     modelPreesm_pe66.oe66 (.text:ti_sysbios_timers_timer64_Timer_Module__startupDone__F)
                  008279c0    00000040     sysbios.lib : BIOS.obj (.text:ti_sysbios_xdcruntime_GateThreadSupport_Instance_finalize__F)
                  00827a00    00000040                 : BIOS.obj (.text:ti_sysbios_xdcruntime_GateThreadSupport_Instance_init__F)
                  00827a40    00000040                 : BIOS.obj (.text:ti_sysbios_xdcruntime_GateThreadSupport_enter__F)
                  00827a80    00000040                 : BIOS.obj (.text:ti_sysbios_xdcruntime_GateThreadSupport_leave__F)
                  00827ac0    00000040     ti.targets.rts6000.ae66 : Error.oe66 (.text:xdc_runtime_Error_check__F)
                  00827b00    00000040                             : Error.oe66 (.text:xdc_runtime_Error_init__F)
                  00827b40    00000040     modelPreesm_pe66.oe66 (.text:xdc_runtime_GateNull_Handle__label__S)
                  00827b80    00000040     ti.targets.rts6000.ae66 : Gate.oe66 (.text:xdc_runtime_Gate_leaveSystem__F)
                  00827bc0    00000040                             : Memory.oe66 (.text:xdc_runtime_Memory_free__F)
                  00827c00    00000040                             : Registry.oe66 (.text:xdc_runtime_Registry_findById__F)
                  00827c40    00000040                             : System.oe66 (.text:xdc_runtime_System_abort__F)
                  00827c80    00000040     modelPreesm_pe66.oe66 (.text:xdc_runtime_System_aprintf__E)
                  00827cc0    00000040     modelPreesm_pe66.oe66 (.text:xdc_runtime_System_printf__E)
                  00827d00    00000040     ti.targets.rts6000.ae66 : Text.oe66 (.text:xdc_runtime_Text_ropeText__F)
                  00827d40    00000040     modelPreesm_pe66.oe66 (.text:xdc_runtime_knl_GateThread_Handle__label__S)
                  00827d80    00000040     ti.targets.rts6000.ae66 : GateThread.oe66 (.text:xdc_runtime_knl_GateThread_Instance_finalize__F)
                  00827dc0    00000040                             : GateThread.oe66 (.text:xdc_runtime_knl_GateThread_Instance_init__F)
                  00827e00    00000020     ipc.lib : Ipc.obj (.text:GateMP_delete)
                  00827e20    00000020             : Ipc.obj (.text:MultiProc_self)
                  00827e40    00000020     rts6600_elf.lib : negll.obj (.text:__c6xabi_negll)
                  00827e60    00000020                     : dtor_list.obj (.text:__cxa_atexit)
                  00827e80    00000020                     : dtor_list.obj (.text:__cxa_ia64_exit)
                  00827ea0    00000020     ti.targets.rts6000.ae66 : xdc_noinit.oe66 (.text:__xdc__init)
                  00827ec0    00000020     rts6600_elf.lib : _lock.obj (.text:_nop)
                  00827ee0    00000020                     : printf.obj (.text:_outc)
                  00827f00    00000020                     : printf.obj (.text:_outs)
                  00827f20    00000020                     : _lock.obj (.text:_register_lock)
                  00827f40    00000020                     : _lock.obj (.text:_register_unlock)
                  00827f60    00000020     sysbios.lib : c62_TaskSupport_asm.obj (.text:_ti_sysbios_family_c62_TaskSupport_glue)
                  00827f80    00000020                 : c64p_Hwi_asm_switch.obj (.text:_ti_sysbios_family_xxx_Hwi_switchToTaskStack)
                  00827fa0    00000020     rts6600_elf.lib : exit.obj (.text:abort)
                  00827fc0    00000020                     : dtor_list.obj (.text:atexit)
                  00827fe0    00000020                     : copy_decompress_none.obj (.text:decompress:none:__TI_decompress_none)
                  00828000    00000020                     : copy_decompress_rle.obj (.text:decompress:rle24:__TI_decompress_rle24)
                  00828020    00000020     sysbios.lib : BIOS.obj (.text:nullFunc$0)
                  00828040    00000020     rts6600_elf.lib : fputc.obj (.text:putc)
                  00828060    00000020                     : fputc.obj (.text:putchar)
                  00828080    00000020     modelPreesm_pe66.oe66 (.text:ti_sdo_ipc_GateMP_Params__init__S)
                  008280a0    00000020     modelPreesm_pe66.oe66 (.text:ti_sdo_ipc_GateMP_RemoteCustom1Proxy_Object__create__S)
                  008280c0    00000020     modelPreesm_pe66.oe66 (.text:ti_sdo_ipc_GateMP_RemoteCustom1Proxy_Object__delete__S)
                  008280e0    00000020     modelPreesm_pe66.oe66 (.text:ti_sdo_ipc_GateMP_RemoteCustom1Proxy_Params__init__S)
                  00828100    00000020     modelPreesm_pe66.oe66 (.text:ti_sdo_ipc_GateMP_RemoteCustom1Proxy_Proxy__abstract__S)
                  00828120    00000020     modelPreesm_pe66.oe66 (.text:ti_sdo_ipc_GateMP_RemoteCustom1Proxy_Proxy__delegate__S)
                  00828140    00000020     modelPreesm_pe66.oe66 (.text:ti_sdo_ipc_GateMP_RemoteCustom2Proxy_Object__create__S)
                  00828160    00000020     modelPreesm_pe66.oe66 (.text:ti_sdo_ipc_GateMP_RemoteCustom2Proxy_Object__delete__S)
                  00828180    00000020     modelPreesm_pe66.oe66 (.text:ti_sdo_ipc_GateMP_RemoteCustom2Proxy_Params__init__S)
                  008281a0    00000020     modelPreesm_pe66.oe66 (.text:ti_sdo_ipc_GateMP_RemoteCustom2Proxy_Proxy__abstract__S)
                  008281c0    00000020     modelPreesm_pe66.oe66 (.text:ti_sdo_ipc_GateMP_RemoteCustom2Proxy_Proxy__delegate__S)
                  008281e0    00000020     modelPreesm_pe66.oe66 (.text:ti_sdo_ipc_GateMP_RemoteSystemProxy_Object__create__S)
                  00828200    00000020     modelPreesm_pe66.oe66 (.text:ti_sdo_ipc_GateMP_RemoteSystemProxy_Object__delete__S)
                  00828220    00000020     modelPreesm_pe66.oe66 (.text:ti_sdo_ipc_GateMP_RemoteSystemProxy_Params__init__S)
                  00828240    00000020     modelPreesm_pe66.oe66 (.text:ti_sdo_ipc_GateMP_RemoteSystemProxy_Proxy__abstract__S)
                  00828260    00000020     modelPreesm_pe66.oe66 (.text:ti_sdo_ipc_GateMP_RemoteSystemProxy_Proxy__delegate__S)
                  00828280    00000020     ipc.lib : Ipc.obj (.text:ti_sdo_ipc_GateMP_getSharedAddr__F)
                  008282a0    00000020     modelPreesm_pe66.oe66 (.text:ti_sdo_ipc_ListMP_Params__init__S)
                  008282c0    00000020     modelPreesm_pe66.oe66 (.text:ti_sdo_ipc_MessageQ_Object__get__S)
                  008282e0    00000020     modelPreesm_pe66.oe66 (.text:ti_sdo_ipc_Notify_Module_GateProxy_enter__E)
                  00828300    00000020     modelPreesm_pe66.oe66 (.text:ti_sdo_ipc_Notify_Module_GateProxy_leave__E)
                  00828320    00000020     ipc.lib : Ipc.obj (.text:ti_sdo_ipc_family_c647x_Interrupt_intDisable__E)
                  00828340    00000020             : Ipc.obj (.text:ti_sdo_ipc_family_c647x_Interrupt_intEnable__E)
                  00828360    00000020             : Ipc.obj (.text:ti_sdo_ipc_family_c647x_NotifySetup_numIntLines__E)
                  00828380    00000020     modelPreesm_pe66.oe66 (.text:ti_sdo_ipc_gates_GateHWSem_Params__init__S)
                  008283a0    00000020     ipc.lib : Ipc.obj (.text:ti_sdo_ipc_gates_GateHWSem_getReservedMask__E)
                  008283c0    00000020             : Ipc.obj (.text:ti_sdo_ipc_gates_GateHWSem_query__F)
                  008283e0    00000020             : Ipc.obj (.text:ti_sdo_ipc_gates_GateHWSem_sharedMemReq__E)
                  00828400    00000020             : Ipc.obj (.text:ti_sdo_ipc_gates_GateMPSupportNull_Instance_init__F)
                  00828420    00000020     modelPreesm_pe66.oe66 (.text:ti_sdo_ipc_gates_GateMPSupportNull_Params__init__S)
                  00828440    00000020     ipc.lib : Ipc.obj (.text:ti_sdo_ipc_gates_GateMPSupportNull_getReservedMask__E)
                  00828460    00000020             : Ipc.obj (.text:ti_sdo_ipc_gates_GateMPSupportNull_query__F)
                  00828480    00000020             : Ipc.obj (.text:ti_sdo_ipc_gates_GateMPSupportNull_sharedMemReq__E)
                  008284a0    00000020     modelPreesm_pe66.oe66 (.text:ti_sdo_ipc_gates_GatePeterson_Params__init__S)
                  008284c0    00000020     ipc.lib : Ipc.obj (.text:ti_sdo_ipc_gates_GatePeterson_getReservedMask__E)
                  008284e0    00000020             : Ipc.obj (.text:ti_sdo_ipc_gates_GatePeterson_query__F)
                  00828500    00000020     modelPreesm_pe66.oe66 (.text:ti_sdo_ipc_heaps_HeapMemMP_Params__init__S)
                  00828520    00000020     ipc.lib : Ipc.obj (.text:ti_sdo_ipc_heaps_HeapMemMP_isBlocking__F)
                  00828540    00000020     modelPreesm_pe66.oe66 (.text:ti_sdo_ipc_notifyDrivers_NotifyDriverShm_Params__init__S)
                  00828560    00000020     modelPreesm_pe66.oe66 (.text:ti_sdo_ipc_nsremote_NameServerRemoteNotify_Object__first__S)
                  00828580    00000020     modelPreesm_pe66.oe66 (.text:ti_sdo_ipc_nsremote_NameServerRemoteNotify_Object__next__S)
                  008285a0    00000020     modelPreesm_pe66.oe66 (.text:ti_sdo_ipc_nsremote_NameServerRemoteNotify_Params__init__S)
                  008285c0    00000020     ipc.lib : Ipc.obj (.text:ti_sdo_ipc_nsremote_NameServerRemoteNotify_cbFxn__I)
                  008285e0    00000020             : Ipc.obj (.text:ti_sdo_ipc_transports_TransportShmSetup_isRegistered__E)
                  00828600    00000020     modelPreesm_pe66.oe66 (.text:ti_sdo_ipc_transports_TransportShm_Params__init__S)
                  00828620    00000020     ipc.lib : Ipc.obj (.text:ti_sdo_ipc_transports_TransportShm_control__E)
                  00828640    00000020             : Ipc.obj (.text:ti_sdo_ipc_transports_TransportShm_getStatus__E)
                  00828660    00000020             : Ipc.obj (.text:ti_sdo_ipc_transports_TransportShm_notifyFxn__I)
                  00828680    00000020             : Ipc.obj (.text:ti_sdo_ipc_transports_TransportShm_setErrFxn__F)
                  008286a0    00000020             : Ipc.obj (.text:ti_sdo_utils_List_Instance_init__F)
                  008286c0    00000020     modelPreesm_pe66.oe66 (.text:ti_sdo_utils_List_Object__destruct__S)
                  008286e0    00000020     modelPreesm_pe66.oe66 (.text:ti_sdo_utils_List_Object__get__S)
                  00828700    00000020     ipc.lib : Ipc.obj (.text:ti_sdo_utils_MultiProc_getClusterId__F)
                  00828720    00000020     modelPreesm_pe66.oe66 (.text:ti_sdo_utils_NameServer_Object__first__S)
                  00828740    00000020     modelPreesm_pe66.oe66 (.text:ti_sdo_utils_NameServer_Object__next__S)
                  00828760    00000020     modelPreesm_pe66.oe66 (.text:ti_sysbios_BIOS_RtsGateProxy_enter__E)
                  00828780    00000020     modelPreesm_pe66.oe66 (.text:ti_sysbios_BIOS_RtsGateProxy_leave__E)
                  008287a0    00000020     sysbios.lib : BIOS.obj (.text:ti_sysbios_BIOS_getCpuFreq__E)
                  008287c0    00000020                 : BIOS.obj (.text:ti_sysbios_BIOS_getThreadType__E)
                  008287e0    00000020                 : BIOS.obj (.text:ti_sysbios_BIOS_setThreadType__E)
                  00828800    00000020     modelPreesm_pe66.oe66 (.text:ti_sysbios_family_c62_TaskSupport_Module__startupDone__S)
                  00828820    00000020     sysbios.lib : BIOS.obj (.text:ti_sysbios_family_c62_TaskSupport_checkStack__E)
                  00828840    00000020     modelPreesm_pe66.oe66 (.text:ti_sysbios_family_c64p_Hwi_Params__init__S)
                  00828860    00000020     sysbios.lib : BIOS.obj (.text:ti_sysbios_family_c64p_Hwi_clearInterrupt__E)
                  00828880    00000020                 : BIOS.obj (.text:ti_sysbios_family_c64p_Hwi_getHandle__E)
                  008288a0    00000020                 : BIOS.obj (.text:ti_sysbios_family_c64p_Hwi_startup__E)
                  008288c0    00000020                 : BIOS.obj (.text:ti_sysbios_family_c64p_Hwi_switchFromBootStack__E)
                  008288e0    00000020                 : BIOS.obj (.text:ti_sysbios_family_c64p_Hwi_unPluggedInterrupt__I)
                  00828900    00000020                 : BIOS.obj (.text:ti_sysbios_family_c64p_TimestampProvider_Module_startup__F)
                  00828920    00000020                 : BIOS.obj (.text:ti_sysbios_family_c64p_TimestampProvider_get64__E)
                  00828940    00000020                 : BIOS.obj (.text:ti_sysbios_family_c64p_tci6488_TimerSupport_enable__E)
                  00828960    00000020                 : BIOS.obj (.text:ti_sysbios_family_c66_Cache_inv__E)
                  00828980    00000020                 : BIOS.obj (.text:ti_sysbios_family_c66_Cache_wbInv__E)
                  008289a0    00000020                 : BIOS.obj (.text:ti_sysbios_gates_GateAll_Instance_init__F)
                  008289c0    00000020                 : BIOS.obj (.text:ti_sysbios_gates_GateAll_query__F)
                  008289e0    00000020                 : BIOS.obj (.text:ti_sysbios_gates_GateHwi_Instance_init__F)
                  00828a00    00000020                 : BIOS.obj (.text:ti_sysbios_gates_GateHwi_enter__E)
                  00828a20    00000020                 : BIOS.obj (.text:ti_sysbios_gates_GateHwi_leave__E)
                  00828a40    00000020                 : BIOS.obj (.text:ti_sysbios_gates_GateHwi_query__F)
                  00828a60    00000020                 : BIOS.obj (.text:ti_sysbios_gates_GateMutexPri_query__F)
                  00828a80    00000020                 : BIOS.obj (.text:ti_sysbios_gates_GateMutex_query__F)
                  00828aa0    00000020                 : BIOS.obj (.text:ti_sysbios_gates_GateSwi_Instance_init__F)
                  00828ac0    00000020                 : BIOS.obj (.text:ti_sysbios_gates_GateSwi_query__F)
                  00828ae0    00000020     modelPreesm_pe66.oe66 (.text:ti_sysbios_hal_Hwi_HwiProxy_Module__startupDone__S)
                  00828b00    00000020     sysbios.lib : BIOS.obj (.text:ti_sysbios_hal_Hwi_Module_startup__F)
                  00828b20    00000020                 : BIOS.obj (.text:ti_sysbios_hal_Timer_Module_startup__F)
                  00828b40    00000020     modelPreesm_pe66.oe66 (.text:ti_sysbios_hal_Timer_TimerProxy_Module__startupDone__S)
                  00828b60    00000020     modelPreesm_pe66.oe66 (.text:ti_sysbios_hal_Timer_TimerProxy_getExpiredCounts__E)
                  00828b80    00000020     modelPreesm_pe66.oe66 (.text:ti_sysbios_hal_Timer_TimerProxy_getPeriod__E)
                  00828ba0    00000020     modelPreesm_pe66.oe66 (.text:ti_sysbios_hal_Timer_TimerProxy_setNextTick__E)
                  00828bc0    00000020     modelPreesm_pe66.oe66 (.text:ti_sysbios_heaps_HeapMem_Module_GateProxy_enter__E)
                  00828be0    00000020     modelPreesm_pe66.oe66 (.text:ti_sysbios_heaps_HeapMem_Module_GateProxy_leave__E)
                  00828c00    00000020     sysbios.lib : BIOS.obj (.text:ti_sysbios_heaps_HeapMem_isBlocking__E)
                  00828c20    00000020     modelPreesm_pe66.oe66 (.text:ti_sysbios_knl_Clock_Params__init__S)
                  00828c40    00000020     sysbios.lib : BIOS.obj (.text:ti_sysbios_knl_Queue_Instance_init__F)
                  00828c60    00000020     modelPreesm_pe66.oe66 (.text:ti_sysbios_knl_Queue_Object__destruct__S)
                  00828c80    00000020     modelPreesm_pe66.oe66 (.text:ti_sysbios_knl_Queue_Object__get__S)
                  00828ca0    00000020     sysbios.lib : BIOS.obj (.text:ti_sysbios_knl_Queue_empty__E)
                  00828cc0    00000020     modelPreesm_pe66.oe66 (.text:ti_sysbios_knl_Semaphore_Params__init__S)
                  00828ce0    00000020     modelPreesm_pe66.oe66 (.text:ti_sysbios_knl_Swi_Params__init__S)
                  00828d00    00000020     sysbios.lib : BIOS.obj (.text:ti_sysbios_knl_Swi_disable__E)
                  00828d20    00000020     modelPreesm_pe66.oe66 (.text:ti_sysbios_knl_Task_Object__first__S)
                  00828d40    00000020     modelPreesm_pe66.oe66 (.text:ti_sysbios_knl_Task_Object__next__S)
                  00828d60    00000020     modelPreesm_pe66.oe66 (.text:ti_sysbios_knl_Task_SupportProxy_Module__startupDone__S)
                  00828d80    00000020     sysbios.lib : BIOS.obj (.text:ti_sysbios_knl_Task_disable__E)
                  00828da0    00000020                 : BIOS.obj (.text:ti_sysbios_knl_Task_getPri__E)
                  00828dc0    00000020                 : BIOS.obj (.text:ti_sysbios_knl_Task_self__E)
                  00828de0    00000020                 : BIOS.obj (.text:ti_sysbios_timers_timer64_Timer_setNextTick__E)
                  00828e00    00000020     ti.targets.rts6000.ae66 : GateNull.oe66 (.text:xdc_runtime_GateNull_enter__F)
                  00828e20    00000020                             : GateNull.oe66 (.text:xdc_runtime_GateNull_leave__F)
                  00828e40    00000020                             : GateNull.oe66 (.text:xdc_runtime_GateNull_query__F)
                  00828e60    00000020                             : Gate.oe66 (.text:xdc_runtime_Gate_enterSystem__F)
                  00828e80    00000020     modelPreesm_pe66.oe66 (.text:xdc_runtime_IHeap_alloc)
                  00828ea0    00000020     modelPreesm_pe66.oe66 (.text:xdc_runtime_IHeap_free)
                  00828ec0    00000020     modelPreesm_pe66.oe66 (.text:xdc_runtime_Memory_HeapProxy_alloc__E)
                  00828ee0    00000020     modelPreesm_pe66.oe66 (.text:xdc_runtime_Memory_HeapProxy_free__E)
                  00828f00    00000020     ti.targets.rts6000.ae66 : Memory.oe66 (.text:xdc_runtime_Memory_getMaxDefaultTypeAlign__F)
                  00828f20    00000020     modelPreesm_pe66.oe66 (.text:xdc_runtime_Startup_Module__startupDone__S)
                  00828f40    00000020     modelPreesm_pe66.oe66 (.text:xdc_runtime_Startup_exec__I)
                  00828f60    00000020     modelPreesm_pe66.oe66 (.text:xdc_runtime_Startup_reset__I)
                  00828f80    00000020     ti.targets.rts6000.ae66 : Startup.oe66 (.text:xdc_runtime_Startup_rtsDone__F)
                  00828fa0    00000020                             : SysStd.oe66 (.text:xdc_runtime_SysStd_exit__F)
                  00828fc0    00000020                             : SysStd.oe66 (.text:xdc_runtime_SysStd_putch__F)
                  00828fe0    00000020                             : SysStd.oe66 (.text:xdc_runtime_SysStd_ready__F)
                  00829000    00000020     modelPreesm_pe66.oe66 (.text:xdc_runtime_System_Module_GateProxy_enter__E)
                  00829020    00000020     modelPreesm_pe66.oe66 (.text:xdc_runtime_System_Module_GateProxy_leave__E)
                  00829040    00000020     ti.targets.rts6000.ae66 : System.oe66 (.text:xdc_runtime_System_Module_startup__F)
                  00829060    00000020                             : System.oe66 (.text:xdc_runtime_System_exit__F)
                  00829080    00000020                             : System.oe66 (.text:xdc_runtime_System_lastFxn__I)
                  008290a0    00000020                             : System.oe66 (.text:xdc_runtime_System_vsprintf__F)
                  008290c0    00000020     modelPreesm_pe66.oe66 (.text:xdc_runtime_Text_visitRope__I)
                  008290e0    00000020     modelPreesm_pe66.oe66 (.text:xdc_runtime_knl_GateThread_Module__startupDone__S)
                  00829100    00000020     modelPreesm_pe66.oe66 (.text:xdc_runtime_knl_GateThread_Proxy_Object__create__S)
                  00829120    00000020     modelPreesm_pe66.oe66 (.text:xdc_runtime_knl_GateThread_Proxy_Object__delete__S)
                  00829140    00000020     modelPreesm_pe66.oe66 (.text:xdc_runtime_knl_GateThread_Proxy_enter__E)
                  00829160    00000020     modelPreesm_pe66.oe66 (.text:xdc_runtime_knl_GateThread_Proxy_leave__E)
                  00829180    00000020     ti.targets.rts6000.ae66 : GateThread.oe66 (.text:xdc_runtime_knl_GateThread_enter__F)
                  008291a0    00000020                             : GateThread.oe66 (.text:xdc_runtime_knl_GateThread_leave__F)

.far.1     0    008291c0    00009038     UNINITIALIZED
                  008291c0    00008034     modelPreesm_pe66.oe66 (.far)
                  008311f4    00000004     --HOLE--
                  008311f8    00001000     modelPreesm_pe66.oe66 (.far:taskStackSection)

.far.2     0    00832200    000003a8     UNINITIALIZED
                  00832200    00000190     semaphore6678.obj (.far)
                  00832390    00000140     rts6600_elf.lib : defs.obj (.far)
                  008324d0    000000d8                     : trgdrv.obj (.far)

.far.3     0    008325b0    00000020     UNINITIALIZED
                  008325b0    00000020     communication.obj (.far)

.const     0    008325d0    00004266     
                  008325d0    000025b8     modelPreesm_pe66.oe66 (.const:xdc_runtime_Text_charTab__A)
                  00834b88    0000042c     sysbios.lib : BIOS.obj (.const:.string)
                  00834fb4    0000000c     modelPreesm_pe66.oe66 (.const:ti_sysbios_family_c66_Cache_initSize__C)
                  00834fc0    00000400     modelPreesm_pe66.oe66 (.const:ti_sysbios_family_c66_Cache_marvalues__C)
                  008353c0    00000174     modelPreesm_pe66.oe66 (.const:xdc_runtime_Text_nodeTab__A)
                  00835534    00000008     ti.targets.rts6000.ae66 : System.oe66 (.const:.string)
                  0083553c    00000004                             : Assert.oe66 (.const:.string)
                  00835540    00000101     rts6600_elf.lib : ctype.obj (.const:_ctypes_)
                  00835641    00000003     --HOLE-- [fill = 0]
                  00835644    000000d7     modelPreesm_pe66.oe66 (.const:.string)
                  0083571b    00000001     --HOLE-- [fill = 0]
                  0083571c    00000058     ti.targets.rts6000.ae66 : Error.oe66 (.const:.string)
                  00835774    00000046     displayMatrix.obj (.const:.string)
                  008357ba    00000041     communication.obj (.const:.string)
                  008357fb    00000001     --HOLE-- [fill = 0]
                  008357fc    00000040     ti.targets.rts6000.ae66 : Text.oe66 (.const:.string)
                  0083583c    00000004     modelPreesm_pe66.oe66 (.const:ti_sdo_ipc_GateMP_A_invalidClose__C)
                  00835840    00000040     modelPreesm_pe66.oe66 (.const:xdc_runtime_Startup_sfxnTab__A)
                  00835880    00000038     modelPreesm_pe66.oe66 (.const:ti_sdo_ipc_notifyDrivers_NotifyDriverShm_Module__FXNS__C)
                  008358b8    00000034     modelPreesm_pe66.oe66 (.const:ti_sdo_ipc_GateMP_Object__PARAMS__C)
                  008358ec    00000034     modelPreesm_pe66.oe66 (.const:ti_sdo_ipc_notifyDrivers_NotifyDriverShm_Object__PARAMS__C)
                  00835920    00000032     semaphore6678.obj (.const:.string)
                  00835952    00000002     --HOLE-- [fill = 0]
                  00835954    00000030     modelPreesm_pe66.oe66 (.const:ti_sdo_ipc_heaps_HeapMemMP_Object__PARAMS__C)
                  00835984    00000030     modelPreesm_pe66.oe66 (.const:ti_sysbios_family_c64p_Hwi_Object__PARAMS__C)
                  008359b4    0000002c     ti.targets.rts6000.ae66 : Startup.oe66 (.const:.string)
                  008359e0    0000002c     modelPreesm_pe66.oe66 (.const:ti_sdo_ipc_ListMP_Object__PARAMS__C)
                  00835a0c    0000002c     modelPreesm_pe66.oe66 (.const:ti_sdo_ipc_gates_GateHWSem_Module__FXNS__C)
                  00835a38    0000002c     modelPreesm_pe66.oe66 (.const:ti_sdo_ipc_gates_GateMPSupportNull_Module__FXNS__C)
                  00835a64    0000002c     modelPreesm_pe66.oe66 (.const:ti_sdo_ipc_gates_GatePeterson_Module__FXNS__C)
                  00835a90    00000028     modelPreesm_pe66.oe66 (.const:ti_sdo_ipc_heaps_HeapMemMP_Module__FXNS__C)
                  00835ab8    00000028     modelPreesm_pe66.oe66 (.const:ti_sdo_ipc_nsremote_NameServerRemoteNotify_Module__FXNS__C)
                  00835ae0    00000028     modelPreesm_pe66.oe66 (.const:ti_sdo_ipc_transports_TransportShm_Module__FXNS__C)
                  00835b08    00000028     modelPreesm_pe66.oe66 (.const:ti_sdo_ipc_transports_TransportShm_Object__PARAMS__C)
                  00835b30    00000028     modelPreesm_pe66.oe66 (.const:ti_sysbios_heaps_HeapMem_Module__FXNS__C)
                  00835b58    00000028     modelPreesm_pe66.oe66 (.const:ti_sysbios_knl_Swi_Object__PARAMS__C)
                  00835b80    00000027     generateMatrices.obj (.const:.string)
                  00835ba7    00000001     --HOLE-- [fill = 0]
                  00835ba8    00000024     modelPreesm_pe66.oe66 (.const:ti_sdo_ipc_gates_GateHWSem_Object__PARAMS__C)
                  00835bcc    00000024     modelPreesm_pe66.oe66 (.const:ti_sdo_ipc_gates_GateMPSupportNull_Object__PARAMS__C)
                  00835bf0    00000024     modelPreesm_pe66.oe66 (.const:ti_sdo_ipc_gates_GatePeterson_Object__PARAMS__C)
                  00835c14    00000024     modelPreesm_pe66.oe66 (.const:ti_sysbios_gates_GateAll_Module__FXNS__C)
                  00835c38    00000024     modelPreesm_pe66.oe66 (.const:ti_sysbios_gates_GateHwi_Module__FXNS__C)
                  00835c5c    00000024     modelPreesm_pe66.oe66 (.const:ti_sysbios_gates_GateMutexPri_Module__FXNS__C)
                  00835c80    00000024     modelPreesm_pe66.oe66 (.const:ti_sysbios_gates_GateMutex_Module__FXNS__C)
                  00835ca4    00000024     modelPreesm_pe66.oe66 (.const:ti_sysbios_gates_GateSwi_Module__FXNS__C)
                  00835cc8    00000024     modelPreesm_pe66.oe66 (.const:ti_sysbios_knl_Clock_Object__PARAMS__C)
                  00835cec    00000024     modelPreesm_pe66.oe66 (.const:ti_sysbios_knl_Semaphore_Object__PARAMS__C)
                  00835d10    00000024     modelPreesm_pe66.oe66 (.const:xdc_runtime_GateNull_Module__FXNS__C)
                  00835d34    00000024     modelPreesm_pe66.oe66 (.const:xdc_runtime_knl_GateThread_Module__FXNS__C)
                  00835d58    00000023     rts6600_elf.lib : _printfi.obj (.const:.string)
                  00835d7b    00000001     --HOLE-- [fill = 0]
                  00835d7c    00000020     ti.targets.rts6000.ae66 : Core-mem.oe66 (.const:.string)
                  00835d9c    00000020     modelPreesm_pe66.oe66 (.const:ti_sdo_ipc_GateMP_Object__DESC__C)
                  00835dbc    00000020     modelPreesm_pe66.oe66 (.const:ti_sdo_ipc_ListMP_Object__DESC__C)
                  00835ddc    00000020     modelPreesm_pe66.oe66 (.const:ti_sdo_ipc_Notify_Object__DESC__C)
                  00835dfc    00000020     modelPreesm_pe66.oe66 (.const:ti_sdo_ipc_gates_GateHWSem_Object__DESC__C)
                  00835e1c    00000020     modelPreesm_pe66.oe66 (.const:ti_sdo_ipc_gates_GateMPSupportNull_Object__DESC__C)
                  00835e3c    00000020     modelPreesm_pe66.oe66 (.const:ti_sdo_ipc_gates_GatePeterson_Object__DESC__C)
                  00835e5c    00000020     modelPreesm_pe66.oe66 (.const:ti_sdo_ipc_heaps_HeapMemMP_Object__DESC__C)
                  00835e7c    00000020     modelPreesm_pe66.oe66 (.const:ti_sdo_ipc_notifyDrivers_NotifyDriverShm_Object__DESC__C)
                  00835e9c    00000020     modelPreesm_pe66.oe66 (.const:ti_sdo_ipc_nsremote_NameServerRemoteNotify_Object__DESC__C)
                  00835ebc    00000020     modelPreesm_pe66.oe66 (.const:ti_sdo_ipc_nsremote_NameServerRemoteNotify_Object__PARAMS__C)
                  00835edc    00000020     modelPreesm_pe66.oe66 (.const:ti_sdo_ipc_transports_TransportShm_Object__DESC__C)
                  00835efc    00000020     modelPreesm_pe66.oe66 (.const:ti_sdo_utils_List_Object__DESC__C)
                  00835f1c    00000020     modelPreesm_pe66.oe66 (.const:ti_sysbios_family_c64p_Hwi_Object__DESC__C)
                  00835f3c    00000020     modelPreesm_pe66.oe66 (.const:ti_sysbios_gates_GateAll_Object__DESC__C)
                  00835f5c    00000020     modelPreesm_pe66.oe66 (.const:ti_sysbios_gates_GateHwi_Object__DESC__C)
                  00835f7c    00000020     modelPreesm_pe66.oe66 (.const:ti_sysbios_gates_GateMutexPri_Object__DESC__C)
                  00835f9c    00000020     modelPreesm_pe66.oe66 (.const:ti_sysbios_gates_GateMutex_Object__DESC__C)
                  00835fbc    00000020     modelPreesm_pe66.oe66 (.const:ti_sysbios_gates_GateSwi_Object__DESC__C)
                  00835fdc    00000020     modelPreesm_pe66.oe66 (.const:ti_sysbios_heaps_HeapMem_Object__DESC__C)
                  00835ffc    00000020     modelPreesm_pe66.oe66 (.const:ti_sysbios_heaps_HeapMem_Object__PARAMS__C)
                  0083601c    00000020     modelPreesm_pe66.oe66 (.const:ti_sysbios_knl_Clock_Object__DESC__C)
                  0083603c    00000020     modelPreesm_pe66.oe66 (.const:ti_sysbios_knl_Queue_Object__DESC__C)
                  0083605c    00000020     modelPreesm_pe66.oe66 (.const:ti_sysbios_knl_Semaphore_Object__DESC__C)
                  0083607c    00000020     modelPreesm_pe66.oe66 (.const:ti_sysbios_knl_Swi_Object__DESC__C)
                  0083609c    00000020     modelPreesm_pe66.oe66 (.const:ti_sysbios_xdcruntime_GateThreadSupport_Object__DESC__C)
                  008360bc    00000020     modelPreesm_pe66.oe66 (.const:xdc_runtime_GateNull_Object__DESC__C)
                  008360dc    00000004     modelPreesm_pe66.oe66 (.const:ti_sdo_ipc_GateMP_A_invalidDelete__C)
                  008360e0    00000020     modelPreesm_pe66.oe66 (.const:xdc_runtime_Startup_sfxnRts__A)
                  00836100    00000020     modelPreesm_pe66.oe66 (.const:xdc_runtime_knl_GateThread_Object__DESC__C)
                  00836120    00000018     modelPreesm_pe66.oe66 (.const:ti_sdo_ipc_Notify_Object__PARAMS__C)
                  00836138    00000018     modelPreesm_pe66.oe66 (.const:ti_sdo_utils_List_Object__PARAMS__C)
                  00836150    00000018     modelPreesm_pe66.oe66 (.const:ti_sysbios_gates_GateAll_Object__PARAMS__C)
                  00836168    00000018     modelPreesm_pe66.oe66 (.const:ti_sysbios_gates_GateHwi_Object__PARAMS__C)
                  00836180    00000018     modelPreesm_pe66.oe66 (.const:ti_sysbios_gates_GateMutexPri_Object__PARAMS__C)
                  00836198    00000018     modelPreesm_pe66.oe66 (.const:ti_sysbios_gates_GateMutex_Object__PARAMS__C)
                  008361b0    00000018     modelPreesm_pe66.oe66 (.const:ti_sysbios_gates_GateSwi_Object__PARAMS__C)
                  008361c8    00000018     modelPreesm_pe66.oe66 (.const:ti_sysbios_knl_Queue_Object__PARAMS__C)
                  008361e0    00000018     modelPreesm_pe66.oe66 (.const:ti_sysbios_knl_Task_hooks__A)
                  008361f8    00000018     modelPreesm_pe66.oe66 (.const:ti_sysbios_xdcruntime_GateThreadSupport_Object__PARAMS__C)
                  00836210    00000018     modelPreesm_pe66.oe66 (.const:xdc_runtime_GateNull_Object__PARAMS__C)
                  00836228    00000018     modelPreesm_pe66.oe66 (.const:xdc_runtime_knl_GateThread_Object__PARAMS__C)
                  00836240    00000016     main.obj (.const:.string)
                  00836256    00000002     --HOLE-- [fill = 0]
                  00836258    00000008     modelPreesm_pe66.oe66 (.const:ti_sysbios_knl_Idle_funcList__C)
                  00836260    00000011     ti.targets.rts6000.ae66 : System.oe66 (.const:digtohex)
                  00836271    00000003     --HOLE-- [fill = 0]
                  00836274    00000008     modelPreesm_pe66.oe66 (.const:ti_sysbios_knl_Task_hooks__C)
                  0083627c    00000004     modelPreesm_pe66.oe66 (.const:ti_sdo_ipc_GateMP_E_gateUnavailable__C)
                  00836280    00000010     modelPreesm_pe66.oe66 (.const:ti_sdo_ipc_family_c647x_MultiProcSetup_procMap__A)
                  00836290    00000010     modelPreesm_pe66.oe66 (.const:ti_sdo_utils_MultiProc_procIdList__A)
                  008362a0    0000000c     modelPreesm_pe66.oe66 (.const:xdc_runtime_Startup_firstFxns__A)
                  008362ac    00000008     modelPreesm_pe66.oe66 (.const:xdc_runtime_Startup_firstFxns__C)
                  008362b4    00000008     modelPreesm_pe66.oe66 (.const:xdc_runtime_Startup_lastFxns__C)
                  008362bc    00000004     modelPreesm_pe66.oe66 (.const:ti_sdo_ipc_GateMP_E_localGate__C)
                  008362c0    00000004     modelPreesm_pe66.oe66 (.const:ti_sdo_ipc_GateMP_LM_create__C)
[...]
00836508   ti_sysbios_BIOS_installedErrorHook__C
0083650c   ti_sysbios_family_c64p_Exception_E_exceptionMin__C
00836510   ti_sysbios_family_c64p_Exception_exceptionHook__C
00836514   ti_sysbios_family_c64p_Exception_externalHook__C
00836518   ti_sysbios_family_c64p_Exception_internalHook__C
0083651c   ti_sysbios_family_c64p_Exception_nmiHook__C
00836520   ti_sysbios_family_c64p_Hwi_E_alreadyDefined__C
00836524   ti_sysbios_family_c64p_Hwi_E_handleNotFound__C
00836528   ti_sysbios_family_c64p_Hwi_LD_end__C
0083652c   ti_sysbios_family_c64p_Hwi_LM_begin__C
00836530   ti_sysbios_family_c64p_Hwi_Module__diagsEnabled__C
00836534   ti_sysbios_family_c64p_Hwi_Module__diagsIncluded__C
00836538   ti_sysbios_family_c64p_Hwi_Module__diagsMask__C
0083653c   ti_sysbios_family_c64p_Hwi_Module__loggerFxn1__C
00836540   ti_sysbios_family_c64p_Hwi_Module__loggerFxn8__C
00836544   ti_sysbios_family_c64p_Hwi_Module__loggerObj__C
00836548   ti_sysbios_family_c66_Cache_atomicBlockSize__C
0083654c   ti_sysbios_gates_GateMutexPri_A_badContext__C
00836550   ti_sysbios_gates_GateMutexPri_Instance_State_pendQ__O
00836554   ti_sysbios_gates_GateMutexPri_Module__diagsEnabled__C
00836558   ti_sysbios_gates_GateMutexPri_Module__diagsIncluded__C
0083655c   ti_sysbios_gates_GateMutexPri_Module__diagsMask__C
00836560   ti_sysbios_gates_GateMutex_A_badContext__C
00836564   ti_sysbios_gates_GateMutex_Instance_State_sem__O
00836568   ti_sysbios_gates_GateMutex_Module__diagsEnabled__C
0083656c   ti_sysbios_gates_GateMutex_Module__diagsIncluded__C
00836570   ti_sysbios_gates_GateMutex_Module__diagsMask__C
00836574   ti_sysbios_gates_GateSwi_A_badContext__C
00836578   ti_sysbios_gates_GateSwi_Module__diagsEnabled__C
0083657c   ti_sysbios_gates_GateSwi_Module__diagsIncluded__C
00836580   ti_sysbios_gates_GateSwi_Module__diagsMask__C
00836584   ti_sysbios_hal_Hwi_E_stackOverflow__C
00836588   ti_sysbios_heaps_HeapMem_A_align__C
0083658c   ti_sysbios_heaps_HeapMem_A_heapSize__C
00836590   ti_sysbios_heaps_HeapMem_A_invalidFree__C
00836594   ti_sysbios_heaps_HeapMem_A_zeroBlock__C
00836598   ti_sysbios_heaps_HeapMem_E_memory__C
0083659c   ti_sysbios_heaps_HeapMem_Module__diagsEnabled__C
008365a0   ti_sysbios_heaps_HeapMem_Module__diagsIncluded__C
008365a4   ti_sysbios_heaps_HeapMem_Module__diagsMask__C
008365a8   ti_sysbios_heaps_HeapMem_Module__gateObj__C
008365ac   ti_sysbios_heaps_HeapMem_Object__count__C
008365b0   ti_sysbios_heaps_HeapMem_reqAlignMask__C
008365b4   ti_sysbios_heaps_HeapMem_reqAlign__C
008365b8   ti_sysbios_knl_Clock_A_badThreadType__C
008365bc   ti_sysbios_knl_Clock_LM_begin__C
008365c0   ti_sysbios_knl_Clock_LM_tick__C
008365c4   ti_sysbios_knl_Clock_LW_delayed__C
008365c8   ti_sysbios_knl_Clock_Module_State_clockQ__O
008365cc   ti_sysbios_knl_Clock_Module__diagsEnabled__C
008365d0   ti_sysbios_knl_Clock_Module__diagsIncluded__C
008365d4   ti_sysbios_knl_Clock_Module__diagsMask__C
008365d8   ti_sysbios_knl_Clock_Module__loggerFxn1__C
008365dc   ti_sysbios_knl_Clock_Module__loggerFxn2__C
008365e0   ti_sysbios_knl_Clock_Module__loggerObj__C
008365e4   ti_sysbios_knl_Clock_tickMode__C
008365e8   ti_sysbios_knl_Clock_tickSource__C
008365ec   ti_sysbios_knl_Semaphore_A_badContext__C
008365f0   ti_sysbios_knl_Idle_funcList__A
008365f4   ti_sysbios_knl_Semaphore_A_noEvents__C
008365f8   ti_sysbios_knl_Semaphore_A_overflow__C
008365fc   ti_sysbios_knl_Semaphore_Instance_State_pendQ__O
00836600   ti_sysbios_knl_Semaphore_LM_pend__C
00836604   ti_sysbios_knl_Semaphore_LM_post__C
00836608   ti_sysbios_knl_Semaphore_Module__diagsEnabled__C
0083660c   ti_sysbios_knl_Semaphore_Module__diagsIncluded__C
00836610   ti_sysbios_knl_Semaphore_Module__diagsMask__C
00836614   ti_sysbios_knl_Semaphore_Module__loggerFxn2__C
00836618   ti_sysbios_knl_Semaphore_Module__loggerFxn4__C
0083661c   ti_sysbios_knl_Semaphore_Module__loggerObj__C
00836620   ti_sysbios_knl_Swi_A_badPriority__C
00836624   ti_sysbios_knl_Swi_LD_end__C
00836628   ti_sysbios_knl_Swi_LM_begin__C
0083662c   ti_sysbios_knl_Swi_LM_post__C
00836630   ti_sysbios_knl_Swi_Module__diagsEnabled__C
00836634   ti_sysbios_knl_Swi_Module__diagsIncluded__C
00836638   ti_sysbios_knl_Swi_Module__diagsMask__C
0083663c   ti_sysbios_knl_Swi_Module__loggerFxn1__C
00836640   ti_sysbios_knl_Swi_Module__loggerFxn4__C
00836644   ti_sysbios_knl_Swi_Module__loggerObj__C
00836648   ti_sysbios_knl_Swi_Object__count__C
0083664c   ti_sysbios_knl_Task_A_badPriority__C
00836650   ti_sysbios_knl_Task_A_badTimeout__C
00836654   ti_sysbios_knl_Task_E_spOutOfBounds__C
00836658   ti_sysbios_knl_Task_E_stackOverflow__C
0083665c   ti_sysbios_knl_Task_LD_block__C
00836660   ti_sysbios_knl_Task_LD_exit__C
00836664   ti_sysbios_knl_Task_LD_ready__C
00836668   ti_sysbios_knl_Task_LM_setPri__C
0083666c   ti_sysbios_knl_Task_LM_sleep__C
00836670   ti_sysbios_knl_Task_LM_switch__C
00836674   ti_sysbios_knl_Task_LM_yield__C
00836678   ti_sysbios_knl_Task_Module_State_inactiveQ__O
0083667c   ti_sysbios_knl_Task_Module_State_terminatedQ__O
00836680   ti_sysbios_knl_Task_Module__diagsEnabled__C
00836684   ti_sysbios_knl_Task_Module__diagsIncluded__C
00836688   ti_sysbios_knl_Task_Module__diagsMask__C
0083668c   ti_sysbios_knl_Task_Module__loggerFxn2__C
00836690   ti_sysbios_knl_Task_Module__loggerFxn4__C
00836694   ti_sysbios_knl_Task_Module__loggerObj__C
00836698   ti_sysbios_knl_Task_Object__count__C
0083669c   ti_sysbios_knl_Task_allBlockedFunc__C
008366a0   ti_sysbios_knl_Task_numConstructedTasks__C
008366a4   ti_sysbios_knl_Task_numPriorities__C
008366a8   ti_sysbios_timers_timer64_Timer_A_notAvailable__C
008366ac   ti_sysbios_timers_timer64_Timer_E_cannotSupport__C
008366b0   ti_sysbios_timers_timer64_Timer_Module__diagsEnabled__C
008366b4   ti_sysbios_timers_timer64_Timer_Module__diagsIncluded__C
008366b8   ti_sysbios_timers_timer64_Timer_Module__diagsMask__C
008366bc   ti_sysbios_timers_timer64_Timer_anyMask__C
008366c0   ti_sysbios_timers_timer64_Timer_freqDivisor__C
008366c4   ti_sysbios_timers_timer64_Timer_numLocalTimers__C
008366c8   ti_sysbios_timers_timer64_Timer_numTimerDevices__C
008366cc   ti_sysbios_xdcruntime_GateThreadSupport_Instance_State_gate__O
008366d0   xdc_runtime_Assert_E_assertFailed__C
008366d4   xdc_runtime_Core_A_initializedParams__C
008366d8   xdc_runtime_Core_Module__diagsEnabled__C
008366dc   xdc_runtime_Core_Module__diagsIncluded__C
008366e0   xdc_runtime_Core_Module__diagsMask__C
008366e4   xdc_runtime_Error_E_generic__C
008366e8   xdc_runtime_Error_E_memory__C
008366ec   xdc_runtime_Error_Module__diagsEnabled__C
008366f0   xdc_runtime_Error_Module__diagsIncluded__C
008366f4   xdc_runtime_Error_Module__diagsMask__C
008366f8   xdc_runtime_Error_Module__loggerFxn8__C
008366fc   xdc_runtime_Error_Module__loggerObj__C
00836700   xdc_runtime_Error_policy__C
00836704   xdc_runtime_Error_raiseHook__C
00836708   xdc_runtime_IGateProvider_Interface__BASE__C
0083670c   xdc_runtime_IHeap_Interface__BASE__C
00836710   xdc_runtime_IModule_Interface__BASE__C
00836714   xdc_runtime_Log_L_error__C
00836718   xdc_runtime_Memory_defaultHeapInstance__C
0083671c   xdc_runtime_Startup_execImpl__C
00836720   xdc_runtime_Startup_lastFxns__A
00836724   xdc_runtime_Startup_maxPasses__C
00836728   xdc_runtime_Startup_sfxnRts__C
0083672c   xdc_runtime_Startup_sfxnTab__C
00836730   xdc_runtime_System_Module__gateObj__C
00836734   xdc_runtime_System_extendFxn__C
00836738   xdc_runtime_System_maxAtexitHandlers__C
0083673c   xdc_runtime_Text_charTab__C
00836740   xdc_runtime_Text_nameEmpty__C
00836744   xdc_runtime_Text_nameStatic__C
00836748   xdc_runtime_Text_nameUnknown__C
0083674c   xdc_runtime_Text_nodeTab__C
00836750   xdc_runtime_Text_visitRopeFxn__C
00836754   ti_sdo_ipc_GateMP_Module__id__C
00836758   ti_sdo_ipc_GateMP_Module__loggerDefined__C
0083675c   ti_sdo_ipc_Ipc_Module__id__C
00836760   ti_sdo_ipc_Ipc_generateSlaveDataForHost__C
00836764   ti_sdo_ipc_ListMP_Module__id__C
00836768   ti_sdo_ipc_MessageQ_Module__id__C
0083676c   ti_sdo_ipc_MessageQ_Module__loggerDefined__C
00836770   ti_sdo_ipc_Notify_Module__id__C
00836774   ti_sdo_ipc_Notify_numLines__C
00836778   ti_sdo_ipc_Notify_reservedEvents__C
0083677c   ti_sdo_ipc_SharedRegion_Module__id__C
00836780   ti_sdo_ipc_SharedRegion_numEntries__C
00836784   ti_sdo_ipc_SharedRegion_translate__C
00836788   ti_sdo_ipc_family_c647x_Interrupt_enableKick__C
0083678c   ti_sdo_ipc_family_c647x_MultiProcSetup_Module__id__C
00836790   ti_sdo_ipc_gates_GateHWSem_Module__id__C
00836794   ti_sdo_ipc_gates_GateMPSupportNull_Module__id__C
00836798   ti_sdo_ipc_gates_GatePeterson_Module__id__C
0083679c   ti_sdo_ipc_heaps_HeapMemMP_Module__id__C
008367a0   ti_sdo_ipc_notifyDrivers_NotifyDriverShm_Module__id__C
008367a4   ti_sdo_ipc_nsremote_NameServerRemoteNotify_Module__id__C
008367a8   ti_sdo_ipc_transports_TransportShm_Module__id__C
008367ac   ti_sdo_ipc_transports_TransportShm_notifyEventId__C
008367b0   ti_sdo_utils_MultiProc_Module__id__C
008367b4   ti_sdo_utils_MultiProc_numProcessors__C
008367b8   ti_sdo_utils_MultiProc_numProcsInCluster__C
008367bc   ti_sdo_utils_NameServer_Module__id__C
008367c0   ti_sdo_utils_NameServer_singleProcessor__C
008367c4   ti_sysbios_BIOS_Module__id__C
008367c8   ti_sysbios_family_c64p_Exception_Module__id__C
008367cc   ti_sysbios_family_c64p_Hwi_Module__id__C
008367d0   ti_sysbios_family_c64p_Hwi_Module__loggerDefined__C
008367d4   ti_sysbios_gates_GateMutexPri_Module__id__C
008367d8   ti_sysbios_gates_GateMutex_Module__id__C
008367dc   ti_sysbios_gates_GateSwi_Module__id__C
008367e0   ti_sysbios_hal_Hwi_Module__id__C
008367e4   ti_sysbios_heaps_HeapMem_Module__id__C
008367e8   ti_sysbios_knl_Clock_Module__id__C
008367ec   ti_sysbios_knl_Clock_Module__loggerDefined__C
008367f0   ti_sysbios_knl_Semaphore_Module__id__C
008367f4   ti_sysbios_knl_Semaphore_Module__loggerDefined__C
008367f8   ti_sysbios_knl_Swi_Module__id__C
008367fc   ti_sysbios_knl_Swi_Module__loggerDefined__C
00836800   ti_sysbios_knl_Task_Module__id__C
00836804   ti_sysbios_knl_Task_Module__loggerDefined__C
00836808   ti_sysbios_knl_Task_deleteTerminatedTasks__C
0083680c   ti_sysbios_knl_Task_initStackFlag__C
00836810   ti_sysbios_timers_timer64_Timer_Module__id__C
00836814   ti_sysbios_timers_timer64_Timer_startupNeeded__C
00836818   xdc_runtime_Core_Module__id__C
0083681c   xdc_runtime_Error_Module__loggerDefined__C
00836820   xdc_runtime_Error_maxDepth__C
00836824   xdc_runtime_Memory_Module__id__C
00836828   xdc_runtime_Text_charCnt__C
0083682c   xdc_runtime_Text_isLoaded__C
00836830   xdc_runtime_Text_registryModsLastId__C
00836834   xdc_runtime_Text_unnamedModsLastId__C
00836840   ti_sdo_ipc_GateMP_Module_State_0_remoteCustom1Gates__A
00837040   ti_sdo_ipc_GateMP_Module__root__V
00837048   ti_sdo_ipc_GateMP_Module__state__V
00837090   ti_sdo_ipc_Ipc_Module__state__V
0083709c   ti_sdo_ipc_ListMP_Module__root__V
008370a4   ti_sdo_ipc_ListMP_Module__state__V
008370a8   ti_sdo_ipc_MessageQ_Module__root__V
008370b0   ti_sdo_ipc_MessageQ_Module__state__V
008370cc   ti_sdo_ipc_Notify_Module__root__V
008370d4   ti_sdo_ipc_Notify_Module__state__V
008370dc   ti_sdo_ipc_SharedRegion_Module__state__V
008370e0   ti_sdo_ipc_family_c647x_Interrupt_Module__state__V
008370e8   ti_sdo_ipc_gates_GateHWSem_Module__root__V
008370f0   ti_sdo_ipc_gates_GateMPSupportNull_Module__root__V
008370f8   ti_sdo_ipc_gates_GatePeterson_Module__root__V
00837100   ti_sdo_ipc_heaps_HeapBufMP_Module__root__V
00837108   ti_sdo_ipc_heaps_HeapBufMP_Module__state__V
0083710c   ti_sdo_ipc_heaps_HeapMemMP_Module__root__V
00837114   ti_sdo_ipc_heaps_HeapMemMP_Module__state__V
00837118   ti_sdo_ipc_notifyDrivers_NotifyDriverShm_Module__root__V
00837120   ti_sdo_ipc_nsremote_NameServerRemoteNotify_Module__root__V
00837128   ti_sdo_ipc_transports_TransportShm_Module__root__V
00837130   ti_sdo_ipc_transports_TransportShmSetup_Module__state__V
00837134   ti_sdo_utils_List_Module__root__V
0083713c   ti_sdo_utils_MultiProc_Module__state__V
00837140   ti_sdo_utils_NameServer_Module__root__V
00837148   ti_sdo_utils_NameServer_Module__state__V
00837150   ti_sdo_utils_NameServerRemoteNull_Module__root__V
00837158   ti_sysbios_BIOS_Module__state__V
00837174   ti_sysbios_family_c64p_Exception_Module__state__V
008371a0   ti_sysbios_family_c64p_Hwi_Module__root__V
008371a8   ti_sysbios_family_c64p_Hwi_Module__state__V
00837210   ti_sysbios_gates_GateAll_Module__root__V
00837218   ti_sysbios_gates_GateHwi_Module__root__V
00837220   ti_sysbios_gates_GateMutex_Module__root__V
00837228   ti_sysbios_gates_GateMutexPri_Module__root__V
00837230   ti_sysbios_gates_GateSwi_Module__root__V
00837238   ti_sysbios_hal_Hwi_Module__root__V
00837240   ti_sysbios_hal_Timer_Module__root__V
00837248   ti_sysbios_heaps_HeapMem_Module__root__V
00837250   ti_sysbios_knl_Clock_Module__root__V
00837258   ti_sysbios_knl_Clock_Module__state__V
00837284   ti_sysbios_knl_Queue_Module__root__V
0083728c   ti_sysbios_knl_Semaphore_Module__root__V
00837294   ti_sysbios_knl_Swi_Module__root__V
0083729c   ti_sysbios_knl_Swi_Module__state__V
008372b8   ti_sysbios_knl_Task_Module__root__V
008372c0   ti_sysbios_knl_Task_Module__state__V
008372f4   ti_sysbios_syncs_SyncSem_Module__root__V
008372fc   ti_sysbios_timers_timer64_Timer_Module__root__V
00837304   ti_sysbios_timers_timer64_Timer_Module__state__V
00837318   ti_sysbios_xdcruntime_GateThreadSupport_Module__root__V
00837320   xdc_runtime_Error_Module__state__V
00837324   xdc_runtime_GateNull_Module__root__V
0083732c   xdc_runtime_Memory_Module__state__V
00837330   xdc_runtime_Registry_Module__state__V
00837338   xdc_runtime_Startup_Module__state__V
00837340   xdc_runtime_System_Module__state__V
0083734c   xdc_runtime_Text_Module__state__V
00837354   xdc_runtime_knl_GateThread_Module__root__V
0083735c   __xdc__init__addr
00837360   _ftable
00837540   ti_sysbios_timers_timer64_Timer_Module_State_0_device__A
008376c0   ti_sdo_utils_NameServer_Object__table__V
008377d8   _lock
008377dc   _unlock
00837880   ti_sdo_ipc_Ipc_Module_State_0_procEntry__A
00837920   ti_sdo_ipc_SharedRegion_Module_State_0_regions__A
008379b0   ti_sysbios_knl_Task_Object__table__V
008379f4   TSK_idle
00837a38   _ft_end
00837a40   ti_sdo_ipc_GateMP_Module_State_0_remoteSystemGates__A
00837ac0   ti_sysbios_knl_Swi_Module_State_0_readyQ__A
00837b40   ti_sysbios_knl_Task_Module_State_0_readyQ__A
00837bc0   ti_sysbios_timers_timer64_Timer_Module_State_0_gctrl__A
00837c40   ti_sysbios_timers_timer64_Timer_Module_State_0_handles__A
00837cc0   ti_sysbios_timers_timer64_Timer_Module_State_0_intFreqs__A
00837dc0   ti_sysbios_timers_timer64_Timer_Object__table__V
00837e10   ti_sdo_ipc_MessageQ_Module_State_0_transports__A
00837e50   ti_sdo_ipc_family_c647x_Interrupt_Module_State_0_fxnTable__A
00837e90   ti_sysbios_gates_GateMutex_Object__table__V
00837ed0   ti_sysbios_knl_Swi_Object__table__V
00837f00   ti_sdo_ipc_MessageQ_Module_State_0_heaps__A
00837f20   ti_sdo_ipc_Notify_Module_State_0_notifyHandles__A
00837f40   ti_sdo_ipc_transports_TransportShmSetup_Module_State_0_handles__A
00837f60   xdc_runtime_System_Module_State_0_atexitHandlers__A
00837f80   ti_sysbios_family_c64p_Hwi_Object__table__V
00837fa0   ti_sysbios_gates_GateMutexPri_Object__table__V
00837fc0   ti_sysbios_heaps_HeapMem_Object__table__V
00837fd4   _cleanup_ptr
00837fd8   _dtors_ptr
00837fdc   __TI_enable_exit_profile_output
00837fe0   ti_sysbios_gates_GateAll_Object__table__V
00837ff0   ti_sysbios_gates_GateSwi_Object__table__V
00838000   ti_sysbios_hal_Hwi_Object__table__V
00838010   ti_sysbios_hal_Timer_Object__table__V
00838020   ti_sdo_ipc_GateMP_Module_State_0_remoteCustom2Gates__A
00838030   ti_sdo_ipc_Notify_Module_State_0_notifyHandles_0__A
00838040   ti_sdo_ipc_Notify_Module_State_0_notifyHandles_1__A
00838050   ti_sdo_ipc_Notify_Module_State_0_notifyHandles_2__A
00838060   ti_sdo_ipc_Notify_Module_State_0_notifyHandles_3__A
00838070   ti_sdo_ipc_Notify_Module_State_0_notifyHandles_4__A
00838080   ti_sdo_ipc_Notify_Module_State_0_notifyHandles_5__A
00838090   ti_sdo_ipc_Notify_Module_State_0_notifyHandles_6__A
008380a0   ti_sdo_ipc_Notify_Module_State_0_notifyHandles_7__A
008380b0   ti_sysbios_gates_GateHwi_Object__table__V
008380c0   xdc_runtime_GateNull_Object__table__V
008380c8   _stack
008390c8   __CIOBUF_
008390c8   __TI_STACK_END
008391e8   Ipc_sr0MemorySetup
008391ec   __TI_STATIC_BASE
008391ec   nbSemaphoresToClean
008391f0   addMatrices_6__implode_displ__0
008391f4   explode_generateMatrices_arr__9
008391f8   explode_generateMatrices_arr__0
008391fc   explode_generateMatrices_arr__11
00839200   explode_generateMatrices_arr__13
00839204   addMatrices_3__implode_displ__0
00839208   explode_generateMatrices_arr__12
0083920c   generateMatrices__explode_ge__0
00839210   implode_displayMatrices_arra__0
00839214   explode_generateMatrices_arr__14
00839218   addMatrices_4__implode_displ__0
0083921c   generateMatrices__displayMat__0
00839220   addMatrices_0__implode_displ__0
00839224   explode_generateMatrices_arr__15
00839228   generateMatrices__explode_ge__1
0083922c   explode_generateMatrices_arr__3
00839230   explode_generateMatrices_arr__7
00839234   explode_generateMatrices_arr__4
00839238   explode_generateMatrices_arr__5
0083923c   addMatrices_1__implode_displ__0
00839240   explode_generateMatrices_arr__6
00839244   addMatrices_5__implode_displ__0
00839248   explode_generateMatrices_arr__8
0083924c   explode_generateMatrices_arr__2
00839250   addMatrices_2__implode_displ__0
00839254   explode_generateMatrices_arr__1
00839258   addMatrices_7__implode_displ__0
0083925c   explode_generateMatrices_arr__10
00839260   arrayB_58720256__arrayB__0
00839264   startTime__startTime__0
00839268   arrayB__arrayB__0
0083926c   arrayC__arrayC_0__0
00839270   arrayC__arrayC_58720256__0
00839274   arrayC__arrayC__0
00839278   arrayB_50331648__arrayB__0
0083927c   arrayC__arrayC_41943040__0
00839280   arrayC__arrayC_50331648__0
00839284   arrayA_16777216__arrayA__0
00839288   arrayA_50331648__arrayA__0
0083928c   arrayC__arrayC_25165824__0
00839290   arrayA_58720256__arrayA__0
00839294   arrayB_25165824__arrayB__0
00839298   arrayB_0__arrayB__0
0083929c   arrayA_25165824__arrayA__0
008392a0   arrayB_33554432__arrayB__0
008392a4   arrayC__arrayC_16777216__0
008392a8   arrayC__arrayC_8388608__0
008392ac   arrayC__arrayC_33554432__0
008392b0   arrayA_0__arrayA__0
008392b4   arrayB_8388608__arrayB__0
008392b8   arrayB_16777216__arrayB__0
008392bc   arrayB_41943040__arrayB__0
008392c0   arrayA_8388608__arrayA__0
008392c4   arrayA_33554432__arrayA__0
008392c8   arrayA__arrayA__0
008392cc   arrayA_41943040__arrayA__0
00839400   ti_sysbios_family_c64p_Hwi0
00839420   ti_sysbios_family_c64p_Hwi1
00839440   ti_sysbios_family_c64p_Hwi2
00839460   ti_sysbios_family_c64p_Hwi3
00839480   ti_sysbios_family_c64p_Hwi4
008394a0   ti_sysbios_family_c64p_Hwi5
008394c0   ti_sysbios_family_c64p_Hwi6
008394e0   ti_sysbios_family_c64p_Hwi7
00839500   ti_sysbios_family_c64p_Hwi8
00839520   ti_sysbios_family_c64p_Hwi9
00839540   ti_sysbios_family_c64p_Hwi10
00839560   ti_sysbios_family_c64p_Hwi11
00839580   ti_sysbios_family_c64p_Hwi12
008395a0   ti_sysbios_family_c64p_Hwi13
008395c0   ti_sysbios_family_c64p_Hwi14
008395e0   ti_sysbios_family_c64p_Hwi15
00839f54   __TI_Handler_Table_Base
00839f60   __TI_Handler_Table_Limit
0083a020   __TI_CINIT_Base
0083a0e0   __TI_CINIT_Limit
0c0ffffc   barrier
80000000   SharedMem
ffffffff   __TI_pprof_out_hndl
ffffffff   __TI_prof_data_size
ffffffff   __TI_prof_data_start
ffffffff   __binit__
ffffffff   __c_args__
ffffffff   binit

[1369 symbols]
