******************************************************************************
               TMS320C6x Linker PC v7.3.4                      
******************************************************************************
>> Linked Tue Jan 20 19:00:39 2015

OUTPUT FILE NAME:   <crossCoreMultiplicationUsingAdditionMemOpt1.out>
ENTRY POINT SYMBOL: "_c_int00"  address: 00824240


MEMORY CONFIGURATION

         name            origin    length      used     unused   attr    fill
----------------------  --------  ---------  --------  --------  ----  --------
  L2SRAM                00800000   00080000  0003a4de  00045b22  RW X
  MSMCSRAM              0c000000   00200000  000ffffd  00100003  RW X
  DDR3                  80000000   20000000  14000188  0bfffe78  RW X


SEGMENT ALLOCATION MAP

run origin  load origin   length   init length attrs members
----------  ----------- ---------- ----------- ----- -------
00800000    00800000    00029740   00029740    r-x
  00800000    00800000    00029740   00029740    r-x .text
00829740    00829740    00009038   00000000    rw-
  00829740    00829740    00009038   00000000    rw- .far.1
00832780    00832780    000003a8   00000000    rw-
  00832780    00832780    000003a8   00000000    rw- .far.2
00832b30    00832b30    00000020   00000000    rw-
  00832b30    00832b30    00000020   00000000    rw- .far.3
00832b50    00832b50    00004286   00004286    r--
  00832b50    00832b50    00004286   00004286    r-- .const
00836de0    00836de0    00001578   00001578    rw-
  00836de0    00836de0    00001578   00001578    rw- .fardata.1
00838360    00838360    000001d8   000001d8    rw-
  00838360    00838360    000001d8   000001d8    rw- .fardata.2
00838540    00838540    00000018   00000018    rw-
  00838540    00838540    00000018   00000018    rw- .fardata.3
00838560    00838560    00000048   00000048    rw-
  00838560    00838560    00000048   00000048    rw- .fardata.4
008385b0    008385b0    00000008   00000008    rw-
  008385b0    008385b0    00000008   00000008    rw- .fardata.5
008385c0    008385c0    00000004   00000004    rw-
  008385c0    008385c0    00000004   00000004    rw- .fardata.6
008385d0    008385d0    00000004   00000004    rw-
  008385d0    008385d0    00000004   00000004    rw- .fardata.7
008385e0    008385e0    00000004   00000004    rw-
  008385e0    008385e0    00000004   00000004    rw- .fardata.8
008385f0    008385f0    00000004   00000004    rw-
  008385f0    008385f0    00000004   00000004    rw- .fardata.9
00838600    00838600    00000004   00000004    rw-
  00838600    00838600    00000004   00000004    rw- .fardata.10
00838610    00838610    00000004   00000004    rw-
  00838610    00838610    00000004   00000004    rw- .fardata.11
00838620    00838620    00000004   00000004    rw-
  00838620    00838620    00000004   00000004    rw- .fardata.12
00838630    00838630    00000004   00000004    rw-
  00838630    00838630    00000004   00000004    rw- .fardata.13
00838640    00838640    00000004   00000004    rw-
  00838640    00838640    00000004   00000004    rw- .fardata.14
00838650    00838650    00000004   00000004    rw-
  00838650    00838650    00000004   00000004    rw- .fardata.15
00838660    00838660    00000004   00000004    rw-
  00838660    00838660    00000004   00000004    rw- .fardata.16
00838668    00838668    00001120   00000000    rw-
  00838668    00838668    00001000   00000000    rw- .stack
  00839668    00839668    00000120   00000000    rw- .cio
00839788    00839788    00000030   00000030    r--
  00839788    00839788    00000030   00000030    r-- .switch
00839800    00839800    00000200   00000200    r-x
  00839800    00839800    00000200   00000200    r-x .vecs
00839a00    00839a00    00000004   00000000    rw-
  00839a00    00839a00    00000004   00000000    rw- .bss
00839a04    00839a04    00000004   00000004    rw-
  00839a04    00839a04    00000004   00000004    rw- .neardata
00839a08    00839a08    000000f0   000000f0    r--
  00839a08    00839a08    000000f0   000000f0    r-- .rodata
00839af8    00839af8    00000aec   00000aec    r--
  00839af8    00839af8    00000aec   00000aec    r-- .cinit
0c0ffffc    0c0ffffc    00000001   00000001    rw-
  0c0ffffc    0c0ffffc    00000001   00000001    rw- .MSMCSRAM
80000000    80000000    14000188   00000000    rw-
  80000000    80000000    14000188   00000000    rw- .mySharedMem


SECTION ALLOCATION MAP

 output                                  attributes/
section   page    origin      length       input sections
--------  ----  ----------  ----------   ----------------
.init_array 
*          0    00800000    00000000     UNINITIALIZED

xdc.meta   0    00800000    00000148     COPY SECTION
                  00800000    00000148     modelPreesm_pe66.oe66 (xdc.meta)

.text      0    00800000    00029740     
                  00800000    000011c0     ipc.lib : Ipc.obj (.text:ti_sdo_ipc_GateMP_Instance_init__F)
                  008011c0    00000a60             : Ipc.obj (.text:ti_sdo_ipc_heaps_HeapMemMP_alloc__E)
                  00801c20    000009e0             : Ipc.obj (.text:ti_sdo_ipc_heaps_HeapMemMP_free__E)
                  00802600    000009a0             : Ipc.obj (.text:Ipc_attach)
                  00802fa0    000009a0     ti.targets.rts6000.ae66 : System.oe66 (.text:xdc_runtime_System_doPrint__I)
                  00803940    00000920     ipc.lib : Ipc.obj (.text:ti_sdo_ipc_transports_TransportShm_Instance_init__F)
                  00804260    000008a0             : Ipc.obj (.text:ti_sdo_ipc_ListMP_Instance_init__F)
                  00804b00    00000860             : Ipc.obj (.text:ti_sdo_ipc_GateMP_Instance_finalize__F)
                  00805360    00000840             : Ipc.obj (.text:MessageQ_put)
                  00805ba0    00000780             : Ipc.obj (.text:ti_sdo_ipc_heaps_HeapMemMP_Instance_init__F)
                  00806320    00000780     sysbios.lib : BIOS.obj (.text:ti_sysbios_family_c64p_Exception_handler__I)
                  00806aa0    00000700     ipc.lib : Ipc.obj (.text:Notify_registerEvent)
                  008071a0    000006c0             : Ipc.obj (.text:ti_sdo_ipc_nsremote_NameServerRemoteNotify_Instance_init__F)
                  00807860    000006a0             : Ipc.obj (.text:NameServer_add)
                  00807f00    00000660     sysbios.lib : BIOS.obj (.text:ti_sysbios_heaps_HeapMem_free__E)
                  00808560    00000620     ipc.lib : Ipc.obj (.text:Notify_sendEvent)
                  00808b80    00000620     sysbios.lib : BIOS.obj (.text:ti_sysbios_heaps_HeapMem_alloc__E)
                  008091a0    000005e0     ipc.lib : Ipc.obj (.text:Notify_registerEventSingle)
                  00809780    000005c0             : Ipc.obj (.text:ListMP_getHead)
                  00809d40    000005c0             : Ipc.obj (.text:Notify_unregisterEventSingle)
                  0080a300    000005c0     rts6600_elf.lib : divd.obj (.text:__c6xabi_divd)
                  0080a8c0    000005c0                     : _printfi.obj (.text:_getarg_diouxp)
                  0080ae80    000005c0     ipc.lib : Ipc.obj (.text:ti_sdo_ipc_SharedRegion_start__F)
                  0080b440    000005c0     sysbios.lib : BIOS.obj (.text:ti_sysbios_timers_timer64_Timer_Module_startup__F)
                  0080ba00    00000580     ipc.lib : Ipc.obj (.text:ti_sdo_ipc_nsremote_NameServerRemoteNotify_get__F)
                  0080bf80    00000580             : Ipc.obj (.text:ti_sdo_ipc_transports_TransportShm_put__E)
                  0080c500    00000560             : Ipc.obj (.text:NameServer_get)
                  0080ca60    00000540             : Ipc.obj (.text:ti_sdo_ipc_Ipc_procSyncStart__I)
                  0080cfa0    000004e0             : Ipc.obj (.text:ti_sdo_ipc_notifyDrivers_NotifyDriverShm_Instance_init__F)
                  0080d480    000004a0     cache.obj (.text)
                  0080d920    000004a0     semaphore6678.obj (.text)
                  0080ddc0    000004a0     ipc.lib : Ipc.obj (.text:ti_sdo_ipc_gates_GatePeterson_Instance_init__F)
                  0080e260    00000480     rts6600_elf.lib : _printfi.obj (.text:_setfield)
                  0080e6e0    00000460                     : _printfi.obj (.text:_printfi)
                  0080eb40    00000460     ipc.lib : Ipc.obj (.text:ti_sdo_ipc_GateMP_setRegion0Reserved__F)
                  0080efa0    00000460             : Ipc.obj (.text:ti_sdo_ipc_Ipc_procSyncFinish__I)
                  0080f400    00000440             : Ipc.obj (.text:ListMP_putTail)
                  0080f840    00000440             : Ipc.obj (.text:ti_sdo_ipc_heaps_HeapMemMP_getStats__E)
                  0080fc80    00000440             : Ipc.obj (.text:ti_sdo_ipc_heaps_HeapMemMP_postInit__I)
                  008100c0    00000400             : Ipc.obj (.text:ti_sdo_ipc_Notify_Instance_init__F)
                  008104c0    00000400     sysbios.lib : BIOS.obj (.text:ti_sysbios_knl_Semaphore_pend__E)
                  008108c0    000003e0     Core7.obj (.text)
                  00810ca0    000003c0     ipc.lib : Ipc.obj (.text:ti_sdo_ipc_SharedRegion_reserveMemory__F)
                  00811060    000003c0     sysbios.lib : BIOS.obj (.text:ti_sysbios_knl_Task_setPri__E)
                  00811420    00000380     ipc.lib : Ipc.obj (.text:HeapMemMP_sharedMemReq)
                  008117a0    00000380     communication.obj (.text)
                  00811b20    00000340     ipc.lib : Ipc.obj (.text:GateMP_sharedMemReq)
                  00811e60    00000340             : Ipc.obj (.text:ti_sdo_ipc_nsremote_NameServerRemoteNotify_swiFxn__I)
                  008121a0    00000300             : Ipc.obj (.text:GateMP_openByAddr)
                  008124a0    00000300     rts6600_elf.lib : fputs.obj (.text:fputs)
                  008127a0    00000300     ipc.lib : Ipc.obj (.text:ti_sdo_ipc_transports_TransportShm_openByAddr__F)
                  00812aa0    00000300     sysbios.lib : BIOS.obj (.text:ti_sysbios_family_c64p_Hwi_dispatchC__I)
                  00812da0    000002e0     ipc.lib : Ipc.obj (.text:SharedRegion_getEntry)
                  00813080    000002e0             : Ipc.obj (.text:SharedRegion_getPtr)
                  00813360    000002e0     rts6600_elf.lib : _printfi.obj (.text:_pproc_fwp)
                  00813640    000002e0     sysbios.lib : BIOS.obj (.text:ti_sysbios_gates_GateMutexPri_enter__E)
                  00813920    000002e0                 : BIOS.obj (.text:ti_sysbios_knl_Task_Module_startup__F)
                  00813c00    000002c0     rts6600_elf.lib : _printfi.obj (.text:_pproc_fge)
                  00813ec0    000002c0     ipc.lib : Ipc.obj (.text:ti_sdo_ipc_notifyDrivers_NotifyDriverShm_isr__I)
                  00814180    000002a0             : Ipc.obj (.text:Ipc_start)
                  00814420    000002a0             : Ipc.obj (.text:NameServer_getLocal)
                  008146c0    000002a0     rts6600_elf.lib : _printfi.obj (.text:fcvt)
                  00814960    000002a0     sysbios.lib : BIOS.obj (.text:ti_sysbios_knl_Clock_workFunc__E)
                  00814c00    000002a0                 : BIOS.obj (.text:ti_sysbios_knl_Task_sleep__E)
                  00814ea0    00000280     ipc.lib : Ipc.obj (.text:SharedRegion_getSRPtr)
                  00815120    00000280     sysbios.lib : BIOS.obj (.text:deviceConfig$44)
                  008153a0    00000280     rts6600_elf.lib : _printfi.obj (.text:ecvt)
                  00815620    00000280     ipc.lib : Ipc.obj (.text:ti_sdo_ipc_notifyDrivers_NotifyDriverShm_sharedMemReq__F)
                  008158a0    00000280     sysbios.lib : BIOS.obj (.text:ti_sysbios_knl_Clock_Instance_init__F)
                  00815b20    00000280                 : BIOS.obj (.text:ti_sysbios_knl_Task_exit__E)
                  00815da0    00000280     ti.targets.rts6000.ae66 : Core-mem.oe66 (.text:xdc_runtime_Core_createObject__I)
                  00816020    00000280                             : Error.oe66 (.text:xdc_runtime_Error_raiseX__F)
                  008162a0    00000260     Core0.obj (.text)
                  00816500    00000260     ipc.lib : Ipc.obj (.text:ListMP_sharedMemReq)
                  00816760    00000260             : Ipc.obj (.text:ti_sdo_ipc_ListMP_Instance_finalize__F)
                  008169c0    00000260             : Ipc.obj (.text:ti_sdo_ipc_heaps_HeapMemMP_Instance_finalize__F)
                  00816c20    00000260             : Ipc.obj (.text:ti_sdo_ipc_notifyDrivers_NotifyDriverShm_disableEvent__E)
                  00816e80    00000260     ti.targets.rts6000.ae66 : Startup.oe66 (.text:xdc_runtime_Startup_startMods__I)
                  008170e0    00000260     modelPreesm_pe66.oe66 (.text:xdc_runtime_System_printfExtend__I)
                  00817340    00000240     rts6600_elf.lib : imath64.obj (.text:__c6xabi_divull)
                  00817580    00000240                     : _printfi.obj (.text:_pconv_e)
                  008177c0    00000240                     : _printfi.obj (.text:_pproc_diouxp)
                  00817a00    00000240     sysbios.lib : BIOS.obj (.text:ti_sysbios_family_c64p_Exception_internalHandler__I)
                  00817c40    00000240                 : BIOS.obj (.text:ti_sysbios_knl_Semaphore_post__E)
                  00817e80    00000220     rts6600_elf.lib : _printfi.obj (.text:_pproc_str)
                  008180a0    00000220     sysbios.lib : BIOS.obj (.text:ti_sysbios_family_c64p_Hwi_reconfig__E)
                  008182c0    00000220                 : BIOS.obj (.text:ti_sysbios_knl_Swi_run__I)
                  008184e0    00000220                 : BIOS.obj (.text:ti_sysbios_knl_Task_schedule__I)
                  00818700    00000220                 : BIOS.obj (.text:ti_sysbios_knl_Task_startup__E)
                  00818920    00000200     ipc.lib : Ipc.obj (.text:GateMP_enter)
                  00818b20    00000200             : Ipc.obj (.text:GateMP_leave)
                  00818d20    00000200             : Ipc.obj (.text:ListMP_openByAddr)
                  00818f20    00000200     rts6600_elf.lib : _printfi.obj (.text:_pconv_g)
                  00819120    00000200     sysbios.lib : c64p_Hwi_disp_always.obj (.text:_ti_sysbios_family_c64p_Hwi_dispatchAlways)
                  00819320    00000200                 : BIOS.obj (.text:block$56)
                  00819520    00000200     ipc.lib : Ipc.obj (.text:ti_sdo_ipc_family_c647x_MultiProcSetup_init__I)
                  00819720    00000200             : Ipc.obj (.text:ti_sdo_ipc_notifyDrivers_NotifyDriverShm_sendEvent__E)
                  00819920    00000200             : Ipc.obj (.text:ti_sdo_ipc_transports_TransportShm_Instance_finalize__F)
                  00819b20    000001e0             : Ipc.obj (.text:GateMP_open)
                  00819d00    000001e0             : Ipc.obj (.text:ti_sdo_ipc_GateMP_attach__F)
                  00819ee0    000001e0             : Ipc.obj (.text:ti_sdo_ipc_GateMP_getFreeResource__I)
                  0081a0c0    000001e0     sysbios.lib : BIOS.obj (.text:ti_sysbios_knl_Task_postInit__I)
                  0081a2a0    000001e0                 : BIOS.obj (.text:ti_sysbios_timers_timer64_Timer_getFreq__E)
                  0081a480    000001c0     ipc.lib : Ipc.obj (.text:HeapMemMP_openByAddr)
                  0081a640    000001c0     rts6600_elf.lib : _printfi.obj (.text:_mcpy)
                  0081a800    000001c0     ipc.lib : Ipc.obj (.text:ti_sdo_ipc_notifyDrivers_NotifyDriverShm_registerEvent__E)
                  0081a9c0    000001c0     sysbios.lib : BIOS.obj (.text:ti_sysbios_knl_Swi_Instance_init__F)
                  0081ab80    000001c0                 : BIOS.obj (.text:ti_sysbios_knl_Task_checkStacks__E)
                  0081ad40    000001c0                 : BIOS.obj (.text:ti_sysbios_timers_timer64_Timer_setPeriodMicroSecs__E)
                  0081af00    000001a0     rts6600_elf.lib : trgdrv.obj (.text:HOSTrename)
                  0081b0a0    000001a0     ipc.lib : Ipc.obj (.text:SharedRegion_getCacheLineSize)
                  0081b240    000001a0             : Ipc.obj (.text:SharedRegion_getHeap)
                  0081b3e0    000001a0             : Ipc.obj (.text:SharedRegion_isCacheEnabled)
                  0081b580    000001a0     rts6600_elf.lib : imath40.obj (.text:__c6xabi_divul)
                  0081b720    000001a0     ipc.lib : Ipc.obj (.text:ti_sdo_ipc_GateMP_openRegion0Reserved__F)
                  0081b8c0    000001a0             : Ipc.obj (.text:ti_sdo_ipc_notifyDrivers_NotifyDriverShm_enableEvent__E)
                  0081ba60    000001a0             : Ipc.obj (.text:ti_sdo_ipc_notifyDrivers_NotifyDriverShm_unregisterEvent__E)
                  0081bc00    000001a0             : Ipc.obj (.text:ti_sdo_ipc_nsremote_NameServerRemoteNotify_attach__E)
                  0081bda0    000001a0     sysbios.lib : BIOS.obj (.text:ti_sysbios_gates_GateMutex_enter__E)
                  0081bf40    000001a0                 : BIOS.obj (.text:ti_sysbios_timers_timer64_Timer_start__E)
                  0081c0e0    00000180     ipc.lib : Ipc.obj (.text:MultiProc_setLocalId)
                  0081c260    00000180             : Ipc.obj (.text:NameServer_getHandle)
                  0081c3e0    00000180             : Ipc.obj (.text:Notify_intLineRegistered)
                  0081c560    00000180     rts6600_elf.lib : copy_decompress_rle.obj (.text:__TI_decompress_rle_core)
                  0081c6e0    00000180     multiplyMatrices.obj (.text)
                  0081c860    00000180     rts6600_elf.lib : setvbuf.obj (.text:setvbuf)
                  0081c9e0    00000180     sysbios.lib : c64p_Exception_asm.obj (.text)
                  0081cb60    00000180     ipc.lib : Ipc.obj (.text:ti_sdo_ipc_MessageQ_registerTransport__F)
                  0081cce0    00000180             : Ipc.obj (.text:ti_sdo_ipc_Notify_Module_startup__F)
                  0081ce60    00000180             : Ipc.obj (.text:ti_sdo_ipc_gates_GatePeterson_enter__E)
                  0081cfe0    00000180             : Ipc.obj (.text:ti_sdo_utils_NameServer_Module_startup__F)
                  0081d160    00000180     sysbios.lib : BIOS.obj (.text:ti_sysbios_heaps_HeapMem_Instance_init__F)
                  0081d2e0    00000180                 : BIOS.obj (.text:ti_sysbios_knl_Swi_schedule__I)
                  0081d460    00000180                 : BIOS.obj (.text:ti_sysbios_knl_Task_unblockI__E)
                  0081d5e0    00000180     ti.targets.rts6000.ae66 : Text.oe66 (.text:xdc_runtime_Text_putSite__F)
                  0081d760    00000160     generateMatrices.obj (.text)
                  0081d8c0    00000160     ipc.lib : Ipc.obj (.text:ti_sdo_ipc_GateMP_createLocal__F)
                  0081da20    00000160             : Ipc.obj (.text:ti_sdo_ipc_MessageQ_unregisterTransport__F)
                  0081db80    00000160             : Ipc.obj (.text:ti_sdo_ipc_gates_GateHWSem_Instance_init__F)
                  0081dce0    00000160             : Ipc.obj (.text:ti_sdo_ipc_transports_TransportShm_sharedMemReq__F)
                  0081de40    00000160             : Ipc.obj (.text:ti_sdo_utils_NameServer_isRegistered__E)
                  0081dfa0    00000160             : Ipc.obj (.text:ti_sdo_utils_NameServer_registerRemoteDriver__E)
                  0081e100    00000160             : Ipc.obj (.text:ti_sdo_utils_NameServer_unregisterRemoteDriver__E)
                  0081e260    00000140             : Ipc.obj (.text:GateMP_close)
                  0081e3a0    00000140             : Ipc.obj (.text:Notify_attach)
                  0081e4e0    00000140     boot.ae66 : autoinit.oe66 (.text:_auto_init_elf)
                  0081e620    00000140     rts6600_elf.lib : _printfi.obj (.text:_pproc_fflags)
                  0081e760    00000140                     : fputc.obj (.text:fputc)
                  0081e8a0    00000140                     : lowlev.obj (.text:getdevice)
                  0081e9e0    00000140     sumResults.obj (.text)
                  0081eb20    00000140     ipc.lib : Ipc.obj (.text:ti_sdo_ipc_Notify_exec__F)
                  0081ec60    00000140     sysbios.lib : BIOS.obj (.text:ti_sysbios_family_c64p_Hwi_Module_startup__F)
                  0081eda0    00000140                 : BIOS.obj (.text:ti_sysbios_family_c66_Cache_Module_startup__F)
                  0081eee0    00000140                 : BIOS.obj (.text:ti_sysbios_gates_GateSwi_enter__E)
                  0081f020    00000140                 : BIOS.obj (.text:ti_sysbios_knl_Clock_Instance_finalize__F)
                  0081f160    00000140                 : BIOS.obj (.text:ti_sysbios_knl_Semaphore_Instance_init__F)
                  0081f2a0    00000140                 : BIOS.obj (.text:ti_sysbios_knl_Swi_post__E)
                  0081f3e0    00000140                 : BIOS.obj (.text:ti_sysbios_knl_Task_blockI__E)
                  0081f520    00000140                 : BIOS.obj (.text:ti_sysbios_knl_Task_yield__E)
                  0081f660    00000120     rts6600_elf.lib : _printfi.obj (.text:_ltostr)
                  0081f780    00000120                     : _io_perm.obj (.text:_wrt_ok)
                  0081f8a0    00000120                     : fclose.obj (.text:fclose)
                  0081f9c0    00000120     sysbios.lib : BIOS.obj (.text:rtsUnlock$0)
                  0081fae0    00000120     ipc.lib : Ipc.obj (.text:ti_sdo_ipc_MessageQ_Module_startup__F)
                  0081fc00    00000120             : Ipc.obj (.text:ti_sdo_ipc_family_c647x_Interrupt_intRegister__E)
                  0081fd20    00000120             : Ipc.obj (.text:ti_sdo_ipc_nsremote_NameServerRemoteNotify_Instance_finalize__F)
                  0081fe40    00000100     rts6600_elf.lib : trgdrv.obj (.text:HOSTlseek)
                  0081ff40    00000100                     : fflush.obj (.text:fflush)
                  00820040    00000100     sysbios.lib : BIOS.obj (.text:initDevice$44)
                  00820140    00000100     main.obj (.text)
                  00820240    00000100     ipc.lib : Ipc.obj (.text:ti_sdo_ipc_GateMP_start__F)
                  00820340    00000100             : Ipc.obj (.text:ti_sdo_ipc_Notify_Instance_finalize__F)
                  00820440    00000100     modelPreesm_pe66.oe66 (.text:ti_sdo_ipc_Notify_Object__create__S)
                  00820540    00000100     ipc.lib : Ipc.obj (.text:ti_sdo_ipc_SharedRegion_attach__F)
                  00820640    00000100             : Ipc.obj (.text:ti_sdo_ipc_SharedRegion_clearReservedMemory__F)
                  00820740    00000100             : Ipc.obj (.text:ti_sdo_ipc_family_c647x_Interrupt_Module_startup__F)
                  00820840    00000100             : Ipc.obj (.text:ti_sdo_ipc_gates_GateHWSem_Module_startup__F)
                  00820940    00000100             : Ipc.obj (.text:ti_sdo_ipc_gates_GateMPSupportNull_enter__E)
                  00820a40    00000100             : Ipc.obj (.text:ti_sdo_ipc_gates_GateMPSupportNull_leave__E)
                  00820b40    00000100     modelPreesm_pe66.oe66 (.text:ti_sdo_ipc_gates_GatePeterson_Object__create__S)
                  00820c40    00000100     modelPreesm_pe66.oe66 (.text:ti_sdo_ipc_nsremote_NameServerRemoteNotify_Object__create__S)
                  00820d40    00000100     ipc.lib : Ipc.obj (.text:ti_sdo_ipc_transports_TransportShmSetup_attach__E)
                  00820e40    00000100     modelPreesm_pe66.oe66 (.text:ti_sdo_ipc_transports_TransportShm_Object__create__S)
                  00820f40    00000100     modelPreesm_pe66.oe66 (.text:ti_sysbios_family_c64p_Hwi_Object__create__S)
                  00821040    00000100     sysbios.lib : BIOS.obj (.text:ti_sysbios_gates_GateMutexPri_leave__E)
                  00821140    00000100                 : BIOS.obj (.text:ti_sysbios_knl_Clock_startI__E)
                  00821240    00000100     modelPreesm_pe66.oe66 (.text:ti_sysbios_knl_Swi_Object__create__S)
                  00821340    00000100     sysbios.lib : BIOS.obj (.text:ti_sysbios_knl_Swi_restoreHwi__E)
                  00821440    00000100     ti.targets.rts6000.ae66 : Core-mem.oe66 (.text:xdc_runtime_Core_deleteObject__I)
                  00821540    00000100                             : Startup.oe66 (.text:xdc_runtime_Startup_exec__F)
                  00821640    00000100                             : Text.oe66 (.text:xdc_runtime_Text_putMod__F)
                  00821740    00000100                             : Text.oe66 (.text:xdc_runtime_Text_visitRope2__I)
                  00821840    000000e0     rts6600_elf.lib : trgdrv.obj (.text:HOSTopen)
                  00821920    000000e0                     : _printfi.obj (.text:_div)
                  00821a00    000000e0                     : atoi.obj (.text:atoi)
                  00821ae0    000000e0                     : lowlev.obj (.text:close)
                  00821bc0    000000e0                     : copy_zero_init.obj (.text:decompress:ZI:__TI_zero_init)
                  00821ca0    000000e0                     : exit.obj (.text:exit)
                  00821d80    000000e0                     : ltoa.obj (.text:ltoa)
                  00821e60    000000e0                     : memset.obj (.text:memset)
                  00821f40    000000e0     modelPreesm_pe66.oe66 (.text:ti_sdo_ipc_GateMP_Object__create__S)
                  00822020    000000e0     modelPreesm_pe66.oe66 (.text:ti_sdo_ipc_ListMP_Object__create__S)
                  00822100    000000e0     ipc.lib : Ipc.obj (.text:ti_sdo_ipc_family_c647x_NotifySetup_attach__E)
                  008221e0    000000e0             : Ipc.obj (.text:ti_sdo_ipc_gates_GateHWSem_enter__E)
                  008222c0    000000e0     modelPreesm_pe66.oe66 (.text:ti_sdo_ipc_heaps_HeapMemMP_Object__create__S)
                  008223a0    000000e0     modelPreesm_pe66.oe66 (.text:ti_sdo_ipc_notifyDrivers_NotifyDriverShm_Object__create__S)
                  00822480    000000e0     sysbios.lib : BIOS.obj (.text:ti_sysbios_family_c64p_Hwi_Instance_finalize__F)
                  00822560    000000e0                 : BIOS.obj (.text:ti_sysbios_family_c64p_Hwi_Instance_init__F)
                  00822640    000000e0                 : BIOS.obj (.text:ti_sysbios_knl_Clock_start__E)
                  00822720    000000e0                 : BIOS.obj (.text:ti_sysbios_timers_timer64_Timer_startup__E)
                  00822800    000000e0     ti.targets.rts6000.ae66 : Error.oe66 (.text:xdc_runtime_Error_print__F)
                  008228e0    000000e0                             : Memory.oe66 (.text:xdc_runtime_Memory_alloc__F)
                  008229c0    000000e0     modelPreesm_pe66.oe66 (.text:xdc_runtime_knl_GateThread_Object__create__S)
                  00822aa0    000000c0     Core1.obj (.text)
                  00822b60    000000c0     Core2.obj (.text)
                  00822c20    000000c0     Core3.obj (.text)
                  00822ce0    000000c0     Core4.obj (.text)
                  00822da0    000000c0     Core5.obj (.text)
                  00822e60    000000c0     Core6.obj (.text)
                  00822f20    000000c0     rts6600_elf.lib : trgdrv.obj (.text:HOSTread)
                  00822fe0    000000c0                     : trgdrv.obj (.text:HOSTunlink)
                  008230a0    000000c0                     : trgdrv.obj (.text:HOSTwrite)
                  00823160    000000c0     ipc.lib : Ipc.obj (.text:HeapMemMP_create)
                  00823220    000000c0             : Ipc.obj (.text:ListMP_create)
                  008232e0    000000c0     rts6600_elf.lib : dtor_list.obj (.text:__cxa_finalize)
                  008233a0    000000c0                     : divu.obj (.text:__divu)
                  00823460    000000c0                     : fopen.obj (.text:_cleanup)
                  00823520    000000c0                     : fflush.obj (.text:_doflush)
                  008235e0    000000c0     displayMatrix.obj (.text)
                  008236a0    000000c0     rts6600_elf.lib : fseek.obj (.text:fseek)
                  00823760    000000c0                     : lowlev.obj (.text:lseek)
                  00823820    000000c0     ipc.lib : Ipc.obj (.text:ti_sdo_ipc_GateMP_getRegion0ReservedSize__F)
                  008238e0    000000c0             : Ipc.obj (.text:ti_sdo_ipc_Notify_execMany__I)
                  008239a0    000000c0             : Ipc.obj (.text:ti_sdo_ipc_family_c647x_Interrupt_intShmStub__I)
                  00823a60    000000c0     sysbios.lib : BIOS.obj (.text:ti_sysbios_BIOS_errorRaiseHook__I)
                  00823b20    000000c0                 : BIOS.obj (.text:ti_sysbios_gates_GateAll_leave__E)
                  00823be0    000000c0                 : BIOS.obj (.text:ti_sysbios_heaps_HeapMem_getStats__E)
                  00823ca0    000000c0                 : BIOS.obj (.text:ti_sysbios_knl_Clock_logTick__E)
                  00823d60    000000c0                 : BIOS.obj (.text:ti_sysbios_knl_Swi_Instance_finalize__F)
                  00823e20    000000c0                 : BIOS.obj (.text:ti_sysbios_timers_timer64_Timer_stop__E)
                  00823ee0    000000c0     rts6600_elf.lib : lowlev.obj (.text:write)
                  00823fa0    000000c0     ti.targets.rts6000.ae66 : System.oe66 (.text:xdc_runtime_System_formatNum__I)
                  00824060    000000a0     rts6600_elf.lib : trgdrv.obj (.text:HOSTclose)
                  00824100    000000a0                     : fltulld.obj (.text:__c6xabi_fltulld)
                  008241a0    000000a0                     : remu.obj (.text:__remu)
                  00824240    000000a0     boot.ae66 : boot.oe66 (.text:_c_int00)
                  008242e0    000000a0     rts6600_elf.lib : _printfi.obj (.text:_ecpy)
                  00824380    000000a0                     : _printfi.obj (.text:_fcpy)
                  00824420    000000a0                     : _printfi.obj (.text:_pconv_f)
                  008244c0    000000a0     sysbios.lib : c64p_Hwi_asm.obj (.text:_ti_sysbios_family_c64p_Hwi_plug__E)
                  00824560    000000a0     rts6600_elf.lib : lowlev.obj (.text:finddevice)
                  00824600    000000a0                     : memcpy64.obj (.text:memcpy)
                  008246a0    000000a0     ipc.lib : Ipc.obj (.text:ti_sdo_ipc_family_c647x_Interrupt_intUnregister__E)
                  00824740    000000a0             : Ipc.obj (.text:ti_sdo_ipc_gates_GatePeterson_leave__E)
                  008247e0    000000a0             : Ipc.obj (.text:ti_sdo_ipc_notifyDrivers_NotifyDriverShm_Instance_finalize__F)
                  00824880    000000a0     sysbios.lib : BIOS.obj (.text:ti_sysbios_heaps_HeapMem_init__I)
                  00824920    000000a0     modelPreesm_pe66.oe66 (.text:ti_sysbios_knl_Clock_Object__create__S)
                  008249c0    000000a0     transposeMatrix.obj (.text)
                  00824a60    000000a0     ti.targets.rts6000.ae66 : Assert.oe66 (.text:xdc_runtime_Assert_raise__I)
                  00824b00    00000080     ipc.lib : Ipc.obj (.text:GateMP_create)
                  00824b80    00000080     rts6600_elf.lib : dtor_list.obj (.text:_Z11__TI_atexitPFYvPvES_S_)
                  00824c00    00000080                     : fixdu.obj (.text:__c6xabi_fixdu)
                  00824c80    00000080                     : llshift.obj (.text:__c6xabi_llshl)
                  00824d00    00000080     sysbios.lib : c62_TaskSupport_asm.obj (.text:_ti_sysbios_family_c62_TaskSupport_swap__E)
                  00824d80    00000080     modelPreesm_pe66.oe66 (.text:malloc)
                  00824e00    00000080     rts6600_elf.lib : printf.obj (.text:printf)
                  00824e80    00000080                     : trgmsg.obj (.text:readmsg)
                  00824f00    00000080     modelPreesm_pe66.oe66 (.text:ti_sdo_ipc_gates_GateHWSem_Object__create__S)
                  00824f80    00000080     modelPreesm_pe66.oe66 (.text:ti_sdo_ipc_gates_GateMPSupportNull_Object__create__S)
                  00825000    00000080     ipc.lib : Ipc.obj (.text:ti_sdo_ipc_nsremote_NameServerRemoteNotify_detach__E)
                  00825080    00000080             : Ipc.obj (.text:ti_sdo_ipc_transports_TransportShm_swiFxn__I)
                  00825100    00000080     modelPreesm_pe66.oe66 (.text:ti_sdo_utils_List_Object__create__S)
                  00825180    00000080     modelPreesm_pe66.oe66 (.text:ti_sysbios_BIOS_exitFunc__I)
                  00825200    00000080     sysbios.lib : BIOS.obj (.text:ti_sysbios_BIOS_exit__E)
                  00825280    00000080                 : BIOS.obj (.text:ti_sysbios_family_c62_TaskSupport_start__E)
                  00825300    00000080                 : BIOS.obj (.text:ti_sysbios_family_c64p_Exception_Module_startup__F)
                  00825380    00000080                 : BIOS.obj (.text:ti_sysbios_family_c64p_Hwi_eventMap__E)
                  00825400    00000080                 : BIOS.obj (.text:ti_sysbios_family_c66_Cache_invL1pAll__E)
                  00825480    00000080     modelPreesm_pe66.oe66 (.text:ti_sysbios_gates_GateAll_Object__create__S)
                  00825500    00000080     modelPreesm_pe66.oe66 (.text:ti_sysbios_gates_GateHwi_Object__create__S)
                  00825580    00000080     modelPreesm_pe66.oe66 (.text:ti_sysbios_gates_GateMutexPri_Object__create__S)
                  00825600    00000080     modelPreesm_pe66.oe66 (.text:ti_sysbios_gates_GateMutex_Object__create__S)
                  00825680    00000080     modelPreesm_pe66.oe66 (.text:ti_sysbios_gates_GateSwi_Object__create__S)
                  00825700    00000080     sysbios.lib : BIOS.obj (.text:ti_sysbios_gates_GateSwi_leave__E)
                  00825780    00000080                 : BIOS.obj (.text:ti_sysbios_hal_Hwi_checkStack:ti_sysbios_hal_Hwi_checkStack)
                  00825800    00000080     modelPreesm_pe66.oe66 (.text:ti_sysbios_heaps_HeapMem_Object__create__S)
                  00825880    00000080     sysbios.lib : BIOS.obj (.text:ti_sysbios_knl_Clock_Module_startup__F)
                  00825900    00000080     modelPreesm_pe66.oe66 (.text:ti_sysbios_knl_Clock_doTick__I)
                  00825980    00000080     sysbios.lib : BIOS.obj (.text:ti_sysbios_knl_Clock_getTicks__E)
                  00825a00    00000080                 : BIOS.obj (.text:ti_sysbios_knl_Idle_loop__E)
                  00825a80    00000080     modelPreesm_pe66.oe66 (.text:ti_sysbios_knl_Queue_Object__create__S)
                  00825b00    00000080     modelPreesm_pe66.oe66 (.text:ti_sysbios_knl_Semaphore_Object__create__S)
                  00825b80    00000080     sysbios.lib : BIOS.obj (.text:ti_sysbios_knl_Semaphore_pendTimeout__I)
                  00825c00    00000080                 : BIOS.obj (.text:ti_sysbios_knl_Swi_startup__E)
                  00825c80    00000080                 : BIOS.obj (.text:ti_sysbios_knl_Task_restore__E)
                  00825d00    00000080                 : BIOS.obj (.text:ti_sysbios_timers_timer64_Timer_getCount__E)
                  00825d80    00000080                 : BIOS.obj (.text:ti_sysbios_timers_timer64_Timer_getPeriod__E)
                  00825e00    00000080     modelPreesm_pe66.oe66 (.text:ti_sysbios_xdcruntime_GateThreadSupport_Object__create__S)
                  00825e80    00000080     rts6600_elf.lib : lowlev.obj (.text:unlink)
                  00825f00    00000080     ti.targets.rts6000.ae66 : Core-label.oe66 (.text:xdc_runtime_Core_assignLabel__I)
                  00825f80    00000080                             : Core-params.oe66 (.text:xdc_runtime_Core_assignParams__I)
                  00826000    00000080                             : System.oe66 (.text:xdc_runtime_System_atexit__F)
                  00826080    00000080                             : System.oe66 (.text:xdc_runtime_System_rtsExit__I)
                  00826100    00000080                             : Text.oe66 (.text:xdc_runtime_Text_printVisFxn__I)
                  00826180    00000080                             : Text.oe66 (.text:xdc_runtime_Text_xprintf__I)
                  00826200    00000060     ipc.lib : Ipc.obj (.text:GateMP_Params_init)
                  00826260    00000060             : Ipc.obj (.text:HeapMemMP_Params_init)
                  008262c0    00000060     rts6600_elf.lib : frcmpyd_div.obj (.text:__c6xabi_frcmpyd_div)
                  00826320    00000060                     : llshift.obj (.text:__c6xabi_llshru)
                  00826380    00000060                     : imath64.obj (.text:_subcull)
                  008263e0    00000060                     : memccpy.obj (.text:memccpy)
                  00826440    00000060     modelPreesm_pe66.oe66 (.text:ti_sdo_ipc_GateMP_Object__delete__S)
                  008264a0    00000060     modelPreesm_pe66.oe66 (.text:ti_sdo_ipc_ListMP_Object__delete__S)
                  00826500    00000060     ipc.lib : Ipc.obj (.text:ti_sdo_ipc_family_c647x_NotifySetup_sharedMemReq__E)
                  00826560    00000060     modelPreesm_pe66.oe66 (.text:ti_sdo_ipc_gates_GateHWSem_Object__delete__S)
                  008265c0    00000060     ipc.lib : Ipc.obj (.text:ti_sdo_ipc_gates_GateHWSem_leave__E)
                  00826620    00000060     modelPreesm_pe66.oe66 (.text:ti_sdo_ipc_gates_GateMPSupportNull_Object__delete__S)
                  00826680    00000060     ipc.lib : Ipc.obj (.text:ti_sdo_ipc_gates_GatePeterson_Instance_finalize__F)
                  008266e0    00000060     modelPreesm_pe66.oe66 (.text:ti_sdo_ipc_gates_GatePeterson_Object__delete__S)
                  00826740    00000060     ipc.lib : Ipc.obj (.text:ti_sdo_ipc_gates_GatePeterson_sharedMemReq__E)
                  008267a0    00000060     modelPreesm_pe66.oe66 (.text:ti_sdo_ipc_heaps_HeapMemMP_Object__delete__S)
                  00826800    00000060     modelPreesm_pe66.oe66 (.text:ti_sdo_ipc_notifyDrivers_NotifyDriverShm_Object__delete__S)
                  00826860    00000060     ipc.lib : Ipc.obj (.text:ti_sdo_ipc_notifyDrivers_NotifyDriverShm_setNotifyHandle__E)
                  008268c0    00000060     modelPreesm_pe66.oe66 (.text:ti_sdo_ipc_nsremote_NameServerRemoteNotify_Object__delete__S)
                  00826920    00000060     ipc.lib : Ipc.obj (.text:ti_sdo_ipc_transports_TransportShmSetup_sharedMemReq__E)
                  00826980    00000060     modelPreesm_pe66.oe66 (.text:ti_sdo_ipc_transports_TransportShm_Object__delete__S)
                  008269e0    00000060     sysbios.lib : BIOS.obj (.text:ti_sysbios_BIOS_registerRTSLock__I)
                  00826a40    00000060     modelPreesm_pe66.oe66 (.text:ti_sysbios_family_c64p_Hwi_Object__delete__S)
                  00826aa0    00000060     modelPreesm_pe66.oe66 (.text:ti_sysbios_gates_GateAll_Object__delete__S)
                  00826b00    00000060     sysbios.lib : BIOS.obj (.text:ti_sysbios_gates_GateAll_enter__E)
                  00826b60    00000060     modelPreesm_pe66.oe66 (.text:ti_sysbios_gates_GateHwi_Object__delete__S)
                  00826bc0    00000060     modelPreesm_pe66.oe66 (.text:ti_sysbios_gates_GateMutexPri_Object__delete__S)
                  00826c20    00000060     sysbios.lib : BIOS.obj (.text:ti_sysbios_gates_GateMutex_Instance_init__F)
                  00826c80    00000060     modelPreesm_pe66.oe66 (.text:ti_sysbios_gates_GateMutex_Object__delete__S)
                  00826ce0    00000060     modelPreesm_pe66.oe66 (.text:ti_sysbios_gates_GateSwi_Object__delete__S)
                  00826d40    00000060     sysbios.lib : BIOS.obj (.text:ti_sysbios_hal_Hwi_initStack:ti_sysbios_hal_Hwi_initStack)
                  00826da0    00000060     modelPreesm_pe66.oe66 (.text:ti_sysbios_heaps_HeapMem_Object__delete__S)
                  00826e00    00000060     sysbios.lib : BIOS.obj (.text:ti_sysbios_knl_Swi_Module_startup__F)
                  00826e60    00000060                 : BIOS.obj (.text:ti_sysbios_knl_Task_allBlockedFunction__I)
                  00826ec0    00000060                 : BIOS.obj (.text:ti_sysbios_knl_Task_enter__I)
                  00826f20    00000060     modelPreesm_pe66.oe66 (.text:ti_sysbios_xdcruntime_GateThreadSupport_Object__delete__S)
                  00826f80    00000060     rts6600_elf.lib : trgmsg.obj (.text:writemsg)
                  00826fe0    00000060     modelPreesm_pe66.oe66 (.text:xdc_runtime_GateNull_Object__create__S)
                  00827040    00000060     modelPreesm_pe66.oe66 (.text:xdc_runtime_GateNull_Object__delete__S)
                  008270a0    00000060     ti.targets.rts6000.ae66 : Memory.oe66 (.text:xdc_runtime_Memory_calloc__F)
                  00827100    00000060                             : Memory.oe66 (.text:xdc_runtime_Memory_valloc__F)
                  00827160    00000060                             : SysStd.oe66 (.text:xdc_runtime_SysStd_abort__F)
                  008271c0    00000060                             : System.oe66 (.text:xdc_runtime_System_avprintf__F)
                  00827220    00000060                             : System.oe66 (.text:xdc_runtime_System_vprintf__F)
                  00827280    00000060                             : Text.oe66 (.text:xdc_runtime_Text_cordText__F)
                  008272e0    00000060     modelPreesm_pe66.oe66 (.text:xdc_runtime_knl_GateThread_Object__delete__S)
                  00827340    00000040     rts6600_elf.lib : isinf.obj (.text:__c6xabi_isinf)
                  00827380    00000040                     : _printfi.obj (.text:__c6xabi_isnan)
                  008273c0    00000040                     : strasg.obj (.text:__strasgi_64plus)
                  00827400    00000040                     : args_main.obj (.text:_args_main)
                  00827440    00000040     sysbios.lib : c62_TaskSupport_asm.obj (.text:_ti_sysbios_family_c62_TaskSupport_buildTaskStack)
                  00827480    00000040                 : c64p_Hwi_asm_switch.obj (.text:_ti_sysbios_family_xxx_Hwi_switchToIsrStack)
                  008274c0    00000040     modelPreesm_pe66.oe66 (.text:free)
                  00827500    00000040     sysbios.lib : BIOS.obj (.text:rtsLock$0)
                  00827540    00000040     ipc.lib : Ipc.obj (.text:ti_sdo_ipc_family_c647x_Interrupt_intClear__E)
                  00827580    00000040             : Ipc.obj (.text:ti_sdo_ipc_family_c647x_Interrupt_intSend__E)
                  008275c0    00000040     modelPreesm_pe66.oe66 (.text:ti_sdo_ipc_gates_GateHWSem_Handle__label__S)
                  00827600    00000040     modelPreesm_pe66.oe66 (.text:ti_sdo_ipc_gates_GateMPSupportNull_Handle__label__S)
                  00827640    00000040     modelPreesm_pe66.oe66 (.text:ti_sdo_ipc_gates_GatePeterson_Handle__label__S)
                  00827680    00000040     modelPreesm_pe66.oe66 (.text:ti_sdo_ipc_heaps_HeapMemMP_Handle__label__S)
                  008276c0    00000040     modelPreesm_pe66.oe66 (.text:ti_sdo_ipc_notifyDrivers_NotifyDriverShm_Handle__label__S)
                  00827700    00000040     ipc.lib : Ipc.obj (.text:ti_sdo_ipc_notifyDrivers_NotifyDriverShm_disable__E)
                  00827740    00000040             : Ipc.obj (.text:ti_sdo_ipc_notifyDrivers_NotifyDriverShm_enable__E)
                  00827780    00000040     modelPreesm_pe66.oe66 (.text:ti_sdo_ipc_nsremote_NameServerRemoteNotify_Handle__label__S)
                  008277c0    00000040     ipc.lib : Ipc.obj (.text:ti_sdo_ipc_nsremote_NameServerRemoteNotify_sharedMemReq__E)
                  00827800    00000040     modelPreesm_pe66.oe66 (.text:ti_sdo_ipc_transports_TransportShm_Handle__label__S)
                  00827840    00000040     modelPreesm_pe66.oe66 (.text:ti_sdo_utils_NameServer_Module__startupDone__F)
                  00827880    00000040     modelPreesm_pe66.oe66 (.text:ti_sdo_utils_NameServer_Object__get__S)
                  008278c0    00000040     modelPreesm_pe66.oe66 (.text:ti_sysbios_BIOS_startFunc__I)
                  00827900    00000040     sysbios.lib : BIOS.obj (.text:ti_sysbios_BIOS_start__E)
                  00827940    00000040     modelPreesm_pe66.oe66 (.text:ti_sysbios_family_c64p_Hwi_Module__startupDone__F)
                  00827980    00000040     sysbios.lib : BIOS.obj (.text:ti_sysbios_family_c64p_Hwi_disableInterrupt__E)
                  008279c0    00000040                 : BIOS.obj (.text:ti_sysbios_family_c64p_Hwi_enableInterrupt__E)
                  00827a00    00000040     modelPreesm_pe66.oe66 (.text:ti_sysbios_gates_GateAll_Handle__label__S)
                  00827a40    00000040     modelPreesm_pe66.oe66 (.text:ti_sysbios_gates_GateHwi_Handle__label__S)
                  00827a80    00000040     modelPreesm_pe66.oe66 (.text:ti_sysbios_gates_GateMutexPri_Handle__label__S)
                  00827ac0    00000040     sysbios.lib : BIOS.obj (.text:ti_sysbios_gates_GateMutexPri_Instance_finalize__F)
                  00827b00    00000040                 : BIOS.obj (.text:ti_sysbios_gates_GateMutexPri_Instance_init__F)
                  00827b40    00000040     modelPreesm_pe66.oe66 (.text:ti_sysbios_gates_GateMutexPri_Object__destruct__S)
                  00827b80    00000040     modelPreesm_pe66.oe66 (.text:ti_sysbios_gates_GateMutex_Handle__label__S)
                  00827bc0    00000040     sysbios.lib : BIOS.obj (.text:ti_sysbios_gates_GateMutex_Instance_finalize__F)
                  00827c00    00000040                 : BIOS.obj (.text:ti_sysbios_gates_GateMutex_leave__E)
                  00827c40    00000040     modelPreesm_pe66.oe66 (.text:ti_sysbios_gates_GateSwi_Handle__label__S)
                  00827c80    00000040     modelPreesm_pe66.oe66 (.text:ti_sysbios_hal_Timer_Module__startupDone__F)
                  00827cc0    00000040     modelPreesm_pe66.oe66 (.text:ti_sysbios_heaps_HeapMem_Handle__label__S)
                  00827d00    00000040     modelPreesm_pe66.oe66 (.text:ti_sysbios_heaps_HeapMem_Object__get__S)
                  00827d40    00000040     modelPreesm_pe66.oe66 (.text:ti_sysbios_knl_Clock_Object__destruct__S)
                  00827d80    00000040     sysbios.lib : BIOS.obj (.text:ti_sysbios_knl_Semaphore_Instance_finalize__F)
                  00827dc0    00000040     modelPreesm_pe66.oe66 (.text:ti_sysbios_knl_Semaphore_Object__destruct__S)
                  00827e00    00000040     modelPreesm_pe66.oe66 (.text:ti_sysbios_knl_Swi_Object__destruct__S)
                  00827e40    00000040     modelPreesm_pe66.oe66 (.text:ti_sysbios_knl_Swi_Object__get__S)
                  00827e80    00000040     modelPreesm_pe66.oe66 (.text:ti_sysbios_knl_Task_Object__get__S)
                  00827ec0    00000040     sysbios.lib : BIOS.obj (.text:ti_sysbios_knl_Task_sleepTimeout__I)
                  00827f00    00000040     modelPreesm_pe66.oe66 (.text:ti_sysbios_timers_timer64_Timer_Module__startupDone__F)
                  00827f40    00000040     sysbios.lib : BIOS.obj (.text:ti_sysbios_xdcruntime_GateThreadSupport_Instance_finalize__F)
                  00827f80    00000040                 : BIOS.obj (.text:ti_sysbios_xdcruntime_GateThreadSupport_Instance_init__F)
                  00827fc0    00000040                 : BIOS.obj (.text:ti_sysbios_xdcruntime_GateThreadSupport_enter__F)
                  00828000    00000040                 : BIOS.obj (.text:ti_sysbios_xdcruntime_GateThreadSupport_leave__F)
                  00828040    00000040     ti.targets.rts6000.ae66 : Error.oe66 (.text:xdc_runtime_Error_check__F)
                  00828080    00000040                             : Error.oe66 (.text:xdc_runtime_Error_init__F)
                  008280c0    00000040     modelPreesm_pe66.oe66 (.text:xdc_runtime_GateNull_Handle__label__S)
                  00828100    00000040     ti.targets.rts6000.ae66 : Gate.oe66 (.text:xdc_runtime_Gate_leaveSystem__F)
                  00828140    00000040                             : Memory.oe66 (.text:xdc_runtime_Memory_free__F)
                  00828180    00000040                             : Registry.oe66 (.text:xdc_runtime_Registry_findById__F)
                  008281c0    00000040                             : System.oe66 (.text:xdc_runtime_System_abort__F)
                  00828200    00000040     modelPreesm_pe66.oe66 (.text:xdc_runtime_System_aprintf__E)
                  00828240    00000040     modelPreesm_pe66.oe66 (.text:xdc_runtime_System_printf__E)
                  00828280    00000040     ti.targets.rts6000.ae66 : Text.oe66 (.text:xdc_runtime_Text_ropeText__F)
                  008282c0    00000040     modelPreesm_pe66.oe66 (.text:xdc_runtime_knl_GateThread_Handle__label__S)
                  00828300    00000040     ti.targets.rts6000.ae66 : GateThread.oe66 (.text:xdc_runtime_knl_GateThread_Instance_finalize__F)
                  00828340    00000040                             : GateThread.oe66 (.text:xdc_runtime_knl_GateThread_Instance_init__F)
                  00828380    00000020     ipc.lib : Ipc.obj (.text:GateMP_delete)
                  008283a0    00000020             : Ipc.obj (.text:MultiProc_self)
                  008283c0    00000020     rts6600_elf.lib : negll.obj (.text:__c6xabi_negll)
                  008283e0    00000020                     : dtor_list.obj (.text:__cxa_atexit)
                  00828400    00000020                     : dtor_list.obj (.text:__cxa_ia64_exit)
                  00828420    00000020     ti.targets.rts6000.ae66 : xdc_noinit.oe66 (.text:__xdc__init)
                  00828440    00000020     rts6600_elf.lib : _lock.obj (.text:_nop)
                  00828460    00000020                     : printf.obj (.text:_outc)
                  00828480    00000020                     : printf.obj (.text:_outs)
                  008284a0    00000020                     : _lock.obj (.text:_register_lock)
                  008284c0    00000020                     : _lock.obj (.text:_register_unlock)
                  008284e0    00000020     sysbios.lib : c62_TaskSupport_asm.obj (.text:_ti_sysbios_family_c62_TaskSupport_glue)
                  00828500    00000020                 : c64p_Hwi_asm_switch.obj (.text:_ti_sysbios_family_xxx_Hwi_switchToTaskStack)
                  00828520    00000020     rts6600_elf.lib : exit.obj (.text:abort)
                  00828540    00000020                     : dtor_list.obj (.text:atexit)
                  00828560    00000020                     : copy_decompress_none.obj (.text:decompress:none:__TI_decompress_none)
                  00828580    00000020                     : copy_decompress_rle.obj (.text:decompress:rle24:__TI_decompress_rle24)
                  008285a0    00000020     sysbios.lib : BIOS.obj (.text:nullFunc$0)
                  008285c0    00000020     rts6600_elf.lib : fputc.obj (.text:putc)
                  008285e0    00000020                     : fputc.obj (.text:putchar)
                  00828600    00000020     modelPreesm_pe66.oe66 (.text:ti_sdo_ipc_GateMP_Params__init__S)
                  00828620    00000020     modelPreesm_pe66.oe66 (.text:ti_sdo_ipc_GateMP_RemoteCustom1Proxy_Object__create__S)
                  00828640    00000020     modelPreesm_pe66.oe66 (.text:ti_sdo_ipc_GateMP_RemoteCustom1Proxy_Object__delete__S)
                  00828660    00000020     modelPreesm_pe66.oe66 (.text:ti_sdo_ipc_GateMP_RemoteCustom1Proxy_Params__init__S)
                  00828680    00000020     modelPreesm_pe66.oe66 (.text:ti_sdo_ipc_GateMP_RemoteCustom1Proxy_Proxy__abstract__S)
                  008286a0    00000020     modelPreesm_pe66.oe66 (.text:ti_sdo_ipc_GateMP_RemoteCustom1Proxy_Proxy__delegate__S)
                  008286c0    00000020     modelPreesm_pe66.oe66 (.text:ti_sdo_ipc_GateMP_RemoteCustom2Proxy_Object__create__S)
                  008286e0    00000020     modelPreesm_pe66.oe66 (.text:ti_sdo_ipc_GateMP_RemoteCustom2Proxy_Object__delete__S)
                  00828700    00000020     modelPreesm_pe66.oe66 (.text:ti_sdo_ipc_GateMP_RemoteCustom2Proxy_Params__init__S)
                  00828720    00000020     modelPreesm_pe66.oe66 (.text:ti_sdo_ipc_GateMP_RemoteCustom2Proxy_Proxy__abstract__S)
                  00828740    00000020     modelPreesm_pe66.oe66 (.text:ti_sdo_ipc_GateMP_RemoteCustom2Proxy_Proxy__delegate__S)
                  00828760    00000020     modelPreesm_pe66.oe66 (.text:ti_sdo_ipc_GateMP_RemoteSystemProxy_Object__create__S)
                  00828780    00000020     modelPreesm_pe66.oe66 (.text:ti_sdo_ipc_GateMP_RemoteSystemProxy_Object__delete__S)
                  008287a0    00000020     modelPreesm_pe66.oe66 (.text:ti_sdo_ipc_GateMP_RemoteSystemProxy_Params__init__S)
                  008287c0    00000020     modelPreesm_pe66.oe66 (.text:ti_sdo_ipc_GateMP_RemoteSystemProxy_Proxy__abstract__S)
                  008287e0    00000020     modelPreesm_pe66.oe66 (.text:ti_sdo_ipc_GateMP_RemoteSystemProxy_Proxy__delegate__S)
                  00828800    00000020     ipc.lib : Ipc.obj (.text:ti_sdo_ipc_GateMP_getSharedAddr__F)
                  00828820    00000020     modelPreesm_pe66.oe66 (.text:ti_sdo_ipc_ListMP_Params__init__S)
                  00828840    00000020     modelPreesm_pe66.oe66 (.text:ti_sdo_ipc_MessageQ_Object__get__S)
                  00828860    00000020     modelPreesm_pe66.oe66 (.text:ti_sdo_ipc_Notify_Module_GateProxy_enter__E)
                  00828880    00000020     modelPreesm_pe66.oe66 (.text:ti_sdo_ipc_Notify_Module_GateProxy_leave__E)
                  008288a0    00000020     ipc.lib : Ipc.obj (.text:ti_sdo_ipc_family_c647x_Interrupt_intDisable__E)
                  008288c0    00000020             : Ipc.obj (.text:ti_sdo_ipc_family_c647x_Interrupt_intEnable__E)
                  008288e0    00000020             : Ipc.obj (.text:ti_sdo_ipc_family_c647x_NotifySetup_numIntLines__E)
                  00828900    00000020     modelPreesm_pe66.oe66 (.text:ti_sdo_ipc_gates_GateHWSem_Params__init__S)
                  00828920    00000020     ipc.lib : Ipc.obj (.text:ti_sdo_ipc_gates_GateHWSem_getReservedMask__E)
                  00828940    00000020             : Ipc.obj (.text:ti_sdo_ipc_gates_GateHWSem_query__F)
                  00828960    00000020             : Ipc.obj (.text:ti_sdo_ipc_gates_GateHWSem_sharedMemReq__E)
                  00828980    00000020             : Ipc.obj (.text:ti_sdo_ipc_gates_GateMPSupportNull_Instance_init__F)
                  008289a0    00000020     modelPreesm_pe66.oe66 (.text:ti_sdo_ipc_gates_GateMPSupportNull_Params__init__S)
                  008289c0    00000020     ipc.lib : Ipc.obj (.text:ti_sdo_ipc_gates_GateMPSupportNull_getReservedMask__E)
                  008289e0    00000020             : Ipc.obj (.text:ti_sdo_ipc_gates_GateMPSupportNull_query__F)
                  00828a00    00000020             : Ipc.obj (.text:ti_sdo_ipc_gates_GateMPSupportNull_sharedMemReq__E)
                  00828a20    00000020     modelPreesm_pe66.oe66 (.text:ti_sdo_ipc_gates_GatePeterson_Params__init__S)
                  00828a40    00000020     ipc.lib : Ipc.obj (.text:ti_sdo_ipc_gates_GatePeterson_getReservedMask__E)
                  00828a60    00000020             : Ipc.obj (.text:ti_sdo_ipc_gates_GatePeterson_query__F)
                  00828a80    00000020     modelPreesm_pe66.oe66 (.text:ti_sdo_ipc_heaps_HeapMemMP_Params__init__S)
                  00828aa0    00000020     ipc.lib : Ipc.obj (.text:ti_sdo_ipc_heaps_HeapMemMP_isBlocking__F)
                  00828ac0    00000020     modelPreesm_pe66.oe66 (.text:ti_sdo_ipc_notifyDrivers_NotifyDriverShm_Params__init__S)
                  00828ae0    00000020     modelPreesm_pe66.oe66 (.text:ti_sdo_ipc_nsremote_NameServerRemoteNotify_Object__first__S)
                  00828b00    00000020     modelPreesm_pe66.oe66 (.text:ti_sdo_ipc_nsremote_NameServerRemoteNotify_Object__next__S)
                  00828b20    00000020     modelPreesm_pe66.oe66 (.text:ti_sdo_ipc_nsremote_NameServerRemoteNotify_Params__init__S)
                  00828b40    00000020     ipc.lib : Ipc.obj (.text:ti_sdo_ipc_nsremote_NameServerRemoteNotify_cbFxn__I)
                  00828b60    00000020             : Ipc.obj (.text:ti_sdo_ipc_transports_TransportShmSetup_isRegistered__E)
                  00828b80    00000020     modelPreesm_pe66.oe66 (.text:ti_sdo_ipc_transports_TransportShm_Params__init__S)
                  00828ba0    00000020     ipc.lib : Ipc.obj (.text:ti_sdo_ipc_transports_TransportShm_control__E)
                  00828bc0    00000020             : Ipc.obj (.text:ti_sdo_ipc_transports_TransportShm_getStatus__E)
                  00828be0    00000020             : Ipc.obj (.text:ti_sdo_ipc_transports_TransportShm_notifyFxn__I)
                  00828c00    00000020             : Ipc.obj (.text:ti_sdo_ipc_transports_TransportShm_setErrFxn__F)
                  00828c20    00000020             : Ipc.obj (.text:ti_sdo_utils_List_Instance_init__F)
                  00828c40    00000020     modelPreesm_pe66.oe66 (.text:ti_sdo_utils_List_Object__destruct__S)
                  00828c60    00000020     modelPreesm_pe66.oe66 (.text:ti_sdo_utils_List_Object__get__S)
                  00828c80    00000020     ipc.lib : Ipc.obj (.text:ti_sdo_utils_MultiProc_getClusterId__F)
                  00828ca0    00000020     modelPreesm_pe66.oe66 (.text:ti_sdo_utils_NameServer_Object__first__S)
                  00828cc0    00000020     modelPreesm_pe66.oe66 (.text:ti_sdo_utils_NameServer_Object__next__S)
                  00828ce0    00000020     modelPreesm_pe66.oe66 (.text:ti_sysbios_BIOS_RtsGateProxy_enter__E)
                  00828d00    00000020     modelPreesm_pe66.oe66 (.text:ti_sysbios_BIOS_RtsGateProxy_leave__E)
                  00828d20    00000020     sysbios.lib : BIOS.obj (.text:ti_sysbios_BIOS_getCpuFreq__E)
                  00828d40    00000020                 : BIOS.obj (.text:ti_sysbios_BIOS_getThreadType__E)
                  00828d60    00000020                 : BIOS.obj (.text:ti_sysbios_BIOS_setThreadType__E)
                  00828d80    00000020     modelPreesm_pe66.oe66 (.text:ti_sysbios_family_c62_TaskSupport_Module__startupDone__S)
                  00828da0    00000020     sysbios.lib : BIOS.obj (.text:ti_sysbios_family_c62_TaskSupport_checkStack__E)
                  00828dc0    00000020     modelPreesm_pe66.oe66 (.text:ti_sysbios_family_c64p_Hwi_Params__init__S)
                  00828de0    00000020     sysbios.lib : BIOS.obj (.text:ti_sysbios_family_c64p_Hwi_clearInterrupt__E)
                  00828e00    00000020                 : BIOS.obj (.text:ti_sysbios_family_c64p_Hwi_getHandle__E)
                  00828e20    00000020                 : BIOS.obj (.text:ti_sysbios_family_c64p_Hwi_startup__E)
                  00828e40    00000020                 : BIOS.obj (.text:ti_sysbios_family_c64p_Hwi_switchFromBootStack__E)
                  00828e60    00000020                 : BIOS.obj (.text:ti_sysbios_family_c64p_Hwi_unPluggedInterrupt__I)
                  00828e80    00000020                 : BIOS.obj (.text:ti_sysbios_family_c64p_TimestampProvider_Module_startup__F)
                  00828ea0    00000020                 : BIOS.obj (.text:ti_sysbios_family_c64p_TimestampProvider_get64__E)
                  00828ec0    00000020                 : BIOS.obj (.text:ti_sysbios_family_c64p_tci6488_TimerSupport_enable__E)
                  00828ee0    00000020                 : BIOS.obj (.text:ti_sysbios_family_c66_Cache_inv__E)
                  00828f00    00000020                 : BIOS.obj (.text:ti_sysbios_family_c66_Cache_wbInv__E)
                  00828f20    00000020                 : BIOS.obj (.text:ti_sysbios_gates_GateAll_Instance_init__F)
                  00828f40    00000020                 : BIOS.obj (.text:ti_sysbios_gates_GateAll_query__F)
                  00828f60    00000020                 : BIOS.obj (.text:ti_sysbios_gates_GateHwi_Instance_init__F)
                  00828f80    00000020                 : BIOS.obj (.text:ti_sysbios_gates_GateHwi_enter__E)
                  00828fa0    00000020                 : BIOS.obj (.text:ti_sysbios_gates_GateHwi_leave__E)
                  00828fc0    00000020                 : BIOS.obj (.text:ti_sysbios_gates_GateHwi_query__F)
                  00828fe0    00000020                 : BIOS.obj (.text:ti_sysbios_gates_GateMutexPri_query__F)
                  00829000    00000020                 : BIOS.obj (.text:ti_sysbios_gates_GateMutex_query__F)
                  00829020    00000020                 : BIOS.obj (.text:ti_sysbios_gates_GateSwi_Instance_init__F)
                  00829040    00000020                 : BIOS.obj (.text:ti_sysbios_gates_GateSwi_query__F)
                  00829060    00000020     modelPreesm_pe66.oe66 (.text:ti_sysbios_hal_Hwi_HwiProxy_Module__startupDone__S)
                  00829080    00000020     sysbios.lib : BIOS.obj (.text:ti_sysbios_hal_Hwi_Module_startup__F)
                  008290a0    00000020                 : BIOS.obj (.text:ti_sysbios_hal_Timer_Module_startup__F)
                  008290c0    00000020     modelPreesm_pe66.oe66 (.text:ti_sysbios_hal_Timer_TimerProxy_Module__startupDone__S)
                  008290e0    00000020     modelPreesm_pe66.oe66 (.text:ti_sysbios_hal_Timer_TimerProxy_getExpiredCounts__E)
                  00829100    00000020     modelPreesm_pe66.oe66 (.text:ti_sysbios_hal_Timer_TimerProxy_getPeriod__E)
                  00829120    00000020     modelPreesm_pe66.oe66 (.text:ti_sysbios_hal_Timer_TimerProxy_setNextTick__E)
                  00829140    00000020     modelPreesm_pe66.oe66 (.text:ti_sysbios_heaps_HeapMem_Module_GateProxy_enter__E)
                  00829160    00000020     modelPreesm_pe66.oe66 (.text:ti_sysbios_heaps_HeapMem_Module_GateProxy_leave__E)
                  00829180    00000020     sysbios.lib : BIOS.obj (.text:ti_sysbios_heaps_HeapMem_isBlocking__E)
                  008291a0    00000020     modelPreesm_pe66.oe66 (.text:ti_sysbios_knl_Clock_Params__init__S)
                  008291c0    00000020     sysbios.lib : BIOS.obj (.text:ti_sysbios_knl_Queue_Instance_init__F)
                  008291e0    00000020     modelPreesm_pe66.oe66 (.text:ti_sysbios_knl_Queue_Object__destruct__S)
                  00829200    00000020     modelPreesm_pe66.oe66 (.text:ti_sysbios_knl_Queue_Object__get__S)
                  00829220    00000020     sysbios.lib : BIOS.obj (.text:ti_sysbios_knl_Queue_empty__E)
                  00829240    00000020     modelPreesm_pe66.oe66 (.text:ti_sysbios_knl_Semaphore_Params__init__S)
                  00829260    00000020     modelPreesm_pe66.oe66 (.text:ti_sysbios_knl_Swi_Params__init__S)
                  00829280    00000020     sysbios.lib : BIOS.obj (.text:ti_sysbios_knl_Swi_disable__E)
                  008292a0    00000020     modelPreesm_pe66.oe66 (.text:ti_sysbios_knl_Task_Object__first__S)
                  008292c0    00000020     modelPreesm_pe66.oe66 (.text:ti_sysbios_knl_Task_Object__next__S)
                  008292e0    00000020     modelPreesm_pe66.oe66 (.text:ti_sysbios_knl_Task_SupportProxy_Module__startupDone__S)
                  00829300    00000020     sysbios.lib : BIOS.obj (.text:ti_sysbios_knl_Task_disable__E)
                  00829320    00000020                 : BIOS.obj (.text:ti_sysbios_knl_Task_getPri__E)
                  00829340    00000020                 : BIOS.obj (.text:ti_sysbios_knl_Task_self__E)
                  00829360    00000020                 : BIOS.obj (.text:ti_sysbios_timers_timer64_Timer_setNextTick__E)
                  00829380    00000020     ti.targets.rts6000.ae66 : GateNull.oe66 (.text:xdc_runtime_GateNull_enter__F)
                  008293a0    00000020                             : GateNull.oe66 (.text:xdc_runtime_GateNull_leave__F)
                  008293c0    00000020                             : GateNull.oe66 (.text:xdc_runtime_GateNull_query__F)
                  008293e0    00000020                             : Gate.oe66 (.text:xdc_runtime_Gate_enterSystem__F)
                  00829400    00000020     modelPreesm_pe66.oe66 (.text:xdc_runtime_IHeap_alloc)
                  00829420    00000020     modelPreesm_pe66.oe66 (.text:xdc_runtime_IHeap_free)
                  00829440    00000020     modelPreesm_pe66.oe66 (.text:xdc_runtime_Memory_HeapProxy_alloc__E)
                  00829460    00000020     modelPreesm_pe66.oe66 (.text:xdc_runtime_Memory_HeapProxy_free__E)
                  00829480    00000020     ti.targets.rts6000.ae66 : Memory.oe66 (.text:xdc_runtime_Memory_getMaxDefaultTypeAlign__F)
                  008294a0    00000020     modelPreesm_pe66.oe66 (.text:xdc_runtime_Startup_Module__startupDone__S)
                  008294c0    00000020     modelPreesm_pe66.oe66 (.text:xdc_runtime_Startup_exec__I)
                  008294e0    00000020     modelPreesm_pe66.oe66 (.text:xdc_runtime_Startup_reset__I)
                  00829500    00000020     ti.targets.rts6000.ae66 : Startup.oe66 (.text:xdc_runtime_Startup_rtsDone__F)
                  00829520    00000020                             : SysStd.oe66 (.text:xdc_runtime_SysStd_exit__F)
                  00829540    00000020                             : SysStd.oe66 (.text:xdc_runtime_SysStd_putch__F)
                  00829560    00000020                             : SysStd.oe66 (.text:xdc_runtime_SysStd_ready__F)
                  00829580    00000020     modelPreesm_pe66.oe66 (.text:xdc_runtime_System_Module_GateProxy_enter__E)
                  008295a0    00000020     modelPreesm_pe66.oe66 (.text:xdc_runtime_System_Module_GateProxy_leave__E)
                  008295c0    00000020     ti.targets.rts6000.ae66 : System.oe66 (.text:xdc_runtime_System_Module_startup__F)
                  008295e0    00000020                             : System.oe66 (.text:xdc_runtime_System_exit__F)
                  00829600    00000020                             : System.oe66 (.text:xdc_runtime_System_lastFxn__I)
                  00829620    00000020                             : System.oe66 (.text:xdc_runtime_System_vsprintf__F)
                  00829640    00000020     modelPreesm_pe66.oe66 (.text:xdc_runtime_Text_visitRope__I)
                  00829660    00000020     modelPreesm_pe66.oe66 (.text:xdc_runtime_knl_GateThread_Module__startupDone__S)
                  00829680    00000020     modelPreesm_pe66.oe66 (.text:xdc_runtime_knl_GateThread_Proxy_Object__create__S)
                  008296a0    00000020     modelPreesm_pe66.oe66 (.text:xdc_runtime_knl_GateThread_Proxy_Object__delete__S)
                  008296c0    00000020     modelPreesm_pe66.oe66 (.text:xdc_runtime_knl_GateThread_Proxy_enter__E)
                  008296e0    00000020     modelPreesm_pe66.oe66 (.text:xdc_runtime_knl_GateThread_Proxy_leave__E)
                  00829700    00000020     ti.targets.rts6000.ae66 : GateThread.oe66 (.text:xdc_runtime_knl_GateThread_enter__F)
                  00829720    00000020                             : GateThread.oe66 (.text:xdc_runtime_knl_GateThread_leave__F)

.far.1     0    00829740    00009038     UNINITIALIZED
                  00829740    00008034     modelPreesm_pe66.oe66 (.far)
                  00831774    00000004     --HOLE--
                  00831778    00001000     modelPreesm_pe66.oe66 (.far:taskStackSection)

.far.2     0    00832780    000003a8     UNINITIALIZED
                  00832780    00000190     semaphore6678.obj (.far)
                  00832910    00000140     rts6600_elf.lib : defs.obj (.far)
                  00832a50    000000d8                     : trgdrv.obj (.far)

.far.3     0    00832b30    00000020     UNINITIALIZED
                  00832b30    00000020     communication.obj (.far)

.const     0    00832b50    00004286     
                  00832b50    000025b8     modelPreesm_pe66.oe66 (.const:xdc_runtime_Text_charTab__A)
                  00835108    0000042c     sysbios.lib : BIOS.obj (.const:.string)
                  00835534    0000000c     modelPreesm_pe66.oe66 (.const:ti_sysbios_family_c66_Cache_initSize__C)
                  00835540    00000400     modelPreesm_pe66.oe66 (.const:ti_sysbios_family_c66_Cache_marvalues__C)
                  00835940    00000174     modelPreesm_pe66.oe66 (.const:xdc_runtime_Text_nodeTab__A)
                  00835ab4    00000008     ti.targets.rts6000.ae66 : System.oe66 (.const:.string)
                  00835abc    00000004                             : Assert.oe66 (.const:.string)
                  00835ac0    00000101     rts6600_elf.lib : ctype.obj (.const:_ctypes_)
                  00835bc1    00000003     --HOLE-- [fill = 0]
                  00835bc4    000000d7     modelPreesm_pe66.oe66 (.const:.string)
                  00835c9b    00000001     --HOLE-- [fill = 0]
                  00835c9c    00000058     ti.targets.rts6000.ae66 : Error.oe66 (.const:.string)
                  00835cf4    00000048     communication.obj (.const:.string)
                  00835d3c    00000048     displayMatrix.obj (.const:.string)
                  00835d84    00000040     generateMatrices.obj (.const:.string)
                  00835dc4    00000040     ti.targets.rts6000.ae66 : Text.oe66 (.const:.string)
                  00835e04    00000008     modelPreesm_pe66.oe66 (.const:ti_sysbios_knl_Idle_funcList__C)
                  00835e0c    00000004     modelPreesm_pe66.oe66 (.const:ti_sdo_ipc_GateMP_A_invalidClose__C)
                  00835e10    00000040     modelPreesm_pe66.oe66 (.const:xdc_runtime_Startup_sfxnTab__A)
                  00835e50    00000038     modelPreesm_pe66.oe66 (.const:ti_sdo_ipc_notifyDrivers_NotifyDriverShm_Module__FXNS__C)
                  00835e88    00000034     semaphore6678.obj (.const:.string)
                  00835ebc    00000034     modelPreesm_pe66.oe66 (.const:ti_sdo_ipc_GateMP_Object__PARAMS__C)
                  00835ef0    00000034     modelPreesm_pe66.oe66 (.const:ti_sdo_ipc_notifyDrivers_NotifyDriverShm_Object__PARAMS__C)
                  00835f24    00000030     modelPreesm_pe66.oe66 (.const:ti_sdo_ipc_heaps_HeapMemMP_Object__PARAMS__C)
                  00835f54    00000030     modelPreesm_pe66.oe66 (.const:ti_sysbios_family_c64p_Hwi_Object__PARAMS__C)
                  00835f84    0000002c     ti.targets.rts6000.ae66 : Startup.oe66 (.const:.string)
                  00835fb0    0000002c     modelPreesm_pe66.oe66 (.const:ti_sdo_ipc_ListMP_Object__PARAMS__C)
                  00835fdc    0000002c     modelPreesm_pe66.oe66 (.const:ti_sdo_ipc_gates_GateHWSem_Module__FXNS__C)
                  00836008    0000002c     modelPreesm_pe66.oe66 (.const:ti_sdo_ipc_gates_GateMPSupportNull_Module__FXNS__C)
                  00836034    0000002c     modelPreesm_pe66.oe66 (.const:ti_sdo_ipc_gates_GatePeterson_Module__FXNS__C)
                  00836060    00000028     modelPreesm_pe66.oe66 (.const:ti_sdo_ipc_heaps_HeapMemMP_Module__FXNS__C)
                  00836088    00000028     modelPreesm_pe66.oe66 (.const:ti_sdo_ipc_nsremote_NameServerRemoteNotify_Module__FXNS__C)
                  008360b0    00000028     modelPreesm_pe66.oe66 (.const:ti_sdo_ipc_transports_TransportShm_Module__FXNS__C)
                  008360d8    00000028     modelPreesm_pe66.oe66 (.const:ti_sdo_ipc_transports_TransportShm_Object__PARAMS__C)
                  00836100    00000028     modelPreesm_pe66.oe66 (.const:ti_sysbios_heaps_HeapMem_Module__FXNS__C)
                  00836128    00000028     modelPreesm_pe66.oe66 (.const:ti_sysbios_knl_Swi_Object__PARAMS__C)
                  00836150    00000024     modelPreesm_pe66.oe66 (.const:ti_sdo_ipc_gates_GateHWSem_Object__PARAMS__C)
                  00836174    00000024     modelPreesm_pe66.oe66 (.const:ti_sdo_ipc_gates_GateMPSupportNull_Object__PARAMS__C)
                  00836198    00000024     modelPreesm_pe66.oe66 (.const:ti_sdo_ipc_gates_GatePeterson_Object__PARAMS__C)
                  008361bc    00000024     modelPreesm_pe66.oe66 (.const:ti_sysbios_gates_GateAll_Module__FXNS__C)
                  008361e0    00000024     modelPreesm_pe66.oe66 (.const:ti_sysbios_gates_GateHwi_Module__FXNS__C)
                  00836204    00000024     modelPreesm_pe66.oe66 (.const:ti_sysbios_gates_GateMutexPri_Module__FXNS__C)
                  00836228    00000024     modelPreesm_pe66.oe66 (.const:ti_sysbios_gates_GateMutex_Module__FXNS__C)
                  0083624c    00000024     modelPreesm_pe66.oe66 (.const:ti_sysbios_gates_GateSwi_Module__FXNS__C)
                  00836270    00000024     modelPreesm_pe66.oe66 (.const:ti_sysbios_knl_Clock_Object__PARAMS__C)
                  00836294    00000024     modelPreesm_pe66.oe66 (.const:ti_sysbios_knl_Semaphore_Object__PARAMS__C)
                  008362b8    00000024     modelPreesm_pe66.oe66 (.const:xdc_runtime_GateNull_Module__FXNS__C)
                  008362dc    00000024     modelPreesm_pe66.oe66 (.const:xdc_runtime_knl_GateThread_Module__FXNS__C)
                  00836300    00000023     rts6600_elf.lib : _printfi.obj (.const:.string)
                  00836323    00000001     --HOLE-- [fill = 0]
                  00836324    00000020     ti.targets.rts6000.ae66 : Core-mem.oe66 (.const:.string)
                  00836344    00000020     modelPreesm_pe66.oe66 (.const:ti_sdo_ipc_GateMP_Object__DESC__C)
                  00836364    00000020     modelPreesm_pe66.oe66 (.const:ti_sdo_ipc_ListMP_Object__DESC__C)
                  00836384    00000020     modelPreesm_pe66.oe66 (.const:ti_sdo_ipc_Notify_Object__DESC__C)
                  008363a4    00000020     modelPreesm_pe66.oe66 (.const:ti_sdo_ipc_gates_GateHWSem_Object__DESC__C)
                  008363c4    00000020     modelPreesm_pe66.oe66 (.const:ti_sdo_ipc_gates_GateMPSupportNull_Object__DESC__C)
                  008363e4    00000020     modelPreesm_pe66.oe66 (.const:ti_sdo_ipc_gates_GatePeterson_Object__DESC__C)
                  00836404    00000020     modelPreesm_pe66.oe66 (.const:ti_sdo_ipc_heaps_HeapMemMP_Object__DESC__C)
                  00836424    00000020     modelPreesm_pe66.oe66 (.const:ti_sdo_ipc_notifyDrivers_NotifyDriverShm_Object__DESC__C)
                  00836444    00000020     modelPreesm_pe66.oe66 (.const:ti_sdo_ipc_nsremote_NameServerRemoteNotify_Object__DESC__C)
                  00836464    00000020     modelPreesm_pe66.oe66 (.const:ti_sdo_ipc_nsremote_NameServerRemoteNotify_Object__PARAMS__C)
                  00836484    00000020     modelPreesm_pe66.oe66 (.const:ti_sdo_ipc_transports_TransportShm_Object__DESC__C)
                  008364a4    00000020     modelPreesm_pe66.oe66 (.const:ti_sdo_utils_List_Object__DESC__C)
                  008364c4    00000020     modelPreesm_pe66.oe66 (.const:ti_sysbios_family_c64p_Hwi_Object__DESC__C)
                  008364e4    00000020     modelPreesm_pe66.oe66 (.const:ti_sysbios_gates_GateAll_Object__DESC__C)
                  00836504    00000020     modelPreesm_pe66.oe66 (.const:ti_sysbios_gates_GateHwi_Object__DESC__C)
                  00836524    00000020     modelPreesm_pe66.oe66 (.const:ti_sysbios_gates_GateMutexPri_Object__DESC__C)
                  00836544    00000020     modelPreesm_pe66.oe66 (.const:ti_sysbios_gates_GateMutex_Object__DESC__C)
                  00836564    00000020     modelPreesm_pe66.oe66 (.const:ti_sysbios_gates_GateSwi_Object__DESC__C)
                  00836584    00000020     modelPreesm_pe66.oe66 (.const:ti_sysbios_heaps_HeapMem_Object__DESC__C)
                  008365a4    00000020     modelPreesm_pe66.oe66 (.const:ti_sysbios_heaps_HeapMem_Object__PARAMS__C)
                  008365c4    00000020     modelPreesm_pe66.oe66 (.const:ti_sysbios_knl_Clock_Object__DESC__C)
                  008365e4    00000020     modelPreesm_pe66.oe66 (.const:ti_sysbios_knl_Queue_Object__DESC__C)
                  00836604    00000020     modelPreesm_pe66.oe66 (.const:ti_sysbios_knl_Semaphore_Object__DESC__C)
                  00836624    00000020     modelPreesm_pe66.oe66 (.const:ti_sysbios_knl_Swi_Object__DESC__C)
                  00836644    00000020     modelPreesm_pe66.oe66 (.const:ti_sysbios_xdcruntime_GateThreadSupport_Object__DESC__C)
                  00836664    00000020     modelPreesm_pe66.oe66 (.const:xdc_runtime_GateNull_Object__DESC__C)
                  00836684    00000008     modelPreesm_pe66.oe66 (.const:ti_sysbios_knl_Task_hooks__C)
                  0083668c    00000004     modelPreesm_pe66.oe66 (.const:ti_sdo_ipc_GateMP_A_invalidDelete__C)
                  00836690    00000020     modelPreesm_pe66.oe66 (.const:xdc_runtime_Startup_sfxnRts__A)
                  008366b0    00000020     modelPreesm_pe66.oe66 (.const:xdc_runtime_knl_GateThread_Object__DESC__C)
                  008366d0    00000018     main.obj (.const:.string)
                  008366e8    00000018     modelPreesm_pe66.oe66 (.const:ti_sdo_ipc_Notify_Object__PARAMS__C)
                  00836700    00000018     modelPreesm_pe66.oe66 (.const:ti_sdo_utils_List_Object__PARAMS__C)
                  00836718    00000018     modelPreesm_pe66.oe66 (.const:ti_sysbios_gates_GateAll_Object__PARAMS__C)
                  00836730    00000018     modelPreesm_pe66.oe66 (.const:ti_sysbios_gates_GateHwi_Object__PARAMS__C)
                  00836748    00000018     modelPreesm_pe66.oe66 (.const:ti_sysbios_gates_GateMutexPri_Object__PARAMS__C)
                  00836760    00000018     modelPreesm_pe66.oe66 (.const:ti_sysbios_gates_GateMutex_Object__PARAMS__C)
                  00836778    00000018     modelPreesm_pe66.oe66 (.const:ti_sysbios_gates_GateSwi_Object__PARAMS__C)
                  00836790    00000018     modelPreesm_pe66.oe66 (.const:ti_sysbios_knl_Queue_Object__PARAMS__C)
                  008367a8    00000008     modelPreesm_pe66.oe66 (.const:xdc_runtime_Startup_firstFxns__C)
                  008367b0    00000018     modelPreesm_pe66.oe66 (.const:ti_sysbios_knl_Task_hooks__A)
                  008367c8    00000018     modelPreesm_pe66.oe66 (.const:ti_sysbios_xdcruntime_GateThreadSupport_Object__PARAMS__C)
                  008367e0    00000018     modelPreesm_pe66.oe66 (.const:xdc_runtime_GateNull_Object__PARAMS__C)
                  008367f8    00000018     modelPreesm_pe66.oe66 (.const:xdc_runtime_knl_GateThread_Object__PARAMS__C)
                  00836810    00000011     ti.targets.rts6000.ae66 : System.oe66 (.const:digtohex)
                  00836821    00000003     --HOLE-- [fill = 0]
                  00836824    00000008     modelPreesm_pe66.oe66 (.const:xdc_runtime_Startup_lastFxns__C)
                  0083682c    00000004     modelPreesm_pe66.oe66 (.const:ti_sdo_ipc_GateMP_E_gateUnavailable__C)
                  00836830    00000010     modelPreesm_pe66.oe66 (.const:ti_sdo_ipc_family_c647x_MultiProcSetup_procMap__A)
                  00836840    00000010     modelPreesm_pe66.oe66 (.const:ti_sdo_utils_MultiProc_procIdList__A)
                  00836850    0000000c     modelPreesm_pe66.oe66 (.const:xdc_runtime_Startup_firstFxns__A)
                  0083685c    00000004     modelPreesm_pe66.oe66 (.const:ti_sdo_ipc_GateMP_E_localGate__C)
[...]
00836ab0   ti_sysbios_family_c64p_Exception_exceptionHook__C
00836ab4   ti_sysbios_family_c64p_Exception_externalHook__C
00836ab8   ti_sysbios_family_c64p_Exception_internalHook__C
00836abc   ti_sysbios_family_c64p_Exception_nmiHook__C
00836ac0   ti_sysbios_family_c64p_Hwi_E_alreadyDefined__C
00836ac4   ti_sysbios_family_c64p_Hwi_E_handleNotFound__C
00836ac8   ti_sysbios_family_c64p_Hwi_LD_end__C
00836acc   ti_sysbios_family_c64p_Hwi_LM_begin__C
00836ad0   ti_sysbios_family_c64p_Hwi_Module__diagsEnabled__C
00836ad4   ti_sysbios_family_c64p_Hwi_Module__diagsIncluded__C
00836ad8   ti_sysbios_family_c64p_Hwi_Module__diagsMask__C
00836adc   ti_sysbios_family_c64p_Hwi_Module__loggerFxn1__C
00836ae0   ti_sysbios_family_c64p_Hwi_Module__loggerFxn8__C
00836ae4   ti_sysbios_family_c64p_Hwi_Module__loggerObj__C
00836ae8   ti_sysbios_family_c66_Cache_atomicBlockSize__C
00836aec   ti_sysbios_gates_GateMutexPri_A_badContext__C
00836af0   ti_sysbios_gates_GateMutexPri_Instance_State_pendQ__O
00836af4   ti_sysbios_gates_GateMutexPri_Module__diagsEnabled__C
00836af8   ti_sysbios_gates_GateMutexPri_Module__diagsIncluded__C
00836afc   ti_sysbios_gates_GateMutexPri_Module__diagsMask__C
00836b00   ti_sysbios_gates_GateMutex_A_badContext__C
00836b04   ti_sysbios_gates_GateMutex_Instance_State_sem__O
00836b08   ti_sysbios_gates_GateMutex_Module__diagsEnabled__C
00836b0c   ti_sysbios_gates_GateMutex_Module__diagsIncluded__C
00836b10   ti_sysbios_gates_GateMutex_Module__diagsMask__C
00836b14   ti_sysbios_gates_GateSwi_A_badContext__C
00836b18   ti_sysbios_gates_GateSwi_Module__diagsEnabled__C
00836b1c   ti_sysbios_gates_GateSwi_Module__diagsIncluded__C
00836b20   ti_sysbios_gates_GateSwi_Module__diagsMask__C
00836b24   ti_sysbios_hal_Hwi_E_stackOverflow__C
00836b28   ti_sysbios_heaps_HeapMem_A_align__C
00836b2c   ti_sysbios_heaps_HeapMem_A_heapSize__C
00836b30   ti_sysbios_heaps_HeapMem_A_invalidFree__C
00836b34   ti_sysbios_heaps_HeapMem_A_zeroBlock__C
00836b38   ti_sysbios_heaps_HeapMem_E_memory__C
00836b3c   ti_sysbios_heaps_HeapMem_Module__diagsEnabled__C
00836b40   ti_sysbios_heaps_HeapMem_Module__diagsIncluded__C
00836b44   ti_sysbios_heaps_HeapMem_Module__diagsMask__C
00836b48   ti_sysbios_heaps_HeapMem_Module__gateObj__C
00836b4c   ti_sysbios_heaps_HeapMem_Object__count__C
00836b50   ti_sysbios_heaps_HeapMem_reqAlignMask__C
00836b54   ti_sysbios_heaps_HeapMem_reqAlign__C
00836b58   ti_sysbios_knl_Clock_A_badThreadType__C
00836b5c   ti_sysbios_knl_Clock_LM_begin__C
00836b60   ti_sysbios_knl_Clock_LM_tick__C
00836b64   ti_sysbios_knl_Clock_LW_delayed__C
00836b68   ti_sysbios_knl_Clock_Module_State_clockQ__O
00836b6c   ti_sysbios_knl_Clock_Module__diagsEnabled__C
00836b70   ti_sysbios_knl_Clock_Module__diagsIncluded__C
00836b74   ti_sysbios_knl_Clock_Module__diagsMask__C
00836b78   ti_sysbios_knl_Clock_Module__loggerFxn1__C
00836b7c   ti_sysbios_knl_Clock_Module__loggerFxn2__C
00836b80   ti_sysbios_knl_Clock_Module__loggerObj__C
00836b84   ti_sysbios_knl_Clock_tickMode__C
00836b88   ti_sysbios_knl_Clock_tickSource__C
00836b8c   ti_sysbios_knl_Semaphore_A_badContext__C
00836b90   ti_sysbios_knl_Idle_funcList__A
00836b94   ti_sysbios_knl_Semaphore_A_noEvents__C
00836b98   ti_sysbios_knl_Semaphore_A_overflow__C
00836b9c   ti_sysbios_knl_Semaphore_Instance_State_pendQ__O
00836ba0   ti_sysbios_knl_Semaphore_LM_pend__C
00836ba4   ti_sysbios_knl_Semaphore_LM_post__C
00836ba8   ti_sysbios_knl_Semaphore_Module__diagsEnabled__C
00836bac   ti_sysbios_knl_Semaphore_Module__diagsIncluded__C
00836bb0   ti_sysbios_knl_Semaphore_Module__diagsMask__C
00836bb4   ti_sysbios_knl_Semaphore_Module__loggerFxn2__C
00836bb8   ti_sysbios_knl_Semaphore_Module__loggerFxn4__C
00836bbc   ti_sysbios_knl_Semaphore_Module__loggerObj__C
00836bc0   ti_sysbios_knl_Swi_A_badPriority__C
00836bc4   ti_sysbios_knl_Swi_LD_end__C
00836bc8   ti_sysbios_knl_Swi_LM_begin__C
00836bcc   ti_sysbios_knl_Swi_LM_post__C
00836bd0   ti_sysbios_knl_Swi_Module__diagsEnabled__C
00836bd4   ti_sysbios_knl_Swi_Module__diagsIncluded__C
00836bd8   ti_sysbios_knl_Swi_Module__diagsMask__C
00836bdc   ti_sysbios_knl_Swi_Module__loggerFxn1__C
00836be0   ti_sysbios_knl_Swi_Module__loggerFxn4__C
00836be4   ti_sysbios_knl_Swi_Module__loggerObj__C
00836be8   ti_sysbios_knl_Swi_Object__count__C
00836bec   ti_sysbios_knl_Task_A_badPriority__C
00836bf0   ti_sysbios_knl_Task_A_badTimeout__C
00836bf4   ti_sysbios_knl_Task_E_spOutOfBounds__C
00836bf8   ti_sysbios_knl_Task_E_stackOverflow__C
00836bfc   ti_sysbios_knl_Task_LD_block__C
00836c00   ti_sysbios_knl_Task_LD_exit__C
00836c04   ti_sysbios_knl_Task_LD_ready__C
00836c08   ti_sysbios_knl_Task_LM_setPri__C
00836c0c   ti_sysbios_knl_Task_LM_sleep__C
00836c10   ti_sysbios_knl_Task_LM_switch__C
00836c14   ti_sysbios_knl_Task_LM_yield__C
00836c18   ti_sysbios_knl_Task_Module_State_inactiveQ__O
00836c1c   ti_sysbios_knl_Task_Module_State_terminatedQ__O
00836c20   ti_sysbios_knl_Task_Module__diagsEnabled__C
00836c24   ti_sysbios_knl_Task_Module__diagsIncluded__C
00836c28   ti_sysbios_knl_Task_Module__diagsMask__C
00836c2c   ti_sysbios_knl_Task_Module__loggerFxn2__C
00836c30   ti_sysbios_knl_Task_Module__loggerFxn4__C
00836c34   ti_sysbios_knl_Task_Module__loggerObj__C
00836c38   ti_sysbios_knl_Task_Object__count__C
00836c3c   ti_sysbios_knl_Task_allBlockedFunc__C
00836c40   ti_sysbios_knl_Task_numConstructedTasks__C
00836c44   ti_sysbios_knl_Task_numPriorities__C
00836c48   ti_sysbios_timers_timer64_Timer_A_notAvailable__C
00836c4c   ti_sysbios_timers_timer64_Timer_E_cannotSupport__C
00836c50   ti_sysbios_timers_timer64_Timer_Module__diagsEnabled__C
00836c54   ti_sysbios_timers_timer64_Timer_Module__diagsIncluded__C
00836c58   ti_sysbios_timers_timer64_Timer_Module__diagsMask__C
00836c5c   ti_sysbios_timers_timer64_Timer_anyMask__C
00836c60   ti_sysbios_timers_timer64_Timer_freqDivisor__C
00836c64   ti_sysbios_timers_timer64_Timer_numLocalTimers__C
00836c68   ti_sysbios_timers_timer64_Timer_numTimerDevices__C
00836c6c   ti_sysbios_xdcruntime_GateThreadSupport_Instance_State_gate__O
00836c70   xdc_runtime_Assert_E_assertFailed__C
00836c74   xdc_runtime_Core_A_initializedParams__C
00836c78   xdc_runtime_Core_Module__diagsEnabled__C
00836c7c   xdc_runtime_Core_Module__diagsIncluded__C
00836c80   xdc_runtime_Core_Module__diagsMask__C
00836c84   xdc_runtime_Error_E_generic__C
00836c88   xdc_runtime_Error_E_memory__C
00836c8c   xdc_runtime_Error_Module__diagsEnabled__C
00836c90   xdc_runtime_Error_Module__diagsIncluded__C
00836c94   xdc_runtime_Error_Module__diagsMask__C
00836c98   xdc_runtime_Error_Module__loggerFxn8__C
00836c9c   xdc_runtime_Error_Module__loggerObj__C
00836ca0   xdc_runtime_Error_policy__C
00836ca4   xdc_runtime_Error_raiseHook__C
00836ca8   xdc_runtime_IGateProvider_Interface__BASE__C
00836cac   xdc_runtime_IHeap_Interface__BASE__C
00836cb0   xdc_runtime_IModule_Interface__BASE__C
00836cb4   xdc_runtime_Log_L_error__C
00836cb8   xdc_runtime_Memory_defaultHeapInstance__C
00836cbc   xdc_runtime_Startup_execImpl__C
00836cc0   xdc_runtime_Startup_lastFxns__A
00836cc4   xdc_runtime_Startup_maxPasses__C
00836cc8   xdc_runtime_Startup_sfxnRts__C
00836ccc   xdc_runtime_Startup_sfxnTab__C
00836cd0   xdc_runtime_System_Module__gateObj__C
00836cd4   xdc_runtime_System_extendFxn__C
00836cd8   xdc_runtime_System_maxAtexitHandlers__C
00836cdc   xdc_runtime_Text_charTab__C
00836ce0   xdc_runtime_Text_nameEmpty__C
00836ce4   xdc_runtime_Text_nameStatic__C
00836ce8   xdc_runtime_Text_nameUnknown__C
00836cec   xdc_runtime_Text_nodeTab__C
00836cf0   xdc_runtime_Text_visitRopeFxn__C
00836cf4   ti_sdo_ipc_GateMP_Module__id__C
00836cf8   ti_sdo_ipc_GateMP_Module__loggerDefined__C
00836cfc   ti_sdo_ipc_Ipc_Module__id__C
00836d00   ti_sdo_ipc_Ipc_generateSlaveDataForHost__C
00836d04   ti_sdo_ipc_ListMP_Module__id__C
00836d08   ti_sdo_ipc_MessageQ_Module__id__C
00836d0c   ti_sdo_ipc_MessageQ_Module__loggerDefined__C
00836d10   ti_sdo_ipc_Notify_Module__id__C
00836d14   ti_sdo_ipc_Notify_numLines__C
00836d18   ti_sdo_ipc_Notify_reservedEvents__C
00836d1c   ti_sdo_ipc_SharedRegion_Module__id__C
00836d20   ti_sdo_ipc_SharedRegion_numEntries__C
00836d24   ti_sdo_ipc_SharedRegion_translate__C
00836d28   ti_sdo_ipc_family_c647x_Interrupt_enableKick__C
00836d2c   ti_sdo_ipc_family_c647x_MultiProcSetup_Module__id__C
00836d30   ti_sdo_ipc_gates_GateHWSem_Module__id__C
00836d34   ti_sdo_ipc_gates_GateMPSupportNull_Module__id__C
00836d38   ti_sdo_ipc_gates_GatePeterson_Module__id__C
00836d3c   ti_sdo_ipc_heaps_HeapMemMP_Module__id__C
00836d40   ti_sdo_ipc_notifyDrivers_NotifyDriverShm_Module__id__C
00836d44   ti_sdo_ipc_nsremote_NameServerRemoteNotify_Module__id__C
00836d48   ti_sdo_ipc_transports_TransportShm_Module__id__C
00836d4c   ti_sdo_ipc_transports_TransportShm_notifyEventId__C
00836d50   ti_sdo_utils_MultiProc_Module__id__C
00836d54   ti_sdo_utils_MultiProc_numProcessors__C
00836d58   ti_sdo_utils_MultiProc_numProcsInCluster__C
00836d5c   ti_sdo_utils_NameServer_Module__id__C
00836d60   ti_sdo_utils_NameServer_singleProcessor__C
00836d64   ti_sysbios_BIOS_Module__id__C
00836d68   ti_sysbios_family_c64p_Exception_Module__id__C
00836d6c   ti_sysbios_family_c64p_Hwi_Module__id__C
00836d70   ti_sysbios_family_c64p_Hwi_Module__loggerDefined__C
00836d74   ti_sysbios_gates_GateMutexPri_Module__id__C
00836d78   ti_sysbios_gates_GateMutex_Module__id__C
00836d7c   ti_sysbios_gates_GateSwi_Module__id__C
00836d80   ti_sysbios_hal_Hwi_Module__id__C
00836d84   ti_sysbios_heaps_HeapMem_Module__id__C
00836d88   ti_sysbios_knl_Clock_Module__id__C
00836d8c   ti_sysbios_knl_Clock_Module__loggerDefined__C
00836d90   ti_sysbios_knl_Semaphore_Module__id__C
00836d94   ti_sysbios_knl_Semaphore_Module__loggerDefined__C
00836d98   ti_sysbios_knl_Swi_Module__id__C
00836d9c   ti_sysbios_knl_Swi_Module__loggerDefined__C
00836da0   ti_sysbios_knl_Task_Module__id__C
00836da4   ti_sysbios_knl_Task_Module__loggerDefined__C
00836da8   ti_sysbios_knl_Task_deleteTerminatedTasks__C
00836dac   ti_sysbios_knl_Task_initStackFlag__C
00836db0   ti_sysbios_timers_timer64_Timer_Module__id__C
00836db4   ti_sysbios_timers_timer64_Timer_startupNeeded__C
00836db8   xdc_runtime_Core_Module__id__C
00836dbc   xdc_runtime_Error_Module__loggerDefined__C
00836dc0   xdc_runtime_Error_maxDepth__C
00836dc4   xdc_runtime_Memory_Module__id__C
00836dc8   xdc_runtime_Text_charCnt__C
00836dcc   xdc_runtime_Text_isLoaded__C
00836dd0   xdc_runtime_Text_registryModsLastId__C
00836dd4   xdc_runtime_Text_unnamedModsLastId__C
00836de0   ti_sdo_ipc_GateMP_Module_State_0_remoteCustom1Gates__A
008375e0   ti_sdo_ipc_GateMP_Module__root__V
008375e8   ti_sdo_ipc_GateMP_Module__state__V
00837630   ti_sdo_ipc_Ipc_Module__state__V
0083763c   ti_sdo_ipc_ListMP_Module__root__V
00837644   ti_sdo_ipc_ListMP_Module__state__V
00837648   ti_sdo_ipc_MessageQ_Module__root__V
00837650   ti_sdo_ipc_MessageQ_Module__state__V
0083766c   ti_sdo_ipc_Notify_Module__root__V
00837674   ti_sdo_ipc_Notify_Module__state__V
0083767c   ti_sdo_ipc_SharedRegion_Module__state__V
00837680   ti_sdo_ipc_family_c647x_Interrupt_Module__state__V
00837688   ti_sdo_ipc_gates_GateHWSem_Module__root__V
00837690   ti_sdo_ipc_gates_GateMPSupportNull_Module__root__V
00837698   ti_sdo_ipc_gates_GatePeterson_Module__root__V
008376a0   ti_sdo_ipc_heaps_HeapBufMP_Module__root__V
008376a8   ti_sdo_ipc_heaps_HeapBufMP_Module__state__V
008376ac   ti_sdo_ipc_heaps_HeapMemMP_Module__root__V
008376b4   ti_sdo_ipc_heaps_HeapMemMP_Module__state__V
008376b8   ti_sdo_ipc_notifyDrivers_NotifyDriverShm_Module__root__V
008376c0   ti_sdo_ipc_nsremote_NameServerRemoteNotify_Module__root__V
008376c8   ti_sdo_ipc_transports_TransportShm_Module__root__V
008376d0   ti_sdo_ipc_transports_TransportShmSetup_Module__state__V
008376d4   ti_sdo_utils_List_Module__root__V
008376dc   ti_sdo_utils_MultiProc_Module__state__V
008376e0   ti_sdo_utils_NameServer_Module__root__V
008376e8   ti_sdo_utils_NameServer_Module__state__V
008376f0   ti_sdo_utils_NameServerRemoteNull_Module__root__V
008376f8   ti_sysbios_BIOS_Module__state__V
00837714   ti_sysbios_family_c64p_Exception_Module__state__V
00837740   ti_sysbios_family_c64p_Hwi_Module__root__V
00837748   ti_sysbios_family_c64p_Hwi_Module__state__V
008377b0   ti_sysbios_gates_GateAll_Module__root__V
008377b8   ti_sysbios_gates_GateHwi_Module__root__V
008377c0   ti_sysbios_gates_GateMutex_Module__root__V
008377c8   ti_sysbios_gates_GateMutexPri_Module__root__V
008377d0   ti_sysbios_gates_GateSwi_Module__root__V
008377d8   ti_sysbios_hal_Hwi_Module__root__V
008377e0   ti_sysbios_hal_Timer_Module__root__V
008377e8   ti_sysbios_heaps_HeapMem_Module__root__V
008377f0   ti_sysbios_knl_Clock_Module__root__V
008377f8   ti_sysbios_knl_Clock_Module__state__V
00837824   ti_sysbios_knl_Queue_Module__root__V
0083782c   ti_sysbios_knl_Semaphore_Module__root__V
00837834   ti_sysbios_knl_Swi_Module__root__V
0083783c   ti_sysbios_knl_Swi_Module__state__V
00837858   ti_sysbios_knl_Task_Module__root__V
00837860   ti_sysbios_knl_Task_Module__state__V
00837894   ti_sysbios_syncs_SyncSem_Module__root__V
0083789c   ti_sysbios_timers_timer64_Timer_Module__root__V
008378a4   ti_sysbios_timers_timer64_Timer_Module__state__V
008378b8   ti_sysbios_xdcruntime_GateThreadSupport_Module__root__V
008378c0   xdc_runtime_Error_Module__state__V
008378c4   xdc_runtime_GateNull_Module__root__V
008378cc   xdc_runtime_Memory_Module__state__V
008378d0   xdc_runtime_Registry_Module__state__V
008378d8   xdc_runtime_Startup_Module__state__V
008378e0   xdc_runtime_System_Module__state__V
008378ec   xdc_runtime_Text_Module__state__V
008378f4   xdc_runtime_knl_GateThread_Module__root__V
008378fc   __xdc__init__addr
00837900   _ftable
00837ae0   ti_sysbios_timers_timer64_Timer_Module_State_0_device__A
00837c60   ti_sdo_utils_NameServer_Object__table__V
00837d78   _lock
00837d7c   _unlock
00837e20   ti_sdo_ipc_Ipc_Module_State_0_procEntry__A
00837ec0   ti_sdo_ipc_SharedRegion_Module_State_0_regions__A
00837f50   ti_sysbios_knl_Task_Object__table__V
00837f94   TSK_idle
00837fd8   _ft_end
00837fe0   ti_sdo_ipc_GateMP_Module_State_0_remoteSystemGates__A
00838060   ti_sysbios_knl_Swi_Module_State_0_readyQ__A
008380e0   ti_sysbios_knl_Task_Module_State_0_readyQ__A
00838160   ti_sysbios_timers_timer64_Timer_Module_State_0_gctrl__A
008381e0   ti_sysbios_timers_timer64_Timer_Module_State_0_handles__A
00838260   ti_sysbios_timers_timer64_Timer_Module_State_0_intFreqs__A
00838360   ti_sysbios_timers_timer64_Timer_Object__table__V
008383b0   ti_sdo_ipc_MessageQ_Module_State_0_transports__A
008383f0   ti_sdo_ipc_family_c647x_Interrupt_Module_State_0_fxnTable__A
00838430   ti_sysbios_gates_GateMutex_Object__table__V
00838470   ti_sysbios_knl_Swi_Object__table__V
008384a0   ti_sdo_ipc_MessageQ_Module_State_0_heaps__A
008384c0   ti_sdo_ipc_Notify_Module_State_0_notifyHandles__A
008384e0   ti_sdo_ipc_transports_TransportShmSetup_Module_State_0_handles__A
00838500   xdc_runtime_System_Module_State_0_atexitHandlers__A
00838520   ti_sysbios_family_c64p_Hwi_Object__table__V
00838540   ti_sysbios_gates_GateMutexPri_Object__table__V
00838560   ti_sysbios_heaps_HeapMem_Object__table__V
00838574   _cleanup_ptr
00838578   _dtors_ptr
0083857c   __TI_enable_exit_profile_output
00838580   ti_sysbios_gates_GateAll_Object__table__V
00838590   ti_sysbios_gates_GateSwi_Object__table__V
008385a0   ti_sysbios_hal_Hwi_Object__table__V
008385b0   ti_sysbios_hal_Timer_Object__table__V
008385c0   ti_sdo_ipc_GateMP_Module_State_0_remoteCustom2Gates__A
008385d0   ti_sdo_ipc_Notify_Module_State_0_notifyHandles_0__A
008385e0   ti_sdo_ipc_Notify_Module_State_0_notifyHandles_1__A
008385f0   ti_sdo_ipc_Notify_Module_State_0_notifyHandles_2__A
00838600   ti_sdo_ipc_Notify_Module_State_0_notifyHandles_3__A
00838610   ti_sdo_ipc_Notify_Module_State_0_notifyHandles_4__A
00838620   ti_sdo_ipc_Notify_Module_State_0_notifyHandles_5__A
00838630   ti_sdo_ipc_Notify_Module_State_0_notifyHandles_6__A
00838640   ti_sdo_ipc_Notify_Module_State_0_notifyHandles_7__A
00838650   ti_sysbios_gates_GateHwi_Object__table__V
00838660   xdc_runtime_GateNull_Object__table__V
00838668   _stack
00839668   __CIOBUF_
00839668   __TI_STACK_END
00839800   ti_sysbios_family_c64p_Hwi0
00839820   ti_sysbios_family_c64p_Hwi1
00839840   ti_sysbios_family_c64p_Hwi2
00839860   ti_sysbios_family_c64p_Hwi3
00839880   ti_sysbios_family_c64p_Hwi4
008398a0   ti_sysbios_family_c64p_Hwi5
008398c0   ti_sysbios_family_c64p_Hwi6
008398e0   ti_sysbios_family_c64p_Hwi7
00839900   ti_sysbios_family_c64p_Hwi8
00839920   ti_sysbios_family_c64p_Hwi9
00839940   ti_sysbios_family_c64p_Hwi10
00839960   ti_sysbios_family_c64p_Hwi11
00839980   ti_sysbios_family_c64p_Hwi12
008399a0   ti_sysbios_family_c64p_Hwi13
008399c0   ti_sysbios_family_c64p_Hwi14
008399e0   ti_sysbios_family_c64p_Hwi15
00839a00   Ipc_sr0MemorySetup
00839a04   __TI_STATIC_BASE
00839a04   nbSemaphoresToClean
00839a08   explode_generateMatricies_ar__3
00839a0c   explode_transposeMatrix_outp__3
00839a10   explode_transposeMatrix_outp__4
00839a14   implode_sumResults_input__su__0
00839a18   explode_transposeMatrix_outp__7
00839a1c   explode_generateMatricies_ar__1
00839a20   explode_transposeMatrix_outp__0
00839a24   multiplyMatricies_6__implode__0
00839a28   explode_generateMatricies_ar__5
00839a2c   explode_generateMatricies_ar__4
00839a30   explode_transposeMatrix_outp__2
00839a34   explode_generateMatricies_ar__0
00839a38   explode_transposeMatrix_outp__5
00839a3c   multiplyMatricies_3__implode__0
00839a40   transposeMatrix__explode_tra__0
00839a44   multiplyMatricies_0__implode__0
00839a48   explode_transposeMatrix_outp__6
00839a4c   explode_transposeMatrix_outp__1
00839a50   explode_generateMatricies_ar__6
00839a54   sumResults__displayMatrix__0
00839a58   multiplyMatricies_4__implode__0
00839a5c   multiplyMatricies_1__implode__0
00839a60   generateMatricies__displayMa__0
00839a64   generateMatricies__explode_g__0
00839a68   multiplyMatricies_2__implode__0
00839a6c   multiplyMatricies_7__implode__0
00839a70   explode_generateMatricies_ar__7
00839a74   generateMatricies__transpose__0
00839a78   multiplyMatricies_5__implode__0
00839a7c   explode_generateMatricies_ar__2
00839a80   output_4194304__arrayA__0
00839a84   output__input_0__0
00839a88   output__input_67108864__0
00839a8c   output_12582912__arrayA__0
00839a90   output__input_50331648__0
00839a94   output__arrayC__0
00839a98   output__input_100663296__0
00839a9c   output__input_16777216__0
00839aa0   arrayB_12582912__arrayB__0
00839aa4   arrayB_10485760__arrayB__0
00839aa8   arrayB__arrayB__0
00839aac   arrayB_6291456__arrayB__0
00839ab0   output_10485760__arrayA__0
00839ab4   output_8388608__arrayA__0
00839ab8   output_0__arrayA__0
00839abc   arrayB_8388608__arrayB__0
00839ac0   startTime__startTime__0
00839ac4   output__input_83886080__0
00839ac8   arrayA__input__0
00839acc   output__input_117440512__0
00839ad0   output_2097152__arrayA__0
00839ad4   arrayB_0__arrayB__0
00839ad8   output__input_33554432__0
00839adc   output_6291456__arrayA__0
00839ae0   arrayB_14680064__arrayB__0
00839ae4   output__input__0
00839ae8   output_14680064__arrayA__0
00839aec   arrayB_2097152__arrayB__0
00839af0   output__arrayA__0
00839af4   arrayB_4194304__arrayB__0
0083a458   __TI_Handler_Table_Base
0083a464   __TI_Handler_Table_Limit
0083a524   __TI_CINIT_Base
0083a5e4   __TI_CINIT_Limit
0c0ffffc   barrier
80000000   SharedMem
ffffffff   __TI_pprof_out_hndl
ffffffff   __TI_prof_data_size
ffffffff   __TI_prof_data_start
ffffffff   __binit__
ffffffff   __c_args__
ffffffff   binit

[1377 symbols]
