******************************************************************************
               TMS320C6x Linker PC v7.3.4                      
******************************************************************************
>> Linked Tue Jan 20 15:10:17 2015

OUTPUT FILE NAME:   <crossCoreMultiplicationMemOpt1.out>
ENTRY POINT SYMBOL: "_c_int00"  address: 00824100


MEMORY CONFIGURATION

         name            origin    length      used     unused   attr    fill
----------------------  --------  ---------  --------  --------  ----  --------
  L2SRAM                00800000   00080000  0003a2ca  00045d36  RW X
  MSMCSRAM              0c000000   00200000  000ffffd  00100003  RW X
  DDR3                  80000000   80000000  0e000180  71fffe80  RW X


SEGMENT ALLOCATION MAP

run origin  load origin   length   init length attrs members
----------  ----------- ---------- ----------- ----- -------
00800000    00800000    00029560   00029560    r-x
  00800000    00800000    00029560   00029560    r-x .text
00829560    00829560    00009038   00000000    rw-
  00829560    00829560    00009038   00000000    rw- .far.1
008325a0    008325a0    000003a8   00000000    rw-
  008325a0    008325a0    000003a8   00000000    rw- .far.2
00832950    00832950    00000020   00000000    rw-
  00832950    00832950    00000020   00000000    rw- .far.3
00832970    00832970    0000426e   0000426e    r--
  00832970    00832970    0000426e   0000426e    r-- .const
00836be0    00836be0    00001578   00001578    rw-
  00836be0    00836be0    00001578   00001578    rw- .fardata.1
00838160    00838160    000001d8   000001d8    rw-
  00838160    00838160    000001d8   000001d8    rw- .fardata.2
00838340    00838340    00000018   00000018    rw-
  00838340    00838340    00000018   00000018    rw- .fardata.3
00838360    00838360    00000048   00000048    rw-
  00838360    00838360    00000048   00000048    rw- .fardata.4
008383b0    008383b0    00000008   00000008    rw-
  008383b0    008383b0    00000008   00000008    rw- .fardata.5
008383c0    008383c0    00000004   00000004    rw-
  008383c0    008383c0    00000004   00000004    rw- .fardata.6
008383d0    008383d0    00000004   00000004    rw-
  008383d0    008383d0    00000004   00000004    rw- .fardata.7
008383e0    008383e0    00000004   00000004    rw-
  008383e0    008383e0    00000004   00000004    rw- .fardata.8
008383f0    008383f0    00000004   00000004    rw-
  008383f0    008383f0    00000004   00000004    rw- .fardata.9
00838400    00838400    00000004   00000004    rw-
  00838400    00838400    00000004   00000004    rw- .fardata.10
00838410    00838410    00000004   00000004    rw-
  00838410    00838410    00000004   00000004    rw- .fardata.11
00838420    00838420    00000004   00000004    rw-
  00838420    00838420    00000004   00000004    rw- .fardata.12
00838430    00838430    00000004   00000004    rw-
  00838430    00838430    00000004   00000004    rw- .fardata.13
00838440    00838440    00000004   00000004    rw-
  00838440    00838440    00000004   00000004    rw- .fardata.14
00838450    00838450    00000004   00000004    rw-
  00838450    00838450    00000004   00000004    rw- .fardata.15
00838460    00838460    00000004   00000004    rw-
  00838460    00838460    00000004   00000004    rw- .fardata.16
00838468    00838468    00001124   00000000    rw-
  00838468    00838468    00001000   00000000    rw- .stack
  00839468    00839468    00000120   00000000    rw- .cio
  00839588    00839588    00000004   00000000    rw- .bss
0083958c    0083958c    00000004   00000004    rw-
  0083958c    0083958c    00000004   00000004    rw- .neardata
00839590    00839590    000000e0   000000e0    r--
  00839590    00839590    000000e0   000000e0    r-- .rodata
00839670    00839670    00000030   00000030    r--
  00839670    00839670    00000030   00000030    r-- .switch
00839800    00839800    00000ce0   00000ce0    r-x
  00839800    00839800    00000200   00000200    r-x .vecs
  00839a00    00839a00    00000ae0   00000ae0    r-- .cinit
0c0ffffc    0c0ffffc    00000001   00000001    rw-
  0c0ffffc    0c0ffffc    00000001   00000001    rw- .MSMCSRAM
80000000    80000000    0e000180   00000000    rw-
  80000000    80000000    0e000180   00000000    rw- .mySharedMem


SECTION ALLOCATION MAP

 output                                  attributes/
section   page    origin      length       input sections
--------  ----  ----------  ----------   ----------------
.init_array 
*          0    00800000    00000000     UNINITIALIZED

xdc.meta   0    00800000    00000138     COPY SECTION
                  00800000    00000138     modelPreesm_pe66.oe66 (xdc.meta)

.text      0    00800000    00029560     
                  00800000    000011c0     ipc.lib : Ipc.obj (.text:ti_sdo_ipc_GateMP_Instance_init__F)
                  008011c0    00000a60             : Ipc.obj (.text:ti_sdo_ipc_heaps_HeapMemMP_alloc__E)
                  00801c20    000009e0             : Ipc.obj (.text:ti_sdo_ipc_heaps_HeapMemMP_free__E)
                  00802600    000009a0             : Ipc.obj (.text:Ipc_attach)
                  00802fa0    000009a0     ti.targets.rts6000.ae66 : System.oe66 (.text:xdc_runtime_System_doPrint__I)
                  00803940    00000920     ipc.lib : Ipc.obj (.text:ti_sdo_ipc_transports_TransportShm_Instance_init__F)
                  00804260    000008a0             : Ipc.obj (.text:ti_sdo_ipc_ListMP_Instance_init__F)
                  00804b00    00000860             : Ipc.obj (.text:ti_sdo_ipc_GateMP_Instance_finalize__F)
                  00805360    00000840             : Ipc.obj (.text:MessageQ_put)
                  00805ba0    00000780             : Ipc.obj (.text:ti_sdo_ipc_heaps_HeapMemMP_Instance_init__F)
                  00806320    00000780     sysbios.lib : BIOS.obj (.text:ti_sysbios_family_c64p_Exception_handler__I)
                  00806aa0    00000700     ipc.lib : Ipc.obj (.text:Notify_registerEvent)
                  008071a0    000006c0             : Ipc.obj (.text:ti_sdo_ipc_nsremote_NameServerRemoteNotify_Instance_init__F)
                  00807860    000006a0             : Ipc.obj (.text:NameServer_add)
                  00807f00    00000660     sysbios.lib : BIOS.obj (.text:ti_sysbios_heaps_HeapMem_free__E)
                  00808560    00000620     ipc.lib : Ipc.obj (.text:Notify_sendEvent)
                  00808b80    00000620     sysbios.lib : BIOS.obj (.text:ti_sysbios_heaps_HeapMem_alloc__E)
                  008091a0    000005e0     ipc.lib : Ipc.obj (.text:Notify_registerEventSingle)
                  00809780    000005c0             : Ipc.obj (.text:ListMP_getHead)
                  00809d40    000005c0             : Ipc.obj (.text:Notify_unregisterEventSingle)
                  0080a300    000005c0     rts6600_elf.lib : divd.obj (.text:__c6xabi_divd)
                  0080a8c0    000005c0                     : _printfi.obj (.text:_getarg_diouxp)
                  0080ae80    000005c0     ipc.lib : Ipc.obj (.text:ti_sdo_ipc_SharedRegion_start__F)
                  0080b440    000005c0     sysbios.lib : BIOS.obj (.text:ti_sysbios_timers_timer64_Timer_Module_startup__F)
                  0080ba00    00000580     ipc.lib : Ipc.obj (.text:ti_sdo_ipc_nsremote_NameServerRemoteNotify_get__F)
                  0080bf80    00000580             : Ipc.obj (.text:ti_sdo_ipc_transports_TransportShm_put__E)
                  0080c500    00000560             : Ipc.obj (.text:NameServer_get)
                  0080ca60    00000540             : Ipc.obj (.text:ti_sdo_ipc_Ipc_procSyncStart__I)
                  0080cfa0    000004e0             : Ipc.obj (.text:ti_sdo_ipc_notifyDrivers_NotifyDriverShm_Instance_init__F)
                  0080d480    000004a0     cache.obj (.text)
                  0080d920    000004a0     semaphore6678.obj (.text)
                  0080ddc0    000004a0     ipc.lib : Ipc.obj (.text:ti_sdo_ipc_gates_GatePeterson_Instance_init__F)
                  0080e260    00000480     rts6600_elf.lib : _printfi.obj (.text:_setfield)
                  0080e6e0    00000460                     : _printfi.obj (.text:_printfi)
                  0080eb40    00000460     ipc.lib : Ipc.obj (.text:ti_sdo_ipc_GateMP_setRegion0Reserved__F)
                  0080efa0    00000460             : Ipc.obj (.text:ti_sdo_ipc_Ipc_procSyncFinish__I)
                  0080f400    00000440             : Ipc.obj (.text:ListMP_putTail)
                  0080f840    00000440             : Ipc.obj (.text:ti_sdo_ipc_heaps_HeapMemMP_getStats__E)
                  0080fc80    00000440             : Ipc.obj (.text:ti_sdo_ipc_heaps_HeapMemMP_postInit__I)
                  008100c0    00000400             : Ipc.obj (.text:ti_sdo_ipc_Notify_Instance_init__F)
                  008104c0    00000400     sysbios.lib : BIOS.obj (.text:ti_sysbios_knl_Semaphore_pend__E)
                  008108c0    000003e0     Core7.obj (.text)
                  00810ca0    000003c0     ipc.lib : Ipc.obj (.text:ti_sdo_ipc_SharedRegion_reserveMemory__F)
                  00811060    000003c0     sysbios.lib : BIOS.obj (.text:ti_sysbios_knl_Task_setPri__E)
                  00811420    00000380     ipc.lib : Ipc.obj (.text:HeapMemMP_sharedMemReq)
                  008117a0    00000380     communication.obj (.text)
                  00811b20    00000340     ipc.lib : Ipc.obj (.text:GateMP_sharedMemReq)
                  00811e60    00000340             : Ipc.obj (.text:ti_sdo_ipc_nsremote_NameServerRemoteNotify_swiFxn__I)
                  008121a0    00000300             : Ipc.obj (.text:GateMP_openByAddr)
                  008124a0    00000300     rts6600_elf.lib : fputs.obj (.text:fputs)
                  008127a0    00000300     ipc.lib : Ipc.obj (.text:ti_sdo_ipc_transports_TransportShm_openByAddr__F)
                  00812aa0    00000300     sysbios.lib : BIOS.obj (.text:ti_sysbios_family_c64p_Hwi_dispatchC__I)
                  00812da0    000002e0     ipc.lib : Ipc.obj (.text:SharedRegion_getEntry)
                  00813080    000002e0             : Ipc.obj (.text:SharedRegion_getPtr)
                  00813360    000002e0     rts6600_elf.lib : _printfi.obj (.text:_pproc_fwp)
                  00813640    000002e0     sysbios.lib : BIOS.obj (.text:ti_sysbios_gates_GateMutexPri_enter__E)
                  00813920    000002e0                 : BIOS.obj (.text:ti_sysbios_knl_Task_Module_startup__F)
                  00813c00    000002c0     rts6600_elf.lib : _printfi.obj (.text:_pproc_fge)
                  00813ec0    000002c0     ipc.lib : Ipc.obj (.text:ti_sdo_ipc_notifyDrivers_NotifyDriverShm_isr__I)
                  00814180    000002a0             : Ipc.obj (.text:Ipc_start)
                  00814420    000002a0             : Ipc.obj (.text:NameServer_getLocal)
                  008146c0    000002a0     rts6600_elf.lib : _printfi.obj (.text:fcvt)
                  00814960    000002a0     sysbios.lib : BIOS.obj (.text:ti_sysbios_knl_Clock_workFunc__E)
                  00814c00    000002a0                 : BIOS.obj (.text:ti_sysbios_knl_Task_sleep__E)
                  00814ea0    00000280     ipc.lib : Ipc.obj (.text:SharedRegion_getSRPtr)
                  00815120    00000280     sysbios.lib : BIOS.obj (.text:deviceConfig$44)
                  008153a0    00000280     rts6600_elf.lib : _printfi.obj (.text:ecvt)
                  00815620    00000280     ipc.lib : Ipc.obj (.text:ti_sdo_ipc_notifyDrivers_NotifyDriverShm_sharedMemReq__F)
                  008158a0    00000280     sysbios.lib : BIOS.obj (.text:ti_sysbios_knl_Clock_Instance_init__F)
                  00815b20    00000280                 : BIOS.obj (.text:ti_sysbios_knl_Task_exit__E)
                  00815da0    00000280     ti.targets.rts6000.ae66 : Core-mem.oe66 (.text:xdc_runtime_Core_createObject__I)
                  00816020    00000280                             : Error.oe66 (.text:xdc_runtime_Error_raiseX__F)
                  008162a0    00000260     ipc.lib : Ipc.obj (.text:ListMP_sharedMemReq)
                  00816500    00000260             : Ipc.obj (.text:ti_sdo_ipc_ListMP_Instance_finalize__F)
                  00816760    00000260             : Ipc.obj (.text:ti_sdo_ipc_heaps_HeapMemMP_Instance_finalize__F)
                  008169c0    00000260             : Ipc.obj (.text:ti_sdo_ipc_notifyDrivers_NotifyDriverShm_disableEvent__E)
                  00816c20    00000260     ti.targets.rts6000.ae66 : Startup.oe66 (.text:xdc_runtime_Startup_startMods__I)
                  00816e80    00000260     modelPreesm_pe66.oe66 (.text:xdc_runtime_System_printfExtend__I)
                  008170e0    00000240     rts6600_elf.lib : imath64.obj (.text:__c6xabi_divull)
                  00817320    00000240                     : _printfi.obj (.text:_pconv_e)
                  00817560    00000240                     : _printfi.obj (.text:_pproc_diouxp)
                  008177a0    00000240     sysbios.lib : BIOS.obj (.text:ti_sysbios_family_c64p_Exception_internalHandler__I)
                  008179e0    00000240                 : BIOS.obj (.text:ti_sysbios_knl_Semaphore_post__E)
                  00817c20    00000220     Core0.obj (.text)
                  00817e40    00000220     rts6600_elf.lib : _printfi.obj (.text:_pproc_str)
                  00818060    00000220     sysbios.lib : BIOS.obj (.text:ti_sysbios_family_c64p_Hwi_reconfig__E)
                  00818280    00000220                 : BIOS.obj (.text:ti_sysbios_knl_Swi_run__I)
                  008184a0    00000220                 : BIOS.obj (.text:ti_sysbios_knl_Task_schedule__I)
                  008186c0    00000220                 : BIOS.obj (.text:ti_sysbios_knl_Task_startup__E)
                  008188e0    00000200     ipc.lib : Ipc.obj (.text:GateMP_enter)
                  00818ae0    00000200             : Ipc.obj (.text:GateMP_leave)
                  00818ce0    00000200             : Ipc.obj (.text:ListMP_openByAddr)
                  00818ee0    00000200     rts6600_elf.lib : _printfi.obj (.text:_pconv_g)
                  008190e0    00000200     sysbios.lib : c64p_Hwi_disp_always.obj (.text:_ti_sysbios_family_c64p_Hwi_dispatchAlways)
                  008192e0    00000200                 : BIOS.obj (.text:block$56)
                  008194e0    00000200     ipc.lib : Ipc.obj (.text:ti_sdo_ipc_family_c647x_MultiProcSetup_init__I)
                  008196e0    00000200             : Ipc.obj (.text:ti_sdo_ipc_notifyDrivers_NotifyDriverShm_sendEvent__E)
                  008198e0    00000200             : Ipc.obj (.text:ti_sdo_ipc_transports_TransportShm_Instance_finalize__F)
                  00819ae0    000001e0             : Ipc.obj (.text:GateMP_open)
                  00819cc0    000001e0             : Ipc.obj (.text:ti_sdo_ipc_GateMP_attach__F)
                  00819ea0    000001e0             : Ipc.obj (.text:ti_sdo_ipc_GateMP_getFreeResource__I)
                  0081a080    000001e0     sysbios.lib : BIOS.obj (.text:ti_sysbios_knl_Task_postInit__I)
                  0081a260    000001e0                 : BIOS.obj (.text:ti_sysbios_timers_timer64_Timer_getFreq__E)
                  0081a440    000001c0     ipc.lib : Ipc.obj (.text:HeapMemMP_openByAddr)
                  0081a600    000001c0     rts6600_elf.lib : _printfi.obj (.text:_mcpy)
                  0081a7c0    000001c0     ipc.lib : Ipc.obj (.text:ti_sdo_ipc_notifyDrivers_NotifyDriverShm_registerEvent__E)
                  0081a980    000001c0     sysbios.lib : BIOS.obj (.text:ti_sysbios_knl_Swi_Instance_init__F)
                  0081ab40    000001c0                 : BIOS.obj (.text:ti_sysbios_knl_Task_checkStacks__E)
                  0081ad00    000001c0                 : BIOS.obj (.text:ti_sysbios_timers_timer64_Timer_setPeriodMicroSecs__E)
                  0081aec0    000001a0     rts6600_elf.lib : trgdrv.obj (.text:HOSTrename)
                  0081b060    000001a0     ipc.lib : Ipc.obj (.text:SharedRegion_getCacheLineSize)
                  0081b200    000001a0             : Ipc.obj (.text:SharedRegion_getHeap)
                  0081b3a0    000001a0             : Ipc.obj (.text:SharedRegion_isCacheEnabled)
                  0081b540    000001a0     rts6600_elf.lib : imath40.obj (.text:__c6xabi_divul)
                  0081b6e0    000001a0     multiplyMatrices.obj (.text)
                  0081b880    000001a0     ipc.lib : Ipc.obj (.text:ti_sdo_ipc_GateMP_openRegion0Reserved__F)
                  0081ba20    000001a0             : Ipc.obj (.text:ti_sdo_ipc_notifyDrivers_NotifyDriverShm_enableEvent__E)
                  0081bbc0    000001a0             : Ipc.obj (.text:ti_sdo_ipc_notifyDrivers_NotifyDriverShm_unregisterEvent__E)
                  0081bd60    000001a0             : Ipc.obj (.text:ti_sdo_ipc_nsremote_NameServerRemoteNotify_attach__E)
                  0081bf00    000001a0     sysbios.lib : BIOS.obj (.text:ti_sysbios_gates_GateMutex_enter__E)
                  0081c0a0    000001a0                 : BIOS.obj (.text:ti_sysbios_timers_timer64_Timer_start__E)
                  0081c240    00000180     ipc.lib : Ipc.obj (.text:MultiProc_setLocalId)
                  0081c3c0    00000180             : Ipc.obj (.text:NameServer_getHandle)
                  0081c540    00000180             : Ipc.obj (.text:Notify_intLineRegistered)
                  0081c6c0    00000180     rts6600_elf.lib : copy_decompress_rle.obj (.text:__TI_decompress_rle_core)
                  0081c840    00000180     generateMatrices.obj (.text)
                  0081c9c0    00000180     rts6600_elf.lib : setvbuf.obj (.text:setvbuf)
                  0081cb40    00000180     sysbios.lib : c64p_Exception_asm.obj (.text)
                  0081ccc0    00000180     ipc.lib : Ipc.obj (.text:ti_sdo_ipc_MessageQ_registerTransport__F)
                  0081ce40    00000180             : Ipc.obj (.text:ti_sdo_ipc_Notify_Module_startup__F)
                  0081cfc0    00000180             : Ipc.obj (.text:ti_sdo_ipc_gates_GatePeterson_enter__E)
                  0081d140    00000180             : Ipc.obj (.text:ti_sdo_utils_NameServer_Module_startup__F)
                  0081d2c0    00000180     sysbios.lib : BIOS.obj (.text:ti_sysbios_heaps_HeapMem_Instance_init__F)
                  0081d440    00000180                 : BIOS.obj (.text:ti_sysbios_knl_Swi_schedule__I)
                  0081d5c0    00000180                 : BIOS.obj (.text:ti_sysbios_knl_Task_unblockI__E)
                  0081d740    00000180     ti.targets.rts6000.ae66 : Text.oe66 (.text:xdc_runtime_Text_putSite__F)
                  0081d8c0    00000160     ipc.lib : Ipc.obj (.text:ti_sdo_ipc_GateMP_createLocal__F)
                  0081da20    00000160             : Ipc.obj (.text:ti_sdo_ipc_MessageQ_unregisterTransport__F)
                  0081db80    00000160             : Ipc.obj (.text:ti_sdo_ipc_gates_GateHWSem_Instance_init__F)
                  0081dce0    00000160             : Ipc.obj (.text:ti_sdo_ipc_transports_TransportShm_sharedMemReq__F)
                  0081de40    00000160             : Ipc.obj (.text:ti_sdo_utils_NameServer_isRegistered__E)
                  0081dfa0    00000160             : Ipc.obj (.text:ti_sdo_utils_NameServer_registerRemoteDriver__E)
                  0081e100    00000160             : Ipc.obj (.text:ti_sdo_utils_NameServer_unregisterRemoteDriver__E)
                  0081e260    00000140             : Ipc.obj (.text:GateMP_close)
                  0081e3a0    00000140             : Ipc.obj (.text:Notify_attach)
                  0081e4e0    00000140     boot.ae66 : autoinit.oe66 (.text:_auto_init_elf)
                  0081e620    00000140     rts6600_elf.lib : _printfi.obj (.text:_pproc_fflags)
                  0081e760    00000140                     : fputc.obj (.text:fputc)
                  0081e8a0    00000140                     : lowlev.obj (.text:getdevice)
                  0081e9e0    00000140     ipc.lib : Ipc.obj (.text:ti_sdo_ipc_Notify_exec__F)
                  0081eb20    00000140     sysbios.lib : BIOS.obj (.text:ti_sysbios_family_c64p_Hwi_Module_startup__F)
                  0081ec60    00000140                 : BIOS.obj (.text:ti_sysbios_family_c66_Cache_Module_startup__F)
                  0081eda0    00000140                 : BIOS.obj (.text:ti_sysbios_gates_GateSwi_enter__E)
                  0081eee0    00000140                 : BIOS.obj (.text:ti_sysbios_knl_Clock_Instance_finalize__F)
                  0081f020    00000140                 : BIOS.obj (.text:ti_sysbios_knl_Semaphore_Instance_init__F)
                  0081f160    00000140                 : BIOS.obj (.text:ti_sysbios_knl_Swi_post__E)
                  0081f2a0    00000140                 : BIOS.obj (.text:ti_sysbios_knl_Task_blockI__E)
                  0081f3e0    00000140                 : BIOS.obj (.text:ti_sysbios_knl_Task_yield__E)
                  0081f520    00000120     rts6600_elf.lib : _printfi.obj (.text:_ltostr)
                  0081f640    00000120                     : _io_perm.obj (.text:_wrt_ok)
                  0081f760    00000120                     : fclose.obj (.text:fclose)
                  0081f880    00000120     sysbios.lib : BIOS.obj (.text:rtsUnlock$0)
                  0081f9a0    00000120     ipc.lib : Ipc.obj (.text:ti_sdo_ipc_MessageQ_Module_startup__F)
                  0081fac0    00000120             : Ipc.obj (.text:ti_sdo_ipc_family_c647x_Interrupt_intRegister__E)
                  0081fbe0    00000120             : Ipc.obj (.text:ti_sdo_ipc_nsremote_NameServerRemoteNotify_Instance_finalize__F)
                  0081fd00    00000100     rts6600_elf.lib : trgdrv.obj (.text:HOSTlseek)
                  0081fe00    00000100                     : fflush.obj (.text:fflush)
                  0081ff00    00000100     sysbios.lib : BIOS.obj (.text:initDevice$44)
                  00820000    00000100     main.obj (.text)
                  00820100    00000100     ipc.lib : Ipc.obj (.text:ti_sdo_ipc_GateMP_start__F)
                  00820200    00000100             : Ipc.obj (.text:ti_sdo_ipc_Notify_Instance_finalize__F)
                  00820300    00000100     modelPreesm_pe66.oe66 (.text:ti_sdo_ipc_Notify_Object__create__S)
                  00820400    00000100     ipc.lib : Ipc.obj (.text:ti_sdo_ipc_SharedRegion_attach__F)
                  00820500    00000100             : Ipc.obj (.text:ti_sdo_ipc_SharedRegion_clearReservedMemory__F)
                  00820600    00000100             : Ipc.obj (.text:ti_sdo_ipc_family_c647x_Interrupt_Module_startup__F)
                  00820700    00000100             : Ipc.obj (.text:ti_sdo_ipc_gates_GateHWSem_Module_startup__F)
                  00820800    00000100             : Ipc.obj (.text:ti_sdo_ipc_gates_GateMPSupportNull_enter__E)
                  00820900    00000100             : Ipc.obj (.text:ti_sdo_ipc_gates_GateMPSupportNull_leave__E)
                  00820a00    00000100     modelPreesm_pe66.oe66 (.text:ti_sdo_ipc_gates_GatePeterson_Object__create__S)
                  00820b00    00000100     modelPreesm_pe66.oe66 (.text:ti_sdo_ipc_nsremote_NameServerRemoteNotify_Object__create__S)
                  00820c00    00000100     ipc.lib : Ipc.obj (.text:ti_sdo_ipc_transports_TransportShmSetup_attach__E)
                  00820d00    00000100     modelPreesm_pe66.oe66 (.text:ti_sdo_ipc_transports_TransportShm_Object__create__S)
                  00820e00    00000100     modelPreesm_pe66.oe66 (.text:ti_sysbios_family_c64p_Hwi_Object__create__S)
                  00820f00    00000100     sysbios.lib : BIOS.obj (.text:ti_sysbios_gates_GateMutexPri_leave__E)
                  00821000    00000100                 : BIOS.obj (.text:ti_sysbios_knl_Clock_startI__E)
                  00821100    00000100     modelPreesm_pe66.oe66 (.text:ti_sysbios_knl_Swi_Object__create__S)
                  00821200    00000100     sysbios.lib : BIOS.obj (.text:ti_sysbios_knl_Swi_restoreHwi__E)
                  00821300    00000100     ti.targets.rts6000.ae66 : Core-mem.oe66 (.text:xdc_runtime_Core_deleteObject__I)
                  00821400    00000100                             : Startup.oe66 (.text:xdc_runtime_Startup_exec__F)
                  00821500    00000100                             : Text.oe66 (.text:xdc_runtime_Text_putMod__F)
                  00821600    00000100                             : Text.oe66 (.text:xdc_runtime_Text_visitRope2__I)
                  00821700    000000e0     rts6600_elf.lib : trgdrv.obj (.text:HOSTopen)
                  008217e0    000000e0                     : _printfi.obj (.text:_div)
                  008218c0    000000e0                     : atoi.obj (.text:atoi)
                  008219a0    000000e0                     : lowlev.obj (.text:close)
                  00821a80    000000e0                     : copy_zero_init.obj (.text:decompress:ZI:__TI_zero_init)
                  00821b60    000000e0                     : exit.obj (.text:exit)
                  00821c40    000000e0                     : ltoa.obj (.text:ltoa)
                  00821d20    000000e0                     : memset.obj (.text:memset)
                  00821e00    000000e0     modelPreesm_pe66.oe66 (.text:ti_sdo_ipc_GateMP_Object__create__S)
                  00821ee0    000000e0     modelPreesm_pe66.oe66 (.text:ti_sdo_ipc_ListMP_Object__create__S)
                  00821fc0    000000e0     ipc.lib : Ipc.obj (.text:ti_sdo_ipc_family_c647x_NotifySetup_attach__E)
                  008220a0    000000e0             : Ipc.obj (.text:ti_sdo_ipc_gates_GateHWSem_enter__E)
                  00822180    000000e0     modelPreesm_pe66.oe66 (.text:ti_sdo_ipc_heaps_HeapMemMP_Object__create__S)
                  00822260    000000e0     modelPreesm_pe66.oe66 (.text:ti_sdo_ipc_notifyDrivers_NotifyDriverShm_Object__create__S)
                  00822340    000000e0     sysbios.lib : BIOS.obj (.text:ti_sysbios_family_c64p_Hwi_Instance_finalize__F)
                  00822420    000000e0                 : BIOS.obj (.text:ti_sysbios_family_c64p_Hwi_Instance_init__F)
                  00822500    000000e0                 : BIOS.obj (.text:ti_sysbios_knl_Clock_start__E)
                  008225e0    000000e0                 : BIOS.obj (.text:ti_sysbios_timers_timer64_Timer_startup__E)
                  008226c0    000000e0     ti.targets.rts6000.ae66 : Error.oe66 (.text:xdc_runtime_Error_print__F)
                  008227a0    000000e0                             : Memory.oe66 (.text:xdc_runtime_Memory_alloc__F)
                  00822880    000000e0     modelPreesm_pe66.oe66 (.text:xdc_runtime_knl_GateThread_Object__create__S)
                  00822960    000000c0     Core1.obj (.text)
                  00822a20    000000c0     Core2.obj (.text)
                  00822ae0    000000c0     Core3.obj (.text)
                  00822ba0    000000c0     Core4.obj (.text)
                  00822c60    000000c0     Core5.obj (.text)
                  00822d20    000000c0     Core6.obj (.text)
                  00822de0    000000c0     rts6600_elf.lib : trgdrv.obj (.text:HOSTread)
                  00822ea0    000000c0                     : trgdrv.obj (.text:HOSTunlink)
                  00822f60    000000c0                     : trgdrv.obj (.text:HOSTwrite)
                  00823020    000000c0     ipc.lib : Ipc.obj (.text:HeapMemMP_create)
                  008230e0    000000c0             : Ipc.obj (.text:ListMP_create)
                  008231a0    000000c0     rts6600_elf.lib : dtor_list.obj (.text:__cxa_finalize)
                  00823260    000000c0                     : divu.obj (.text:__divu)
                  00823320    000000c0                     : fopen.obj (.text:_cleanup)
                  008233e0    000000c0                     : fflush.obj (.text:_doflush)
                  008234a0    000000c0     displayMatrix.obj (.text)
                  00823560    000000c0     rts6600_elf.lib : fseek.obj (.text:fseek)
                  00823620    000000c0                     : lowlev.obj (.text:lseek)
                  008236e0    000000c0     ipc.lib : Ipc.obj (.text:ti_sdo_ipc_GateMP_getRegion0ReservedSize__F)
                  008237a0    000000c0             : Ipc.obj (.text:ti_sdo_ipc_Notify_execMany__I)
                  00823860    000000c0             : Ipc.obj (.text:ti_sdo_ipc_family_c647x_Interrupt_intShmStub__I)
                  00823920    000000c0     sysbios.lib : BIOS.obj (.text:ti_sysbios_BIOS_errorRaiseHook__I)
                  008239e0    000000c0                 : BIOS.obj (.text:ti_sysbios_gates_GateAll_leave__E)
                  00823aa0    000000c0                 : BIOS.obj (.text:ti_sysbios_heaps_HeapMem_getStats__E)
                  00823b60    000000c0                 : BIOS.obj (.text:ti_sysbios_knl_Clock_logTick__E)
                  00823c20    000000c0                 : BIOS.obj (.text:ti_sysbios_knl_Swi_Instance_finalize__F)
                  00823ce0    000000c0                 : BIOS.obj (.text:ti_sysbios_timers_timer64_Timer_stop__E)
                  00823da0    000000c0     rts6600_elf.lib : lowlev.obj (.text:write)
                  00823e60    000000c0     ti.targets.rts6000.ae66 : System.oe66 (.text:xdc_runtime_System_formatNum__I)
                  00823f20    000000a0     rts6600_elf.lib : trgdrv.obj (.text:HOSTclose)
                  00823fc0    000000a0                     : fltulld.obj (.text:__c6xabi_fltulld)
                  00824060    000000a0                     : remu.obj (.text:__remu)
                  00824100    000000a0     boot.ae66 : boot.oe66 (.text:_c_int00)
                  008241a0    000000a0     rts6600_elf.lib : _printfi.obj (.text:_ecpy)
                  00824240    000000a0                     : _printfi.obj (.text:_fcpy)
                  008242e0    000000a0                     : _printfi.obj (.text:_pconv_f)
                  00824380    000000a0     sysbios.lib : c64p_Hwi_asm.obj (.text:_ti_sysbios_family_c64p_Hwi_plug__E)
                  00824420    000000a0     rts6600_elf.lib : lowlev.obj (.text:finddevice)
                  008244c0    000000a0                     : memcpy64.obj (.text:memcpy)
                  00824560    000000a0     ipc.lib : Ipc.obj (.text:ti_sdo_ipc_family_c647x_Interrupt_intUnregister__E)
                  00824600    000000a0             : Ipc.obj (.text:ti_sdo_ipc_gates_GatePeterson_leave__E)
                  008246a0    000000a0             : Ipc.obj (.text:ti_sdo_ipc_notifyDrivers_NotifyDriverShm_Instance_finalize__F)
                  00824740    000000a0     sysbios.lib : BIOS.obj (.text:ti_sysbios_heaps_HeapMem_init__I)
                  008247e0    000000a0     modelPreesm_pe66.oe66 (.text:ti_sysbios_knl_Clock_Object__create__S)
                  00824880    000000a0     ti.targets.rts6000.ae66 : Assert.oe66 (.text:xdc_runtime_Assert_raise__I)
                  00824920    00000080     ipc.lib : Ipc.obj (.text:GateMP_create)
                  008249a0    00000080     rts6600_elf.lib : dtor_list.obj (.text:_Z11__TI_atexitPFYvPvES_S_)
                  00824a20    00000080                     : fixdu.obj (.text:__c6xabi_fixdu)
                  00824aa0    00000080                     : llshift.obj (.text:__c6xabi_llshl)
                  00824b20    00000080     sysbios.lib : c62_TaskSupport_asm.obj (.text:_ti_sysbios_family_c62_TaskSupport_swap__E)
                  00824ba0    00000080     modelPreesm_pe66.oe66 (.text:malloc)
                  00824c20    00000080     rts6600_elf.lib : printf.obj (.text:printf)
                  00824ca0    00000080                     : trgmsg.obj (.text:readmsg)
                  00824d20    00000080     modelPreesm_pe66.oe66 (.text:ti_sdo_ipc_gates_GateHWSem_Object__create__S)
                  00824da0    00000080     modelPreesm_pe66.oe66 (.text:ti_sdo_ipc_gates_GateMPSupportNull_Object__create__S)
                  00824e20    00000080     ipc.lib : Ipc.obj (.text:ti_sdo_ipc_nsremote_NameServerRemoteNotify_detach__E)
                  00824ea0    00000080             : Ipc.obj (.text:ti_sdo_ipc_transports_TransportShm_swiFxn__I)
                  00824f20    00000080     modelPreesm_pe66.oe66 (.text:ti_sdo_utils_List_Object__create__S)
                  00824fa0    00000080     modelPreesm_pe66.oe66 (.text:ti_sysbios_BIOS_exitFunc__I)
                  00825020    00000080     sysbios.lib : BIOS.obj (.text:ti_sysbios_BIOS_exit__E)
                  008250a0    00000080                 : BIOS.obj (.text:ti_sysbios_family_c62_TaskSupport_start__E)
                  00825120    00000080                 : BIOS.obj (.text:ti_sysbios_family_c64p_Exception_Module_startup__F)
                  008251a0    00000080                 : BIOS.obj (.text:ti_sysbios_family_c64p_Hwi_eventMap__E)
                  00825220    00000080                 : BIOS.obj (.text:ti_sysbios_family_c66_Cache_invL1pAll__E)
                  008252a0    00000080     modelPreesm_pe66.oe66 (.text:ti_sysbios_gates_GateAll_Object__create__S)
                  00825320    00000080     modelPreesm_pe66.oe66 (.text:ti_sysbios_gates_GateHwi_Object__create__S)
                  008253a0    00000080     modelPreesm_pe66.oe66 (.text:ti_sysbios_gates_GateMutexPri_Object__create__S)
                  00825420    00000080     modelPreesm_pe66.oe66 (.text:ti_sysbios_gates_GateMutex_Object__create__S)
                  008254a0    00000080     modelPreesm_pe66.oe66 (.text:ti_sysbios_gates_GateSwi_Object__create__S)
                  00825520    00000080     sysbios.lib : BIOS.obj (.text:ti_sysbios_gates_GateSwi_leave__E)
                  008255a0    00000080                 : BIOS.obj (.text:ti_sysbios_hal_Hwi_checkStack:ti_sysbios_hal_Hwi_checkStack)
                  00825620    00000080     modelPreesm_pe66.oe66 (.text:ti_sysbios_heaps_HeapMem_Object__create__S)
                  008256a0    00000080     sysbios.lib : BIOS.obj (.text:ti_sysbios_knl_Clock_Module_startup__F)
                  00825720    00000080     modelPreesm_pe66.oe66 (.text:ti_sysbios_knl_Clock_doTick__I)
                  008257a0    00000080     sysbios.lib : BIOS.obj (.text:ti_sysbios_knl_Clock_getTicks__E)
                  00825820    00000080                 : BIOS.obj (.text:ti_sysbios_knl_Idle_loop__E)
                  008258a0    00000080     modelPreesm_pe66.oe66 (.text:ti_sysbios_knl_Queue_Object__create__S)
                  00825920    00000080     modelPreesm_pe66.oe66 (.text:ti_sysbios_knl_Semaphore_Object__create__S)
                  008259a0    00000080     sysbios.lib : BIOS.obj (.text:ti_sysbios_knl_Semaphore_pendTimeout__I)
                  00825a20    00000080                 : BIOS.obj (.text:ti_sysbios_knl_Swi_startup__E)
                  00825aa0    00000080                 : BIOS.obj (.text:ti_sysbios_knl_Task_restore__E)
                  00825b20    00000080                 : BIOS.obj (.text:ti_sysbios_timers_timer64_Timer_getCount__E)
                  00825ba0    00000080                 : BIOS.obj (.text:ti_sysbios_timers_timer64_Timer_getPeriod__E)
                  00825c20    00000080     modelPreesm_pe66.oe66 (.text:ti_sysbios_xdcruntime_GateThreadSupport_Object__create__S)
                  00825ca0    00000080     rts6600_elf.lib : lowlev.obj (.text:unlink)
                  00825d20    00000080     ti.targets.rts6000.ae66 : Core-label.oe66 (.text:xdc_runtime_Core_assignLabel__I)
                  00825da0    00000080                             : Core-params.oe66 (.text:xdc_runtime_Core_assignParams__I)
                  00825e20    00000080                             : System.oe66 (.text:xdc_runtime_System_atexit__F)
                  00825ea0    00000080                             : System.oe66 (.text:xdc_runtime_System_rtsExit__I)
                  00825f20    00000080                             : Text.oe66 (.text:xdc_runtime_Text_printVisFxn__I)
                  00825fa0    00000080                             : Text.oe66 (.text:xdc_runtime_Text_xprintf__I)
                  00826020    00000060     ipc.lib : Ipc.obj (.text:GateMP_Params_init)
                  00826080    00000060             : Ipc.obj (.text:HeapMemMP_Params_init)
                  008260e0    00000060     rts6600_elf.lib : frcmpyd_div.obj (.text:__c6xabi_frcmpyd_div)
                  00826140    00000060                     : llshift.obj (.text:__c6xabi_llshru)
                  008261a0    00000060                     : imath64.obj (.text:_subcull)
                  00826200    00000060                     : memccpy.obj (.text:memccpy)
                  00826260    00000060     modelPreesm_pe66.oe66 (.text:ti_sdo_ipc_GateMP_Object__delete__S)
                  008262c0    00000060     modelPreesm_pe66.oe66 (.text:ti_sdo_ipc_ListMP_Object__delete__S)
                  00826320    00000060     ipc.lib : Ipc.obj (.text:ti_sdo_ipc_family_c647x_NotifySetup_sharedMemReq__E)
                  00826380    00000060     modelPreesm_pe66.oe66 (.text:ti_sdo_ipc_gates_GateHWSem_Object__delete__S)
                  008263e0    00000060     ipc.lib : Ipc.obj (.text:ti_sdo_ipc_gates_GateHWSem_leave__E)
                  00826440    00000060     modelPreesm_pe66.oe66 (.text:ti_sdo_ipc_gates_GateMPSupportNull_Object__delete__S)
                  008264a0    00000060     ipc.lib : Ipc.obj (.text:ti_sdo_ipc_gates_GatePeterson_Instance_finalize__F)
                  00826500    00000060     modelPreesm_pe66.oe66 (.text:ti_sdo_ipc_gates_GatePeterson_Object__delete__S)
                  00826560    00000060     ipc.lib : Ipc.obj (.text:ti_sdo_ipc_gates_GatePeterson_sharedMemReq__E)
                  008265c0    00000060     modelPreesm_pe66.oe66 (.text:ti_sdo_ipc_heaps_HeapMemMP_Object__delete__S)
                  00826620    00000060     modelPreesm_pe66.oe66 (.text:ti_sdo_ipc_notifyDrivers_NotifyDriverShm_Object__delete__S)
                  00826680    00000060     ipc.lib : Ipc.obj (.text:ti_sdo_ipc_notifyDrivers_NotifyDriverShm_setNotifyHandle__E)
                  008266e0    00000060     modelPreesm_pe66.oe66 (.text:ti_sdo_ipc_nsremote_NameServerRemoteNotify_Object__delete__S)
                  00826740    00000060     ipc.lib : Ipc.obj (.text:ti_sdo_ipc_transports_TransportShmSetup_sharedMemReq__E)
                  008267a0    00000060     modelPreesm_pe66.oe66 (.text:ti_sdo_ipc_transports_TransportShm_Object__delete__S)
                  00826800    00000060     sysbios.lib : BIOS.obj (.text:ti_sysbios_BIOS_registerRTSLock__I)
                  00826860    00000060     modelPreesm_pe66.oe66 (.text:ti_sysbios_family_c64p_Hwi_Object__delete__S)
                  008268c0    00000060     modelPreesm_pe66.oe66 (.text:ti_sysbios_gates_GateAll_Object__delete__S)
                  00826920    00000060     sysbios.lib : BIOS.obj (.text:ti_sysbios_gates_GateAll_enter__E)
                  00826980    00000060     modelPreesm_pe66.oe66 (.text:ti_sysbios_gates_GateHwi_Object__delete__S)
                  008269e0    00000060     modelPreesm_pe66.oe66 (.text:ti_sysbios_gates_GateMutexPri_Object__delete__S)
                  00826a40    00000060     sysbios.lib : BIOS.obj (.text:ti_sysbios_gates_GateMutex_Instance_init__F)
                  00826aa0    00000060     modelPreesm_pe66.oe66 (.text:ti_sysbios_gates_GateMutex_Object__delete__S)
                  00826b00    00000060     modelPreesm_pe66.oe66 (.text:ti_sysbios_gates_GateSwi_Object__delete__S)
                  00826b60    00000060     sysbios.lib : BIOS.obj (.text:ti_sysbios_hal_Hwi_initStack:ti_sysbios_hal_Hwi_initStack)
                  00826bc0    00000060     modelPreesm_pe66.oe66 (.text:ti_sysbios_heaps_HeapMem_Object__delete__S)
                  00826c20    00000060     sysbios.lib : BIOS.obj (.text:ti_sysbios_knl_Swi_Module_startup__F)
                  00826c80    00000060                 : BIOS.obj (.text:ti_sysbios_knl_Task_allBlockedFunction__I)
                  00826ce0    00000060                 : BIOS.obj (.text:ti_sysbios_knl_Task_enter__I)
                  00826d40    00000060     modelPreesm_pe66.oe66 (.text:ti_sysbios_xdcruntime_GateThreadSupport_Object__delete__S)
                  00826da0    00000060     rts6600_elf.lib : trgmsg.obj (.text:writemsg)
                  00826e00    00000060     modelPreesm_pe66.oe66 (.text:xdc_runtime_GateNull_Object__create__S)
                  00826e60    00000060     modelPreesm_pe66.oe66 (.text:xdc_runtime_GateNull_Object__delete__S)
                  00826ec0    00000060     ti.targets.rts6000.ae66 : Memory.oe66 (.text:xdc_runtime_Memory_calloc__F)
                  00826f20    00000060                             : Memory.oe66 (.text:xdc_runtime_Memory_valloc__F)
                  00826f80    00000060                             : SysStd.oe66 (.text:xdc_runtime_SysStd_abort__F)
                  00826fe0    00000060                             : System.oe66 (.text:xdc_runtime_System_avprintf__F)
                  00827040    00000060                             : System.oe66 (.text:xdc_runtime_System_vprintf__F)
                  008270a0    00000060                             : Text.oe66 (.text:xdc_runtime_Text_cordText__F)
                  00827100    00000060     modelPreesm_pe66.oe66 (.text:xdc_runtime_knl_GateThread_Object__delete__S)
                  00827160    00000040     rts6600_elf.lib : isinf.obj (.text:__c6xabi_isinf)
                  008271a0    00000040                     : _printfi.obj (.text:__c6xabi_isnan)
                  008271e0    00000040                     : strasg.obj (.text:__strasgi_64plus)
                  00827220    00000040                     : args_main.obj (.text:_args_main)
                  00827260    00000040     sysbios.lib : c62_TaskSupport_asm.obj (.text:_ti_sysbios_family_c62_TaskSupport_buildTaskStack)
                  008272a0    00000040                 : c64p_Hwi_asm_switch.obj (.text:_ti_sysbios_family_xxx_Hwi_switchToIsrStack)
                  008272e0    00000040     modelPreesm_pe66.oe66 (.text:free)
                  00827320    00000040     sysbios.lib : BIOS.obj (.text:rtsLock$0)
                  00827360    00000040     ipc.lib : Ipc.obj (.text:ti_sdo_ipc_family_c647x_Interrupt_intClear__E)
                  008273a0    00000040             : Ipc.obj (.text:ti_sdo_ipc_family_c647x_Interrupt_intSend__E)
                  008273e0    00000040     modelPreesm_pe66.oe66 (.text:ti_sdo_ipc_gates_GateHWSem_Handle__label__S)
                  00827420    00000040     modelPreesm_pe66.oe66 (.text:ti_sdo_ipc_gates_GateMPSupportNull_Handle__label__S)
                  00827460    00000040     modelPreesm_pe66.oe66 (.text:ti_sdo_ipc_gates_GatePeterson_Handle__label__S)
                  008274a0    00000040     modelPreesm_pe66.oe66 (.text:ti_sdo_ipc_heaps_HeapMemMP_Handle__label__S)
                  008274e0    00000040     modelPreesm_pe66.oe66 (.text:ti_sdo_ipc_notifyDrivers_NotifyDriverShm_Handle__label__S)
                  00827520    00000040     ipc.lib : Ipc.obj (.text:ti_sdo_ipc_notifyDrivers_NotifyDriverShm_disable__E)
                  00827560    00000040             : Ipc.obj (.text:ti_sdo_ipc_notifyDrivers_NotifyDriverShm_enable__E)
                  008275a0    00000040     modelPreesm_pe66.oe66 (.text:ti_sdo_ipc_nsremote_NameServerRemoteNotify_Handle__label__S)
                  008275e0    00000040     ipc.lib : Ipc.obj (.text:ti_sdo_ipc_nsremote_NameServerRemoteNotify_sharedMemReq__E)
                  00827620    00000040     modelPreesm_pe66.oe66 (.text:ti_sdo_ipc_transports_TransportShm_Handle__label__S)
                  00827660    00000040     modelPreesm_pe66.oe66 (.text:ti_sdo_utils_NameServer_Module__startupDone__F)
                  008276a0    00000040     modelPreesm_pe66.oe66 (.text:ti_sdo_utils_NameServer_Object__get__S)
                  008276e0    00000040     modelPreesm_pe66.oe66 (.text:ti_sysbios_BIOS_startFunc__I)
                  00827720    00000040     sysbios.lib : BIOS.obj (.text:ti_sysbios_BIOS_start__E)
                  00827760    00000040     modelPreesm_pe66.oe66 (.text:ti_sysbios_family_c64p_Hwi_Module__startupDone__F)
                  008277a0    00000040     sysbios.lib : BIOS.obj (.text:ti_sysbios_family_c64p_Hwi_disableInterrupt__E)
                  008277e0    00000040                 : BIOS.obj (.text:ti_sysbios_family_c64p_Hwi_enableInterrupt__E)
                  00827820    00000040     modelPreesm_pe66.oe66 (.text:ti_sysbios_gates_GateAll_Handle__label__S)
                  00827860    00000040     modelPreesm_pe66.oe66 (.text:ti_sysbios_gates_GateHwi_Handle__label__S)
                  008278a0    00000040     modelPreesm_pe66.oe66 (.text:ti_sysbios_gates_GateMutexPri_Handle__label__S)
                  008278e0    00000040     sysbios.lib : BIOS.obj (.text:ti_sysbios_gates_GateMutexPri_Instance_finalize__F)
                  00827920    00000040                 : BIOS.obj (.text:ti_sysbios_gates_GateMutexPri_Instance_init__F)
                  00827960    00000040     modelPreesm_pe66.oe66 (.text:ti_sysbios_gates_GateMutexPri_Object__destruct__S)
                  008279a0    00000040     modelPreesm_pe66.oe66 (.text:ti_sysbios_gates_GateMutex_Handle__label__S)
                  008279e0    00000040     sysbios.lib : BIOS.obj (.text:ti_sysbios_gates_GateMutex_Instance_finalize__F)
                  00827a20    00000040                 : BIOS.obj (.text:ti_sysbios_gates_GateMutex_leave__E)
                  00827a60    00000040     modelPreesm_pe66.oe66 (.text:ti_sysbios_gates_GateSwi_Handle__label__S)
                  00827aa0    00000040     modelPreesm_pe66.oe66 (.text:ti_sysbios_hal_Timer_Module__startupDone__F)
                  00827ae0    00000040     modelPreesm_pe66.oe66 (.text:ti_sysbios_heaps_HeapMem_Handle__label__S)
                  00827b20    00000040     modelPreesm_pe66.oe66 (.text:ti_sysbios_heaps_HeapMem_Object__get__S)
                  00827b60    00000040     modelPreesm_pe66.oe66 (.text:ti_sysbios_knl_Clock_Object__destruct__S)
                  00827ba0    00000040     sysbios.lib : BIOS.obj (.text:ti_sysbios_knl_Semaphore_Instance_finalize__F)
                  00827be0    00000040     modelPreesm_pe66.oe66 (.text:ti_sysbios_knl_Semaphore_Object__destruct__S)
                  00827c20    00000040     modelPreesm_pe66.oe66 (.text:ti_sysbios_knl_Swi_Object__destruct__S)
                  00827c60    00000040     modelPreesm_pe66.oe66 (.text:ti_sysbios_knl_Swi_Object__get__S)
                  00827ca0    00000040     modelPreesm_pe66.oe66 (.text:ti_sysbios_knl_Task_Object__get__S)
                  00827ce0    00000040     sysbios.lib : BIOS.obj (.text:ti_sysbios_knl_Task_sleepTimeout__I)
                  00827d20    00000040     modelPreesm_pe66.oe66 (.text:ti_sysbios_timers_timer64_Timer_Module__startupDone__F)
                  00827d60    00000040     sysbios.lib : BIOS.obj (.text:ti_sysbios_xdcruntime_GateThreadSupport_Instance_finalize__F)
                  00827da0    00000040                 : BIOS.obj (.text:ti_sysbios_xdcruntime_GateThreadSupport_Instance_init__F)
                  00827de0    00000040                 : BIOS.obj (.text:ti_sysbios_xdcruntime_GateThreadSupport_enter__F)
                  00827e20    00000040                 : BIOS.obj (.text:ti_sysbios_xdcruntime_GateThreadSupport_leave__F)
                  00827e60    00000040     ti.targets.rts6000.ae66 : Error.oe66 (.text:xdc_runtime_Error_check__F)
                  00827ea0    00000040                             : Error.oe66 (.text:xdc_runtime_Error_init__F)
                  00827ee0    00000040     modelPreesm_pe66.oe66 (.text:xdc_runtime_GateNull_Handle__label__S)
                  00827f20    00000040     ti.targets.rts6000.ae66 : Gate.oe66 (.text:xdc_runtime_Gate_leaveSystem__F)
                  00827f60    00000040                             : Memory.oe66 (.text:xdc_runtime_Memory_free__F)
                  00827fa0    00000040                             : Registry.oe66 (.text:xdc_runtime_Registry_findById__F)
                  00827fe0    00000040                             : System.oe66 (.text:xdc_runtime_System_abort__F)
                  00828020    00000040     modelPreesm_pe66.oe66 (.text:xdc_runtime_System_aprintf__E)
                  00828060    00000040     modelPreesm_pe66.oe66 (.text:xdc_runtime_System_printf__E)
                  008280a0    00000040     ti.targets.rts6000.ae66 : Text.oe66 (.text:xdc_runtime_Text_ropeText__F)
                  008280e0    00000040     modelPreesm_pe66.oe66 (.text:xdc_runtime_knl_GateThread_Handle__label__S)
                  00828120    00000040     ti.targets.rts6000.ae66 : GateThread.oe66 (.text:xdc_runtime_knl_GateThread_Instance_finalize__F)
                  00828160    00000040                             : GateThread.oe66 (.text:xdc_runtime_knl_GateThread_Instance_init__F)
                  008281a0    00000020     ipc.lib : Ipc.obj (.text:GateMP_delete)
                  008281c0    00000020             : Ipc.obj (.text:MultiProc_self)
                  008281e0    00000020     rts6600_elf.lib : negll.obj (.text:__c6xabi_negll)
                  00828200    00000020                     : dtor_list.obj (.text:__cxa_atexit)
                  00828220    00000020                     : dtor_list.obj (.text:__cxa_ia64_exit)
                  00828240    00000020     ti.targets.rts6000.ae66 : xdc_noinit.oe66 (.text:__xdc__init)
                  00828260    00000020     rts6600_elf.lib : _lock.obj (.text:_nop)
                  00828280    00000020                     : printf.obj (.text:_outc)
                  008282a0    00000020                     : printf.obj (.text:_outs)
                  008282c0    00000020                     : _lock.obj (.text:_register_lock)
                  008282e0    00000020                     : _lock.obj (.text:_register_unlock)
                  00828300    00000020     sysbios.lib : c62_TaskSupport_asm.obj (.text:_ti_sysbios_family_c62_TaskSupport_glue)
                  00828320    00000020                 : c64p_Hwi_asm_switch.obj (.text:_ti_sysbios_family_xxx_Hwi_switchToTaskStack)
                  00828340    00000020     rts6600_elf.lib : exit.obj (.text:abort)
                  00828360    00000020                     : dtor_list.obj (.text:atexit)
                  00828380    00000020                     : copy_decompress_none.obj (.text:decompress:none:__TI_decompress_none)
                  008283a0    00000020                     : copy_decompress_rle.obj (.text:decompress:rle24:__TI_decompress_rle24)
                  008283c0    00000020     sysbios.lib : BIOS.obj (.text:nullFunc$0)
                  008283e0    00000020     rts6600_elf.lib : fputc.obj (.text:putc)
                  00828400    00000020                     : fputc.obj (.text:putchar)
                  00828420    00000020     modelPreesm_pe66.oe66 (.text:ti_sdo_ipc_GateMP_Params__init__S)
                  00828440    00000020     modelPreesm_pe66.oe66 (.text:ti_sdo_ipc_GateMP_RemoteCustom1Proxy_Object__create__S)
                  00828460    00000020     modelPreesm_pe66.oe66 (.text:ti_sdo_ipc_GateMP_RemoteCustom1Proxy_Object__delete__S)
                  00828480    00000020     modelPreesm_pe66.oe66 (.text:ti_sdo_ipc_GateMP_RemoteCustom1Proxy_Params__init__S)
                  008284a0    00000020     modelPreesm_pe66.oe66 (.text:ti_sdo_ipc_GateMP_RemoteCustom1Proxy_Proxy__abstract__S)
                  008284c0    00000020     modelPreesm_pe66.oe66 (.text:ti_sdo_ipc_GateMP_RemoteCustom1Proxy_Proxy__delegate__S)
                  008284e0    00000020     modelPreesm_pe66.oe66 (.text:ti_sdo_ipc_GateMP_RemoteCustom2Proxy_Object__create__S)
                  00828500    00000020     modelPreesm_pe66.oe66 (.text:ti_sdo_ipc_GateMP_RemoteCustom2Proxy_Object__delete__S)
                  00828520    00000020     modelPreesm_pe66.oe66 (.text:ti_sdo_ipc_GateMP_RemoteCustom2Proxy_Params__init__S)
                  00828540    00000020     modelPreesm_pe66.oe66 (.text:ti_sdo_ipc_GateMP_RemoteCustom2Proxy_Proxy__abstract__S)
                  00828560    00000020     modelPreesm_pe66.oe66 (.text:ti_sdo_ipc_GateMP_RemoteCustom2Proxy_Proxy__delegate__S)
                  00828580    00000020     modelPreesm_pe66.oe66 (.text:ti_sdo_ipc_GateMP_RemoteSystemProxy_Object__create__S)
                  008285a0    00000020     modelPreesm_pe66.oe66 (.text:ti_sdo_ipc_GateMP_RemoteSystemProxy_Object__delete__S)
                  008285c0    00000020     modelPreesm_pe66.oe66 (.text:ti_sdo_ipc_GateMP_RemoteSystemProxy_Params__init__S)
                  008285e0    00000020     modelPreesm_pe66.oe66 (.text:ti_sdo_ipc_GateMP_RemoteSystemProxy_Proxy__abstract__S)
                  00828600    00000020     modelPreesm_pe66.oe66 (.text:ti_sdo_ipc_GateMP_RemoteSystemProxy_Proxy__delegate__S)
                  00828620    00000020     ipc.lib : Ipc.obj (.text:ti_sdo_ipc_GateMP_getSharedAddr__F)
                  00828640    00000020     modelPreesm_pe66.oe66 (.text:ti_sdo_ipc_ListMP_Params__init__S)
                  00828660    00000020     modelPreesm_pe66.oe66 (.text:ti_sdo_ipc_MessageQ_Object__get__S)
                  00828680    00000020     modelPreesm_pe66.oe66 (.text:ti_sdo_ipc_Notify_Module_GateProxy_enter__E)
                  008286a0    00000020     modelPreesm_pe66.oe66 (.text:ti_sdo_ipc_Notify_Module_GateProxy_leave__E)
                  008286c0    00000020     ipc.lib : Ipc.obj (.text:ti_sdo_ipc_family_c647x_Interrupt_intDisable__E)
                  008286e0    00000020             : Ipc.obj (.text:ti_sdo_ipc_family_c647x_Interrupt_intEnable__E)
                  00828700    00000020             : Ipc.obj (.text:ti_sdo_ipc_family_c647x_NotifySetup_numIntLines__E)
                  00828720    00000020     modelPreesm_pe66.oe66 (.text:ti_sdo_ipc_gates_GateHWSem_Params__init__S)
                  00828740    00000020     ipc.lib : Ipc.obj (.text:ti_sdo_ipc_gates_GateHWSem_getReservedMask__E)
                  00828760    00000020             : Ipc.obj (.text:ti_sdo_ipc_gates_GateHWSem_query__F)
                  00828780    00000020             : Ipc.obj (.text:ti_sdo_ipc_gates_GateHWSem_sharedMemReq__E)
                  008287a0    00000020             : Ipc.obj (.text:ti_sdo_ipc_gates_GateMPSupportNull_Instance_init__F)
                  008287c0    00000020     modelPreesm_pe66.oe66 (.text:ti_sdo_ipc_gates_GateMPSupportNull_Params__init__S)
                  008287e0    00000020     ipc.lib : Ipc.obj (.text:ti_sdo_ipc_gates_GateMPSupportNull_getReservedMask__E)
                  00828800    00000020             : Ipc.obj (.text:ti_sdo_ipc_gates_GateMPSupportNull_query__F)
                  00828820    00000020             : Ipc.obj (.text:ti_sdo_ipc_gates_GateMPSupportNull_sharedMemReq__E)
                  00828840    00000020     modelPreesm_pe66.oe66 (.text:ti_sdo_ipc_gates_GatePeterson_Params__init__S)
                  00828860    00000020     ipc.lib : Ipc.obj (.text:ti_sdo_ipc_gates_GatePeterson_getReservedMask__E)
                  00828880    00000020             : Ipc.obj (.text:ti_sdo_ipc_gates_GatePeterson_query__F)
                  008288a0    00000020     modelPreesm_pe66.oe66 (.text:ti_sdo_ipc_heaps_HeapMemMP_Params__init__S)
                  008288c0    00000020     ipc.lib : Ipc.obj (.text:ti_sdo_ipc_heaps_HeapMemMP_isBlocking__F)
                  008288e0    00000020     modelPreesm_pe66.oe66 (.text:ti_sdo_ipc_notifyDrivers_NotifyDriverShm_Params__init__S)
                  00828900    00000020     modelPreesm_pe66.oe66 (.text:ti_sdo_ipc_nsremote_NameServerRemoteNotify_Object__first__S)
                  00828920    00000020     modelPreesm_pe66.oe66 (.text:ti_sdo_ipc_nsremote_NameServerRemoteNotify_Object__next__S)
                  00828940    00000020     modelPreesm_pe66.oe66 (.text:ti_sdo_ipc_nsremote_NameServerRemoteNotify_Params__init__S)
                  00828960    00000020     ipc.lib : Ipc.obj (.text:ti_sdo_ipc_nsremote_NameServerRemoteNotify_cbFxn__I)
                  00828980    00000020             : Ipc.obj (.text:ti_sdo_ipc_transports_TransportShmSetup_isRegistered__E)
                  008289a0    00000020     modelPreesm_pe66.oe66 (.text:ti_sdo_ipc_transports_TransportShm_Params__init__S)
                  008289c0    00000020     ipc.lib : Ipc.obj (.text:ti_sdo_ipc_transports_TransportShm_control__E)
                  008289e0    00000020             : Ipc.obj (.text:ti_sdo_ipc_transports_TransportShm_getStatus__E)
                  00828a00    00000020             : Ipc.obj (.text:ti_sdo_ipc_transports_TransportShm_notifyFxn__I)
                  00828a20    00000020             : Ipc.obj (.text:ti_sdo_ipc_transports_TransportShm_setErrFxn__F)
                  00828a40    00000020             : Ipc.obj (.text:ti_sdo_utils_List_Instance_init__F)
                  00828a60    00000020     modelPreesm_pe66.oe66 (.text:ti_sdo_utils_List_Object__destruct__S)
                  00828a80    00000020     modelPreesm_pe66.oe66 (.text:ti_sdo_utils_List_Object__get__S)
                  00828aa0    00000020     ipc.lib : Ipc.obj (.text:ti_sdo_utils_MultiProc_getClusterId__F)
                  00828ac0    00000020     modelPreesm_pe66.oe66 (.text:ti_sdo_utils_NameServer_Object__first__S)
                  00828ae0    00000020     modelPreesm_pe66.oe66 (.text:ti_sdo_utils_NameServer_Object__next__S)
                  00828b00    00000020     modelPreesm_pe66.oe66 (.text:ti_sysbios_BIOS_RtsGateProxy_enter__E)
                  00828b20    00000020     modelPreesm_pe66.oe66 (.text:ti_sysbios_BIOS_RtsGateProxy_leave__E)
                  00828b40    00000020     sysbios.lib : BIOS.obj (.text:ti_sysbios_BIOS_getCpuFreq__E)
                  00828b60    00000020                 : BIOS.obj (.text:ti_sysbios_BIOS_getThreadType__E)
                  00828b80    00000020                 : BIOS.obj (.text:ti_sysbios_BIOS_setThreadType__E)
                  00828ba0    00000020     modelPreesm_pe66.oe66 (.text:ti_sysbios_family_c62_TaskSupport_Module__startupDone__S)
                  00828bc0    00000020     sysbios.lib : BIOS.obj (.text:ti_sysbios_family_c62_TaskSupport_checkStack__E)
                  00828be0    00000020     modelPreesm_pe66.oe66 (.text:ti_sysbios_family_c64p_Hwi_Params__init__S)
                  00828c00    00000020     sysbios.lib : BIOS.obj (.text:ti_sysbios_family_c64p_Hwi_clearInterrupt__E)
                  00828c20    00000020                 : BIOS.obj (.text:ti_sysbios_family_c64p_Hwi_getHandle__E)
                  00828c40    00000020                 : BIOS.obj (.text:ti_sysbios_family_c64p_Hwi_startup__E)
                  00828c60    00000020                 : BIOS.obj (.text:ti_sysbios_family_c64p_Hwi_switchFromBootStack__E)
                  00828c80    00000020                 : BIOS.obj (.text:ti_sysbios_family_c64p_Hwi_unPluggedInterrupt__I)
                  00828ca0    00000020                 : BIOS.obj (.text:ti_sysbios_family_c64p_TimestampProvider_Module_startup__F)
                  00828cc0    00000020                 : BIOS.obj (.text:ti_sysbios_family_c64p_TimestampProvider_get64__E)
                  00828ce0    00000020                 : BIOS.obj (.text:ti_sysbios_family_c64p_tci6488_TimerSupport_enable__E)
                  00828d00    00000020                 : BIOS.obj (.text:ti_sysbios_family_c66_Cache_inv__E)
                  00828d20    00000020                 : BIOS.obj (.text:ti_sysbios_family_c66_Cache_wbInv__E)
                  00828d40    00000020                 : BIOS.obj (.text:ti_sysbios_gates_GateAll_Instance_init__F)
                  00828d60    00000020                 : BIOS.obj (.text:ti_sysbios_gates_GateAll_query__F)
                  00828d80    00000020                 : BIOS.obj (.text:ti_sysbios_gates_GateHwi_Instance_init__F)
                  00828da0    00000020                 : BIOS.obj (.text:ti_sysbios_gates_GateHwi_enter__E)
                  00828dc0    00000020                 : BIOS.obj (.text:ti_sysbios_gates_GateHwi_leave__E)
                  00828de0    00000020                 : BIOS.obj (.text:ti_sysbios_gates_GateHwi_query__F)
                  00828e00    00000020                 : BIOS.obj (.text:ti_sysbios_gates_GateMutexPri_query__F)
                  00828e20    00000020                 : BIOS.obj (.text:ti_sysbios_gates_GateMutex_query__F)
                  00828e40    00000020                 : BIOS.obj (.text:ti_sysbios_gates_GateSwi_Instance_init__F)
                  00828e60    00000020                 : BIOS.obj (.text:ti_sysbios_gates_GateSwi_query__F)
                  00828e80    00000020     modelPreesm_pe66.oe66 (.text:ti_sysbios_hal_Hwi_HwiProxy_Module__startupDone__S)
                  00828ea0    00000020     sysbios.lib : BIOS.obj (.text:ti_sysbios_hal_Hwi_Module_startup__F)
                  00828ec0    00000020                 : BIOS.obj (.text:ti_sysbios_hal_Timer_Module_startup__F)
                  00828ee0    00000020     modelPreesm_pe66.oe66 (.text:ti_sysbios_hal_Timer_TimerProxy_Module__startupDone__S)
                  00828f00    00000020     modelPreesm_pe66.oe66 (.text:ti_sysbios_hal_Timer_TimerProxy_getExpiredCounts__E)
                  00828f20    00000020     modelPreesm_pe66.oe66 (.text:ti_sysbios_hal_Timer_TimerProxy_getPeriod__E)
                  00828f40    00000020     modelPreesm_pe66.oe66 (.text:ti_sysbios_hal_Timer_TimerProxy_setNextTick__E)
                  00828f60    00000020     modelPreesm_pe66.oe66 (.text:ti_sysbios_heaps_HeapMem_Module_GateProxy_enter__E)
                  00828f80    00000020     modelPreesm_pe66.oe66 (.text:ti_sysbios_heaps_HeapMem_Module_GateProxy_leave__E)
                  00828fa0    00000020     sysbios.lib : BIOS.obj (.text:ti_sysbios_heaps_HeapMem_isBlocking__E)
                  00828fc0    00000020     modelPreesm_pe66.oe66 (.text:ti_sysbios_knl_Clock_Params__init__S)
                  00828fe0    00000020     sysbios.lib : BIOS.obj (.text:ti_sysbios_knl_Queue_Instance_init__F)
                  00829000    00000020     modelPreesm_pe66.oe66 (.text:ti_sysbios_knl_Queue_Object__destruct__S)
                  00829020    00000020     modelPreesm_pe66.oe66 (.text:ti_sysbios_knl_Queue_Object__get__S)
                  00829040    00000020     sysbios.lib : BIOS.obj (.text:ti_sysbios_knl_Queue_empty__E)
                  00829060    00000020     modelPreesm_pe66.oe66 (.text:ti_sysbios_knl_Semaphore_Params__init__S)
                  00829080    00000020     modelPreesm_pe66.oe66 (.text:ti_sysbios_knl_Swi_Params__init__S)
                  008290a0    00000020     sysbios.lib : BIOS.obj (.text:ti_sysbios_knl_Swi_disable__E)
                  008290c0    00000020     modelPreesm_pe66.oe66 (.text:ti_sysbios_knl_Task_Object__first__S)
                  008290e0    00000020     modelPreesm_pe66.oe66 (.text:ti_sysbios_knl_Task_Object__next__S)
                  00829100    00000020     modelPreesm_pe66.oe66 (.text:ti_sysbios_knl_Task_SupportProxy_Module__startupDone__S)
                  00829120    00000020     sysbios.lib : BIOS.obj (.text:ti_sysbios_knl_Task_disable__E)
                  00829140    00000020                 : BIOS.obj (.text:ti_sysbios_knl_Task_getPri__E)
                  00829160    00000020                 : BIOS.obj (.text:ti_sysbios_knl_Task_self__E)
                  00829180    00000020                 : BIOS.obj (.text:ti_sysbios_timers_timer64_Timer_setNextTick__E)
                  008291a0    00000020     ti.targets.rts6000.ae66 : GateNull.oe66 (.text:xdc_runtime_GateNull_enter__F)
                  008291c0    00000020                             : GateNull.oe66 (.text:xdc_runtime_GateNull_leave__F)
                  008291e0    00000020                             : GateNull.oe66 (.text:xdc_runtime_GateNull_query__F)
                  00829200    00000020                             : Gate.oe66 (.text:xdc_runtime_Gate_enterSystem__F)
                  00829220    00000020     modelPreesm_pe66.oe66 (.text:xdc_runtime_IHeap_alloc)
                  00829240    00000020     modelPreesm_pe66.oe66 (.text:xdc_runtime_IHeap_free)
                  00829260    00000020     modelPreesm_pe66.oe66 (.text:xdc_runtime_Memory_HeapProxy_alloc__E)
                  00829280    00000020     modelPreesm_pe66.oe66 (.text:xdc_runtime_Memory_HeapProxy_free__E)
                  008292a0    00000020     ti.targets.rts6000.ae66 : Memory.oe66 (.text:xdc_runtime_Memory_getMaxDefaultTypeAlign__F)
                  008292c0    00000020     modelPreesm_pe66.oe66 (.text:xdc_runtime_Startup_Module__startupDone__S)
                  008292e0    00000020     modelPreesm_pe66.oe66 (.text:xdc_runtime_Startup_exec__I)
                  00829300    00000020     modelPreesm_pe66.oe66 (.text:xdc_runtime_Startup_reset__I)
                  00829320    00000020     ti.targets.rts6000.ae66 : Startup.oe66 (.text:xdc_runtime_Startup_rtsDone__F)
                  00829340    00000020                             : SysStd.oe66 (.text:xdc_runtime_SysStd_exit__F)
                  00829360    00000020                             : SysStd.oe66 (.text:xdc_runtime_SysStd_putch__F)
                  00829380    00000020                             : SysStd.oe66 (.text:xdc_runtime_SysStd_ready__F)
                  008293a0    00000020     modelPreesm_pe66.oe66 (.text:xdc_runtime_System_Module_GateProxy_enter__E)
                  008293c0    00000020     modelPreesm_pe66.oe66 (.text:xdc_runtime_System_Module_GateProxy_leave__E)
                  008293e0    00000020     ti.targets.rts6000.ae66 : System.oe66 (.text:xdc_runtime_System_Module_startup__F)
                  00829400    00000020                             : System.oe66 (.text:xdc_runtime_System_exit__F)
                  00829420    00000020                             : System.oe66 (.text:xdc_runtime_System_lastFxn__I)
                  00829440    00000020                             : System.oe66 (.text:xdc_runtime_System_vsprintf__F)
                  00829460    00000020     modelPreesm_pe66.oe66 (.text:xdc_runtime_Text_visitRope__I)
                  00829480    00000020     modelPreesm_pe66.oe66 (.text:xdc_runtime_knl_GateThread_Module__startupDone__S)
                  008294a0    00000020     modelPreesm_pe66.oe66 (.text:xdc_runtime_knl_GateThread_Proxy_Object__create__S)
                  008294c0    00000020     modelPreesm_pe66.oe66 (.text:xdc_runtime_knl_GateThread_Proxy_Object__delete__S)
                  008294e0    00000020     modelPreesm_pe66.oe66 (.text:xdc_runtime_knl_GateThread_Proxy_enter__E)
                  00829500    00000020     modelPreesm_pe66.oe66 (.text:xdc_runtime_knl_GateThread_Proxy_leave__E)
                  00829520    00000020     ti.targets.rts6000.ae66 : GateThread.oe66 (.text:xdc_runtime_knl_GateThread_enter__F)
                  00829540    00000020                             : GateThread.oe66 (.text:xdc_runtime_knl_GateThread_leave__F)

.far.1     0    00829560    00009038     UNINITIALIZED
                  00829560    00008034     modelPreesm_pe66.oe66 (.far)
                  00831594    00000004     --HOLE--
                  00831598    00001000     modelPreesm_pe66.oe66 (.far:taskStackSection)

.far.2     0    008325a0    000003a8     UNINITIALIZED
                  008325a0    00000190     semaphore6678.obj (.far)
                  00832730    00000140     rts6600_elf.lib : defs.obj (.far)
                  00832870    000000d8                     : trgdrv.obj (.far)

.far.3     0    00832950    00000020     UNINITIALIZED
                  00832950    00000020     communication.obj (.far)

.const     0    00832970    0000426e     
                  00832970    000025b8     modelPreesm_pe66.oe66 (.const:xdc_runtime_Text_charTab__A)
                  00834f28    0000042c     sysbios.lib : BIOS.obj (.const:.string)
                  00835354    0000000c     modelPreesm_pe66.oe66 (.const:ti_sysbios_family_c66_Cache_initSize__C)
                  00835360    00000400     modelPreesm_pe66.oe66 (.const:ti_sysbios_family_c66_Cache_marvalues__C)
                  00835760    00000174     modelPreesm_pe66.oe66 (.const:xdc_runtime_Text_nodeTab__A)
                  008358d4    00000008     ti.targets.rts6000.ae66 : System.oe66 (.const:.string)
                  008358dc    00000004                             : Assert.oe66 (.const:.string)
                  008358e0    00000101     rts6600_elf.lib : ctype.obj (.const:_ctypes_)
                  008359e1    00000003     --HOLE-- [fill = 0]
                  008359e4    000000d7     modelPreesm_pe66.oe66 (.const:.string)
                  00835abb    00000001     --HOLE-- [fill = 0]
                  00835abc    00000058     ti.targets.rts6000.ae66 : Error.oe66 (.const:.string)
                  00835b14    00000048     communication.obj (.const:.string)
                  00835b5c    00000048     displayMatrix.obj (.const:.string)
                  00835ba4    00000040     ti.targets.rts6000.ae66 : Text.oe66 (.const:.string)
                  00835be4    00000008     modelPreesm_pe66.oe66 (.const:ti_sysbios_knl_Idle_funcList__C)
                  00835bec    00000004     modelPreesm_pe66.oe66 (.const:ti_sdo_ipc_GateMP_A_invalidClose__C)
                  00835bf0    00000040     modelPreesm_pe66.oe66 (.const:xdc_runtime_Startup_sfxnTab__A)
                  00835c30    00000038     modelPreesm_pe66.oe66 (.const:ti_sdo_ipc_notifyDrivers_NotifyDriverShm_Module__FXNS__C)
                  00835c68    00000034     semaphore6678.obj (.const:.string)
                  00835c9c    00000034     modelPreesm_pe66.oe66 (.const:ti_sdo_ipc_GateMP_Object__PARAMS__C)
                  00835cd0    00000034     modelPreesm_pe66.oe66 (.const:ti_sdo_ipc_notifyDrivers_NotifyDriverShm_Object__PARAMS__C)
                  00835d04    00000030     modelPreesm_pe66.oe66 (.const:ti_sdo_ipc_heaps_HeapMemMP_Object__PARAMS__C)
                  00835d34    00000030     modelPreesm_pe66.oe66 (.const:ti_sysbios_family_c64p_Hwi_Object__PARAMS__C)
                  00835d64    0000002c     ti.targets.rts6000.ae66 : Startup.oe66 (.const:.string)
                  00835d90    0000002c     modelPreesm_pe66.oe66 (.const:ti_sdo_ipc_ListMP_Object__PARAMS__C)
                  00835dbc    0000002c     modelPreesm_pe66.oe66 (.const:ti_sdo_ipc_gates_GateHWSem_Module__FXNS__C)
                  00835de8    0000002c     modelPreesm_pe66.oe66 (.const:ti_sdo_ipc_gates_GateMPSupportNull_Module__FXNS__C)
                  00835e14    0000002c     modelPreesm_pe66.oe66 (.const:ti_sdo_ipc_gates_GatePeterson_Module__FXNS__C)
                  00835e40    00000028     generateMatrices.obj (.const:.string)
                  00835e68    00000028     modelPreesm_pe66.oe66 (.const:ti_sdo_ipc_heaps_HeapMemMP_Module__FXNS__C)
                  00835e90    00000028     modelPreesm_pe66.oe66 (.const:ti_sdo_ipc_nsremote_NameServerRemoteNotify_Module__FXNS__C)
                  00835eb8    00000028     modelPreesm_pe66.oe66 (.const:ti_sdo_ipc_transports_TransportShm_Module__FXNS__C)
                  00835ee0    00000028     modelPreesm_pe66.oe66 (.const:ti_sdo_ipc_transports_TransportShm_Object__PARAMS__C)
                  00835f08    00000028     modelPreesm_pe66.oe66 (.const:ti_sysbios_heaps_HeapMem_Module__FXNS__C)
                  00835f30    00000028     modelPreesm_pe66.oe66 (.const:ti_sysbios_knl_Swi_Object__PARAMS__C)
                  00835f58    00000024     modelPreesm_pe66.oe66 (.const:ti_sdo_ipc_gates_GateHWSem_Object__PARAMS__C)
                  00835f7c    00000024     modelPreesm_pe66.oe66 (.const:ti_sdo_ipc_gates_GateMPSupportNull_Object__PARAMS__C)
                  00835fa0    00000024     modelPreesm_pe66.oe66 (.const:ti_sdo_ipc_gates_GatePeterson_Object__PARAMS__C)
                  00835fc4    00000024     modelPreesm_pe66.oe66 (.const:ti_sysbios_gates_GateAll_Module__FXNS__C)
                  00835fe8    00000024     modelPreesm_pe66.oe66 (.const:ti_sysbios_gates_GateHwi_Module__FXNS__C)
                  0083600c    00000024     modelPreesm_pe66.oe66 (.const:ti_sysbios_gates_GateMutexPri_Module__FXNS__C)
                  00836030    00000024     modelPreesm_pe66.oe66 (.const:ti_sysbios_gates_GateMutex_Module__FXNS__C)
                  00836054    00000024     modelPreesm_pe66.oe66 (.const:ti_sysbios_gates_GateSwi_Module__FXNS__C)
                  00836078    00000024     modelPreesm_pe66.oe66 (.const:ti_sysbios_knl_Clock_Object__PARAMS__C)
                  0083609c    00000024     modelPreesm_pe66.oe66 (.const:ti_sysbios_knl_Semaphore_Object__PARAMS__C)
                  008360c0    00000024     modelPreesm_pe66.oe66 (.const:xdc_runtime_GateNull_Module__FXNS__C)
                  008360e4    00000024     modelPreesm_pe66.oe66 (.const:xdc_runtime_knl_GateThread_Module__FXNS__C)
                  00836108    00000023     rts6600_elf.lib : _printfi.obj (.const:.string)
                  0083612b    00000001     --HOLE-- [fill = 0]
                  0083612c    00000020     ti.targets.rts6000.ae66 : Core-mem.oe66 (.const:.string)
                  0083614c    00000020     modelPreesm_pe66.oe66 (.const:ti_sdo_ipc_GateMP_Object__DESC__C)
                  0083616c    00000020     modelPreesm_pe66.oe66 (.const:ti_sdo_ipc_ListMP_Object__DESC__C)
                  0083618c    00000020     modelPreesm_pe66.oe66 (.const:ti_sdo_ipc_Notify_Object__DESC__C)
                  008361ac    00000020     modelPreesm_pe66.oe66 (.const:ti_sdo_ipc_gates_GateHWSem_Object__DESC__C)
                  008361cc    00000020     modelPreesm_pe66.oe66 (.const:ti_sdo_ipc_gates_GateMPSupportNull_Object__DESC__C)
                  008361ec    00000020     modelPreesm_pe66.oe66 (.const:ti_sdo_ipc_gates_GatePeterson_Object__DESC__C)
                  0083620c    00000020     modelPreesm_pe66.oe66 (.const:ti_sdo_ipc_heaps_HeapMemMP_Object__DESC__C)
                  0083622c    00000020     modelPreesm_pe66.oe66 (.const:ti_sdo_ipc_notifyDrivers_NotifyDriverShm_Object__DESC__C)
                  0083624c    00000020     modelPreesm_pe66.oe66 (.const:ti_sdo_ipc_nsremote_NameServerRemoteNotify_Object__DESC__C)
                  0083626c    00000020     modelPreesm_pe66.oe66 (.const:ti_sdo_ipc_nsremote_NameServerRemoteNotify_Object__PARAMS__C)
                  0083628c    00000020     modelPreesm_pe66.oe66 (.const:ti_sdo_ipc_transports_TransportShm_Object__DESC__C)
                  008362ac    00000020     modelPreesm_pe66.oe66 (.const:ti_sdo_utils_List_Object__DESC__C)
                  008362cc    00000020     modelPreesm_pe66.oe66 (.const:ti_sysbios_family_c64p_Hwi_Object__DESC__C)
                  008362ec    00000020     modelPreesm_pe66.oe66 (.const:ti_sysbios_gates_GateAll_Object__DESC__C)
                  0083630c    00000020     modelPreesm_pe66.oe66 (.const:ti_sysbios_gates_GateHwi_Object__DESC__C)
                  0083632c    00000020     modelPreesm_pe66.oe66 (.const:ti_sysbios_gates_GateMutexPri_Object__DESC__C)
                  0083634c    00000020     modelPreesm_pe66.oe66 (.const:ti_sysbios_gates_GateMutex_Object__DESC__C)
                  0083636c    00000020     modelPreesm_pe66.oe66 (.const:ti_sysbios_gates_GateSwi_Object__DESC__C)
                  0083638c    00000020     modelPreesm_pe66.oe66 (.const:ti_sysbios_heaps_HeapMem_Object__DESC__C)
                  008363ac    00000020     modelPreesm_pe66.oe66 (.const:ti_sysbios_heaps_HeapMem_Object__PARAMS__C)
                  008363cc    00000020     modelPreesm_pe66.oe66 (.const:ti_sysbios_knl_Clock_Object__DESC__C)
                  008363ec    00000020     modelPreesm_pe66.oe66 (.const:ti_sysbios_knl_Queue_Object__DESC__C)
                  0083640c    00000020     modelPreesm_pe66.oe66 (.const:ti_sysbios_knl_Semaphore_Object__DESC__C)
                  0083642c    00000020     modelPreesm_pe66.oe66 (.const:ti_sysbios_knl_Swi_Object__DESC__C)
                  0083644c    00000020     modelPreesm_pe66.oe66 (.const:ti_sysbios_xdcruntime_GateThreadSupport_Object__DESC__C)
                  0083646c    00000020     modelPreesm_pe66.oe66 (.const:xdc_runtime_GateNull_Object__DESC__C)
                  0083648c    00000004     modelPreesm_pe66.oe66 (.const:ti_sdo_ipc_GateMP_A_invalidDelete__C)
                  00836490    00000020     modelPreesm_pe66.oe66 (.const:xdc_runtime_Startup_sfxnRts__A)
                  008364b0    00000020     modelPreesm_pe66.oe66 (.const:xdc_runtime_knl_GateThread_Object__DESC__C)
                  008364d0    00000018     main.obj (.const:.string)
                  008364e8    00000018     modelPreesm_pe66.oe66 (.const:ti_sdo_ipc_Notify_Object__PARAMS__C)
                  00836500    00000018     modelPreesm_pe66.oe66 (.const:ti_sdo_utils_List_Object__PARAMS__C)
                  00836518    00000018     modelPreesm_pe66.oe66 (.const:ti_sysbios_gates_GateAll_Object__PARAMS__C)
                  00836530    00000018     modelPreesm_pe66.oe66 (.const:ti_sysbios_gates_GateHwi_Object__PARAMS__C)
                  00836548    00000018     modelPreesm_pe66.oe66 (.const:ti_sysbios_gates_GateMutexPri_Object__PARAMS__C)
                  00836560    00000018     modelPreesm_pe66.oe66 (.const:ti_sysbios_gates_GateMutex_Object__PARAMS__C)
                  00836578    00000018     modelPreesm_pe66.oe66 (.const:ti_sysbios_gates_GateSwi_Object__PARAMS__C)
                  00836590    00000018     modelPreesm_pe66.oe66 (.const:ti_sysbios_knl_Queue_Object__PARAMS__C)
                  008365a8    00000008     modelPreesm_pe66.oe66 (.const:ti_sysbios_knl_Task_hooks__C)
                  008365b0    00000018     modelPreesm_pe66.oe66 (.const:ti_sysbios_knl_Task_hooks__A)
                  008365c8    00000018     modelPreesm_pe66.oe66 (.const:ti_sysbios_xdcruntime_GateThreadSupport_Object__PARAMS__C)
                  008365e0    00000018     modelPreesm_pe66.oe66 (.const:xdc_runtime_GateNull_Object__PARAMS__C)
                  008365f8    00000018     modelPreesm_pe66.oe66 (.const:xdc_runtime_knl_GateThread_Object__PARAMS__C)
                  00836610    00000011     ti.targets.rts6000.ae66 : System.oe66 (.const:digtohex)
                  00836621    00000003     --HOLE-- [fill = 0]
                  00836624    00000008     modelPreesm_pe66.oe66 (.const:xdc_runtime_Startup_firstFxns__C)
                  0083662c    00000004     modelPreesm_pe66.oe66 (.const:ti_sdo_ipc_GateMP_E_gateUnavailable__C)
                  00836630    00000010     modelPreesm_pe66.oe66 (.const:ti_sdo_ipc_family_c647x_MultiProcSetup_procMap__A)
                  00836640    00000010     modelPreesm_pe66.oe66 (.const:ti_sdo_utils_MultiProc_procIdList__A)
                  00836650    0000000c     modelPreesm_pe66.oe66 (.const:xdc_runtime_Startup_firstFxns__A)
                  0083665c    00000008     modelPreesm_pe66.oe66 (.const:xdc_runtime_Startup_lastFxns__C)
                  00836664    00000004     modelPreesm_pe66.oe66 (.const:ti_sdo_ipc_GateMP_E_localGate__C)
                  00836668    00000004     modelPreesm_pe66.oe66 (.const:ti_sdo_ipc_GateMP_LM_create__C)
                  0083666c    00000004     modelPreesm_pe66.oe66 (.const:ti_sdo_ipc_GateMP_LM_delete__C)
[...]
008368b0   ti_sysbios_BIOS_installedErrorHook__C
008368b4   ti_sysbios_family_c64p_Exception_E_exceptionMin__C
008368b8   ti_sysbios_family_c64p_Exception_exceptionHook__C
008368bc   ti_sysbios_family_c64p_Exception_externalHook__C
008368c0   ti_sysbios_family_c64p_Exception_internalHook__C
008368c4   ti_sysbios_family_c64p_Exception_nmiHook__C
008368c8   ti_sysbios_family_c64p_Hwi_E_alreadyDefined__C
008368cc   ti_sysbios_family_c64p_Hwi_E_handleNotFound__C
008368d0   ti_sysbios_family_c64p_Hwi_LD_end__C
008368d4   ti_sysbios_family_c64p_Hwi_LM_begin__C
008368d8   ti_sysbios_family_c64p_Hwi_Module__diagsEnabled__C
008368dc   ti_sysbios_family_c64p_Hwi_Module__diagsIncluded__C
008368e0   ti_sysbios_family_c64p_Hwi_Module__diagsMask__C
008368e4   ti_sysbios_family_c64p_Hwi_Module__loggerFxn1__C
008368e8   ti_sysbios_family_c64p_Hwi_Module__loggerFxn8__C
008368ec   ti_sysbios_family_c64p_Hwi_Module__loggerObj__C
008368f0   ti_sysbios_family_c66_Cache_atomicBlockSize__C
008368f4   ti_sysbios_gates_GateMutexPri_A_badContext__C
008368f8   ti_sysbios_gates_GateMutexPri_Instance_State_pendQ__O
008368fc   ti_sysbios_gates_GateMutexPri_Module__diagsEnabled__C
00836900   ti_sysbios_gates_GateMutexPri_Module__diagsIncluded__C
00836904   ti_sysbios_gates_GateMutexPri_Module__diagsMask__C
00836908   ti_sysbios_gates_GateMutex_A_badContext__C
0083690c   ti_sysbios_gates_GateMutex_Instance_State_sem__O
00836910   ti_sysbios_gates_GateMutex_Module__diagsEnabled__C
00836914   ti_sysbios_gates_GateMutex_Module__diagsIncluded__C
00836918   ti_sysbios_gates_GateMutex_Module__diagsMask__C
0083691c   ti_sysbios_gates_GateSwi_A_badContext__C
00836920   ti_sysbios_gates_GateSwi_Module__diagsEnabled__C
00836924   ti_sysbios_gates_GateSwi_Module__diagsIncluded__C
00836928   ti_sysbios_gates_GateSwi_Module__diagsMask__C
0083692c   ti_sysbios_hal_Hwi_E_stackOverflow__C
00836930   ti_sysbios_heaps_HeapMem_A_align__C
00836934   ti_sysbios_heaps_HeapMem_A_heapSize__C
00836938   ti_sysbios_heaps_HeapMem_A_invalidFree__C
0083693c   ti_sysbios_heaps_HeapMem_A_zeroBlock__C
00836940   ti_sysbios_heaps_HeapMem_E_memory__C
00836944   ti_sysbios_heaps_HeapMem_Module__diagsEnabled__C
00836948   ti_sysbios_heaps_HeapMem_Module__diagsIncluded__C
0083694c   ti_sysbios_heaps_HeapMem_Module__diagsMask__C
00836950   ti_sysbios_heaps_HeapMem_Module__gateObj__C
00836954   ti_sysbios_heaps_HeapMem_Object__count__C
00836958   ti_sysbios_heaps_HeapMem_reqAlignMask__C
0083695c   ti_sysbios_heaps_HeapMem_reqAlign__C
00836960   ti_sysbios_knl_Clock_A_badThreadType__C
00836964   ti_sysbios_knl_Clock_LM_begin__C
00836968   ti_sysbios_knl_Clock_LM_tick__C
0083696c   ti_sysbios_knl_Clock_LW_delayed__C
00836970   ti_sysbios_knl_Clock_Module_State_clockQ__O
00836974   ti_sysbios_knl_Clock_Module__diagsEnabled__C
00836978   ti_sysbios_knl_Clock_Module__diagsIncluded__C
0083697c   ti_sysbios_knl_Clock_Module__diagsMask__C
00836980   ti_sysbios_knl_Clock_Module__loggerFxn1__C
00836984   ti_sysbios_knl_Clock_Module__loggerFxn2__C
00836988   ti_sysbios_knl_Clock_Module__loggerObj__C
0083698c   ti_sysbios_knl_Clock_tickMode__C
00836990   ti_sysbios_knl_Clock_tickSource__C
00836994   ti_sysbios_knl_Semaphore_A_badContext__C
00836998   ti_sysbios_knl_Semaphore_A_noEvents__C
0083699c   ti_sysbios_knl_Semaphore_A_overflow__C
008369a0   ti_sysbios_knl_Idle_funcList__A
008369a4   ti_sysbios_knl_Semaphore_Instance_State_pendQ__O
008369a8   ti_sysbios_knl_Semaphore_LM_pend__C
008369ac   ti_sysbios_knl_Semaphore_LM_post__C
008369b0   ti_sysbios_knl_Semaphore_Module__diagsEnabled__C
008369b4   ti_sysbios_knl_Semaphore_Module__diagsIncluded__C
008369b8   ti_sysbios_knl_Semaphore_Module__diagsMask__C
008369bc   ti_sysbios_knl_Semaphore_Module__loggerFxn2__C
008369c0   ti_sysbios_knl_Semaphore_Module__loggerFxn4__C
008369c4   ti_sysbios_knl_Semaphore_Module__loggerObj__C
008369c8   ti_sysbios_knl_Swi_A_badPriority__C
008369cc   ti_sysbios_knl_Swi_LD_end__C
008369d0   ti_sysbios_knl_Swi_LM_begin__C
008369d4   ti_sysbios_knl_Swi_LM_post__C
008369d8   ti_sysbios_knl_Swi_Module__diagsEnabled__C
008369dc   ti_sysbios_knl_Swi_Module__diagsIncluded__C
008369e0   ti_sysbios_knl_Swi_Module__diagsMask__C
008369e4   ti_sysbios_knl_Swi_Module__loggerFxn1__C
008369e8   ti_sysbios_knl_Swi_Module__loggerFxn4__C
008369ec   ti_sysbios_knl_Swi_Module__loggerObj__C
008369f0   ti_sysbios_knl_Swi_Object__count__C
008369f4   ti_sysbios_knl_Task_A_badPriority__C
008369f8   ti_sysbios_knl_Task_A_badTimeout__C
008369fc   ti_sysbios_knl_Task_E_spOutOfBounds__C
00836a00   ti_sysbios_knl_Task_E_stackOverflow__C
00836a04   ti_sysbios_knl_Task_LD_block__C
00836a08   ti_sysbios_knl_Task_LD_exit__C
00836a0c   ti_sysbios_knl_Task_LD_ready__C
00836a10   ti_sysbios_knl_Task_LM_setPri__C
00836a14   ti_sysbios_knl_Task_LM_sleep__C
00836a18   ti_sysbios_knl_Task_LM_switch__C
00836a1c   ti_sysbios_knl_Task_LM_yield__C
00836a20   ti_sysbios_knl_Task_Module_State_inactiveQ__O
00836a24   ti_sysbios_knl_Task_Module_State_terminatedQ__O
00836a28   ti_sysbios_knl_Task_Module__diagsEnabled__C
00836a2c   ti_sysbios_knl_Task_Module__diagsIncluded__C
00836a30   ti_sysbios_knl_Task_Module__diagsMask__C
00836a34   ti_sysbios_knl_Task_Module__loggerFxn2__C
00836a38   ti_sysbios_knl_Task_Module__loggerFxn4__C
00836a3c   ti_sysbios_knl_Task_Module__loggerObj__C
00836a40   ti_sysbios_knl_Task_Object__count__C
00836a44   ti_sysbios_knl_Task_allBlockedFunc__C
00836a48   ti_sysbios_knl_Task_numConstructedTasks__C
00836a4c   ti_sysbios_knl_Task_numPriorities__C
00836a50   ti_sysbios_timers_timer64_Timer_A_notAvailable__C
00836a54   ti_sysbios_timers_timer64_Timer_E_cannotSupport__C
00836a58   ti_sysbios_timers_timer64_Timer_Module__diagsEnabled__C
00836a5c   ti_sysbios_timers_timer64_Timer_Module__diagsIncluded__C
00836a60   ti_sysbios_timers_timer64_Timer_Module__diagsMask__C
00836a64   ti_sysbios_timers_timer64_Timer_anyMask__C
00836a68   ti_sysbios_timers_timer64_Timer_freqDivisor__C
00836a6c   ti_sysbios_timers_timer64_Timer_numLocalTimers__C
00836a70   ti_sysbios_timers_timer64_Timer_numTimerDevices__C
00836a74   ti_sysbios_xdcruntime_GateThreadSupport_Instance_State_gate__O
00836a78   xdc_runtime_Assert_E_assertFailed__C
00836a7c   xdc_runtime_Core_A_initializedParams__C
00836a80   xdc_runtime_Core_Module__diagsEnabled__C
00836a84   xdc_runtime_Core_Module__diagsIncluded__C
00836a88   xdc_runtime_Core_Module__diagsMask__C
00836a8c   xdc_runtime_Error_E_generic__C
00836a90   xdc_runtime_Error_E_memory__C
00836a94   xdc_runtime_Error_Module__diagsEnabled__C
00836a98   xdc_runtime_Error_Module__diagsIncluded__C
00836a9c   xdc_runtime_Error_Module__diagsMask__C
00836aa0   xdc_runtime_Error_Module__loggerFxn8__C
00836aa4   xdc_runtime_Error_Module__loggerObj__C
00836aa8   xdc_runtime_Error_policy__C
00836aac   xdc_runtime_Error_raiseHook__C
00836ab0   xdc_runtime_IGateProvider_Interface__BASE__C
00836ab4   xdc_runtime_IHeap_Interface__BASE__C
00836ab8   xdc_runtime_IModule_Interface__BASE__C
00836abc   xdc_runtime_Log_L_error__C
00836ac0   xdc_runtime_Memory_defaultHeapInstance__C
00836ac4   xdc_runtime_Startup_execImpl__C
00836ac8   xdc_runtime_Startup_maxPasses__C
00836acc   xdc_runtime_Startup_sfxnRts__C
00836ad0   xdc_runtime_Startup_lastFxns__A
00836ad4   xdc_runtime_Startup_sfxnTab__C
00836ad8   xdc_runtime_System_Module__gateObj__C
00836adc   xdc_runtime_System_extendFxn__C
00836ae0   xdc_runtime_System_maxAtexitHandlers__C
00836ae4   xdc_runtime_Text_charTab__C
00836ae8   xdc_runtime_Text_nameEmpty__C
00836aec   xdc_runtime_Text_nameStatic__C
00836af0   xdc_runtime_Text_nameUnknown__C
00836af4   xdc_runtime_Text_nodeTab__C
00836af8   xdc_runtime_Text_visitRopeFxn__C
00836afc   ti_sdo_ipc_GateMP_Module__id__C
00836b00   ti_sdo_ipc_GateMP_Module__loggerDefined__C
00836b04   ti_sdo_ipc_Ipc_Module__id__C
00836b08   ti_sdo_ipc_Ipc_generateSlaveDataForHost__C
00836b0c   ti_sdo_ipc_ListMP_Module__id__C
00836b10   ti_sdo_ipc_MessageQ_Module__id__C
00836b14   ti_sdo_ipc_MessageQ_Module__loggerDefined__C
00836b18   ti_sdo_ipc_Notify_Module__id__C
00836b1c   ti_sdo_ipc_Notify_numLines__C
00836b20   ti_sdo_ipc_Notify_reservedEvents__C
00836b24   ti_sdo_ipc_SharedRegion_Module__id__C
00836b28   ti_sdo_ipc_SharedRegion_numEntries__C
00836b2c   ti_sdo_ipc_SharedRegion_translate__C
00836b30   ti_sdo_ipc_family_c647x_Interrupt_enableKick__C
00836b34   ti_sdo_ipc_family_c647x_MultiProcSetup_Module__id__C
00836b38   ti_sdo_ipc_gates_GateHWSem_Module__id__C
00836b3c   ti_sdo_ipc_gates_GateMPSupportNull_Module__id__C
00836b40   ti_sdo_ipc_gates_GatePeterson_Module__id__C
00836b44   ti_sdo_ipc_heaps_HeapMemMP_Module__id__C
00836b48   ti_sdo_ipc_notifyDrivers_NotifyDriverShm_Module__id__C
00836b4c   ti_sdo_ipc_nsremote_NameServerRemoteNotify_Module__id__C
00836b50   ti_sdo_ipc_transports_TransportShm_Module__id__C
00836b54   ti_sdo_ipc_transports_TransportShm_notifyEventId__C
00836b58   ti_sdo_utils_MultiProc_Module__id__C
00836b5c   ti_sdo_utils_MultiProc_numProcessors__C
00836b60   ti_sdo_utils_MultiProc_numProcsInCluster__C
00836b64   ti_sdo_utils_NameServer_Module__id__C
00836b68   ti_sdo_utils_NameServer_singleProcessor__C
00836b6c   ti_sysbios_BIOS_Module__id__C
00836b70   ti_sysbios_family_c64p_Exception_Module__id__C
00836b74   ti_sysbios_family_c64p_Hwi_Module__id__C
00836b78   ti_sysbios_family_c64p_Hwi_Module__loggerDefined__C
00836b7c   ti_sysbios_gates_GateMutexPri_Module__id__C
00836b80   ti_sysbios_gates_GateMutex_Module__id__C
00836b84   ti_sysbios_gates_GateSwi_Module__id__C
00836b88   ti_sysbios_hal_Hwi_Module__id__C
00836b8c   ti_sysbios_heaps_HeapMem_Module__id__C
00836b90   ti_sysbios_knl_Clock_Module__id__C
00836b94   ti_sysbios_knl_Clock_Module__loggerDefined__C
00836b98   ti_sysbios_knl_Semaphore_Module__id__C
00836b9c   ti_sysbios_knl_Semaphore_Module__loggerDefined__C
00836ba0   ti_sysbios_knl_Swi_Module__id__C
00836ba4   ti_sysbios_knl_Swi_Module__loggerDefined__C
00836ba8   ti_sysbios_knl_Task_Module__id__C
00836bac   ti_sysbios_knl_Task_Module__loggerDefined__C
00836bb0   ti_sysbios_knl_Task_deleteTerminatedTasks__C
00836bb4   ti_sysbios_knl_Task_initStackFlag__C
00836bb8   ti_sysbios_timers_timer64_Timer_Module__id__C
00836bbc   ti_sysbios_timers_timer64_Timer_startupNeeded__C
00836bc0   xdc_runtime_Core_Module__id__C
00836bc4   xdc_runtime_Error_Module__loggerDefined__C
00836bc8   xdc_runtime_Error_maxDepth__C
00836bcc   xdc_runtime_Memory_Module__id__C
00836bd0   xdc_runtime_Text_charCnt__C
00836bd4   xdc_runtime_Text_isLoaded__C
00836bd8   xdc_runtime_Text_registryModsLastId__C
00836bdc   xdc_runtime_Text_unnamedModsLastId__C
00836be0   ti_sdo_ipc_GateMP_Module_State_0_remoteCustom1Gates__A
008373e0   ti_sdo_ipc_GateMP_Module__root__V
008373e8   ti_sdo_ipc_GateMP_Module__state__V
00837430   ti_sdo_ipc_Ipc_Module__state__V
0083743c   ti_sdo_ipc_ListMP_Module__root__V
00837444   ti_sdo_ipc_ListMP_Module__state__V
00837448   ti_sdo_ipc_MessageQ_Module__root__V
00837450   ti_sdo_ipc_MessageQ_Module__state__V
0083746c   ti_sdo_ipc_Notify_Module__root__V
00837474   ti_sdo_ipc_Notify_Module__state__V
0083747c   ti_sdo_ipc_SharedRegion_Module__state__V
00837480   ti_sdo_ipc_family_c647x_Interrupt_Module__state__V
00837488   ti_sdo_ipc_gates_GateHWSem_Module__root__V
00837490   ti_sdo_ipc_gates_GateMPSupportNull_Module__root__V
00837498   ti_sdo_ipc_gates_GatePeterson_Module__root__V
008374a0   ti_sdo_ipc_heaps_HeapBufMP_Module__root__V
008374a8   ti_sdo_ipc_heaps_HeapBufMP_Module__state__V
008374ac   ti_sdo_ipc_heaps_HeapMemMP_Module__root__V
008374b4   ti_sdo_ipc_heaps_HeapMemMP_Module__state__V
008374b8   ti_sdo_ipc_notifyDrivers_NotifyDriverShm_Module__root__V
008374c0   ti_sdo_ipc_nsremote_NameServerRemoteNotify_Module__root__V
008374c8   ti_sdo_ipc_transports_TransportShm_Module__root__V
008374d0   ti_sdo_ipc_transports_TransportShmSetup_Module__state__V
008374d4   ti_sdo_utils_List_Module__root__V
008374dc   ti_sdo_utils_MultiProc_Module__state__V
008374e0   ti_sdo_utils_NameServer_Module__root__V
008374e8   ti_sdo_utils_NameServer_Module__state__V
008374f0   ti_sdo_utils_NameServerRemoteNull_Module__root__V
008374f8   ti_sysbios_BIOS_Module__state__V
00837514   ti_sysbios_family_c64p_Exception_Module__state__V
00837540   ti_sysbios_family_c64p_Hwi_Module__root__V
00837548   ti_sysbios_family_c64p_Hwi_Module__state__V
008375b0   ti_sysbios_gates_GateAll_Module__root__V
008375b8   ti_sysbios_gates_GateHwi_Module__root__V
008375c0   ti_sysbios_gates_GateMutex_Module__root__V
008375c8   ti_sysbios_gates_GateMutexPri_Module__root__V
008375d0   ti_sysbios_gates_GateSwi_Module__root__V
008375d8   ti_sysbios_hal_Hwi_Module__root__V
008375e0   ti_sysbios_hal_Timer_Module__root__V
008375e8   ti_sysbios_heaps_HeapMem_Module__root__V
008375f0   ti_sysbios_knl_Clock_Module__root__V
008375f8   ti_sysbios_knl_Clock_Module__state__V
00837624   ti_sysbios_knl_Queue_Module__root__V
0083762c   ti_sysbios_knl_Semaphore_Module__root__V
00837634   ti_sysbios_knl_Swi_Module__root__V
0083763c   ti_sysbios_knl_Swi_Module__state__V
00837658   ti_sysbios_knl_Task_Module__root__V
00837660   ti_sysbios_knl_Task_Module__state__V
00837694   ti_sysbios_syncs_SyncSem_Module__root__V
0083769c   ti_sysbios_timers_timer64_Timer_Module__root__V
008376a4   ti_sysbios_timers_timer64_Timer_Module__state__V
008376b8   ti_sysbios_xdcruntime_GateThreadSupport_Module__root__V
008376c0   xdc_runtime_Error_Module__state__V
008376c4   xdc_runtime_GateNull_Module__root__V
008376cc   xdc_runtime_Memory_Module__state__V
008376d0   xdc_runtime_Registry_Module__state__V
008376d8   xdc_runtime_Startup_Module__state__V
008376e0   xdc_runtime_System_Module__state__V
008376ec   xdc_runtime_Text_Module__state__V
008376f4   xdc_runtime_knl_GateThread_Module__root__V
008376fc   __xdc__init__addr
00837700   _ftable
008378e0   ti_sysbios_timers_timer64_Timer_Module_State_0_device__A
00837a60   ti_sdo_utils_NameServer_Object__table__V
00837b78   _lock
00837b7c   _unlock
00837c20   ti_sdo_ipc_Ipc_Module_State_0_procEntry__A
00837cc0   ti_sdo_ipc_SharedRegion_Module_State_0_regions__A
00837d50   ti_sysbios_knl_Task_Object__table__V
00837d94   TSK_idle
00837dd8   _ft_end
00837de0   ti_sdo_ipc_GateMP_Module_State_0_remoteSystemGates__A
00837e60   ti_sysbios_knl_Swi_Module_State_0_readyQ__A
00837ee0   ti_sysbios_knl_Task_Module_State_0_readyQ__A
00837f60   ti_sysbios_timers_timer64_Timer_Module_State_0_gctrl__A
00837fe0   ti_sysbios_timers_timer64_Timer_Module_State_0_handles__A
00838060   ti_sysbios_timers_timer64_Timer_Module_State_0_intFreqs__A
00838160   ti_sysbios_timers_timer64_Timer_Object__table__V
008381b0   ti_sdo_ipc_MessageQ_Module_State_0_transports__A
008381f0   ti_sdo_ipc_family_c647x_Interrupt_Module_State_0_fxnTable__A
00838230   ti_sysbios_gates_GateMutex_Object__table__V
00838270   ti_sysbios_knl_Swi_Object__table__V
008382a0   ti_sdo_ipc_MessageQ_Module_State_0_heaps__A
008382c0   ti_sdo_ipc_Notify_Module_State_0_notifyHandles__A
008382e0   ti_sdo_ipc_transports_TransportShmSetup_Module_State_0_handles__A
00838300   xdc_runtime_System_Module_State_0_atexitHandlers__A
00838320   ti_sysbios_family_c64p_Hwi_Object__table__V
00838340   ti_sysbios_gates_GateMutexPri_Object__table__V
00838360   ti_sysbios_heaps_HeapMem_Object__table__V
00838374   _cleanup_ptr
00838378   _dtors_ptr
0083837c   __TI_enable_exit_profile_output
00838380   ti_sysbios_gates_GateAll_Object__table__V
00838390   ti_sysbios_gates_GateSwi_Object__table__V
008383a0   ti_sysbios_hal_Hwi_Object__table__V
008383b0   ti_sysbios_hal_Timer_Object__table__V
008383c0   ti_sdo_ipc_GateMP_Module_State_0_remoteCustom2Gates__A
008383d0   ti_sdo_ipc_Notify_Module_State_0_notifyHandles_0__A
008383e0   ti_sdo_ipc_Notify_Module_State_0_notifyHandles_1__A
008383f0   ti_sdo_ipc_Notify_Module_State_0_notifyHandles_2__A
00838400   ti_sdo_ipc_Notify_Module_State_0_notifyHandles_3__A
00838410   ti_sdo_ipc_Notify_Module_State_0_notifyHandles_4__A
00838420   ti_sdo_ipc_Notify_Module_State_0_notifyHandles_5__A
00838430   ti_sdo_ipc_Notify_Module_State_0_notifyHandles_6__A
00838440   ti_sdo_ipc_Notify_Module_State_0_notifyHandles_7__A
00838450   ti_sysbios_gates_GateHwi_Object__table__V
00838460   xdc_runtime_GateNull_Object__table__V
00838468   _stack
00839468   __CIOBUF_
00839468   __TI_STACK_END
00839588   Ipc_sr0MemorySetup
0083958c   __TI_STATIC_BASE
0083958c   nbSemaphoresToClean
00839590   broadcastArrayB__multiplyMat__3
00839594   implode_displayMatrix_arrayC__0
00839598   broadcastArrayB__multiplyMat__5
0083959c   generateMatricies__explode_g__0
008395a0   multiplyMatricies_3__implode__0
008395a4   generateMatricies__broadcast__0
008395a8   explode_generateMatricies_ar__6
008395ac   multiplyMatricies_2__implode__0
008395b0   explode_generateMatricies_ar__7
008395b4   broadcastArrayB__multiplyMat__7
008395b8   broadcastArrayB__multiplyMat__1
008395bc   explode_generateMatricies_ar__1
008395c0   explode_generateMatricies_ar__0
008395c4   broadcastArrayB__multiplyMat__0
008395c8   multiplyMatricies_6__implode__0
008395cc   generateMatricies__displayMa__0
008395d0   explode_generateMatricies_ar__3
008395d4   multiplyMatricies_1__implode__0
008395d8   explode_generateMatricies_ar__5
008395dc   multiplyMatricies_0__implode__0
008395e0   multiplyMatricies_7__implode__0
008395e4   multiplyMatricies_5__implode__0
008395e8   broadcastArrayB__multiplyMat__4
008395ec   multiplyMatricies_4__implode__0
008395f0   explode_generateMatricies_ar__4
008395f4   broadcastArrayB__multiplyMat__2
008395f8   broadcastArrayB__multiplyMat__6
008395fc   explode_generateMatricies_ar__2
00839600   arrayBOut_83886080__arrayB__0
00839604   arrayBOut_33554432__arrayB__0
00839608   arrayB__arrayBIn__0
0083960c   output__arrayC_2097152__0
00839610   arrayA_12582912__arrayA__0
00839614   output__arrayC_4194304__0
00839618   arrayA_4194304__arrayA__0
0083961c   startTime__startTime__0
00839620   output__arrayC_6291456__0
00839624   arrayBOut_67108864__arrayB__0
00839628   arrayA_10485760__arrayA__0
0083962c   arrayBOut_117440512__arrayB__0
00839630   output__arrayC_0__0
00839634   output__arrayC_14680064__0
00839638   arrayA_6291456__arrayA__0
0083963c   output__arrayC_8388608__0
00839640   arrayA_8388608__arrayA__0
00839644   output__arrayC__0
00839648   output__arrayC_10485760__0
0083964c   arrayBOut_16777216__arrayB__0
00839650   output__arrayC_12582912__0
00839654   arrayBOut_0__arrayB__0
00839658   arrayA_2097152__arrayA__0
0083965c   arrayBOut_50331648__arrayB__0
00839660   arrayA_14680064__arrayA__0
00839664   arrayA__arrayA__0
00839668   arrayA_0__arrayA__0
0083966c   arrayBOut_100663296__arrayB__0
00839800   ti_sysbios_family_c64p_Hwi0
00839820   ti_sysbios_family_c64p_Hwi1
00839840   ti_sysbios_family_c64p_Hwi2
00839860   ti_sysbios_family_c64p_Hwi3
00839880   ti_sysbios_family_c64p_Hwi4
008398a0   ti_sysbios_family_c64p_Hwi5
008398c0   ti_sysbios_family_c64p_Hwi6
008398e0   ti_sysbios_family_c64p_Hwi7
00839900   ti_sysbios_family_c64p_Hwi8
00839920   ti_sysbios_family_c64p_Hwi9
00839940   ti_sysbios_family_c64p_Hwi10
00839960   ti_sysbios_family_c64p_Hwi11
00839980   ti_sysbios_family_c64p_Hwi12
008399a0   ti_sysbios_family_c64p_Hwi13
008399c0   ti_sysbios_family_c64p_Hwi14
008399e0   ti_sysbios_family_c64p_Hwi15
0083a354   __TI_Handler_Table_Base
0083a360   __TI_Handler_Table_Limit
0083a420   __TI_CINIT_Base
0083a4e0   __TI_CINIT_Limit
0c0ffffc   barrier
80000000   SharedMem
ffffffff   __TI_pprof_out_hndl
ffffffff   __TI_prof_data_size
ffffffff   __TI_prof_data_start
ffffffff   __binit__
ffffffff   __c_args__
ffffffff   binit

[1371 symbols]
